
Starting CP-SAT solver v9.15.6755
Parameters: max_time_in_seconds: 7200 log_search_progress: true num_workers: 4

Initial optimization model '': (model_fingerprint: 0x31b568a84de39ef9)
#Variables: 5'645 (#bools: 125 in objective) (5'644 primary variables)
  - 5'645 Booleans in [0,1]
#kBoolOr: 16'560 (#literals: 60'579)
#kLinearN: 570'043 (#terms: 3'072'013)

Starting presolve at 2.74s
  1.49e-01s  0.00e+00d  [DetectDominanceRelations] 
  3.13e+00s  0.00e+00d  [PresolveToFixPoint] #num_loops=3 #num_dual_strengthening=2 
  5.91e-02s  0.00e+00d  [ExtractEncodingFromLinear] 
  5.95e-02s  0.00e+00d  [DetectDuplicateColumns] 
  3.63e-02s  0.00e+00d  [DetectDuplicateConstraints] #duplicates=37 
[Symmetry] Graph for symmetry has 597'716 nodes and 3'137'751 arcs.
[Symmetry] Symmetry computation done. time: 0.848325 dtime: 0.370228
[SAT presolve] num removable Booleans: 5'473 / 5'598
[SAT presolve] num trivial clauses: 0
[SAT presolve] [0s] clauses:430'459 literals:2'107'455 vars:5'598 one_side_vars:1 simple_definition:47 singleton_clauses:0
[SAT presolve] [4.24022s] clauses:85'119 literals:370'443 vars:5'598 one_side_vars:2 simple_definition:125 singleton_clauses:1
[SAT presolve] [4.24234s] clauses:84'821 literals:369'809 vars:5'423 one_side_vars:2 simple_definition:0 singleton_clauses:1
  7.89e-02s  0.00e+00d  [DetectDuplicateConstraintsWithDifferentEnforcements] 
  2.01e+00s  7.98e-02d  [Probe] #probed=11'194 #fixed_bools=1 #new_binary_clauses=16 
  7.76e-03s  7.41e-06d  [MaxClique] Merged 47 constraints with 94 literals into 39 constraints with 83 literals
  3.47e-01s  0.00e+00d  [DetectDominanceRelations] 
  1.13e+00s  0.00e+00d  [PresolveToFixPoint] #num_loops=1 #num_dual_strengthening=1 
  7.24e-01s  0.00e+00d  [ProcessAtMostOneAndLinear] 
  1.01e-01s  0.00e+00d  [DetectDuplicateConstraints] #duplicates=110 
  2.39e-02s  0.00e+00d  [DetectDuplicateConstraintsWithDifferentEnforcements] 
  1.62e+00s  1.00e-01d  [DetectDominatedLinearConstraints] #relevant_constraints=150'478 #num_inclusions=1'796 #num_redundant=1'796 
  4.49e-02s  0.00e+00d  [DetectDifferentVariables] 
  1.44e+00s  1.00e-01d  [ProcessSetPPC] #relevant_constraints=238'919 #num_inclusions=4'914 
  1.74e-02s  1.87e-03d  [TransformClausesToExactlyOne] #num_amos=39 #num_clauses=85'284 #num_checked=85'284 
  2.41e-02s  0.00e+00d  [DetectEncodedComplexDomains] 
  5.68e-02s  0.00e+00d  [FindAlmostIdenticalLinearConstraints] 
  1.08e-01s  5.53e-03d  [FindBigAtMostOneAndLinearOverlap] 
  3.09e+00s  7.37e-02d  [FindBigVerticalLinearOverlap] #blocks=134 #saved_nz=46'055 
  1.31e-01s  4.63e-03d  [FindBigHorizontalLinearOverlap] #linears=147'210 
  1.06e-01s  1.86e-03d  [MergeClauses] #num_collisions=3'457 #num_merges=3'457 #num_saved_literals=6'965 
  1.46e-01s  0.00e+00d  [DetectDominanceRelations] 
  1.44e+00s  0.00e+00d  [PresolveToFixPoint] #num_loops=2 #num_dual_strengthening=1 
  1.79e-01s  0.00e+00d  [DetectDominanceRelations] 
  6.15e-01s  0.00e+00d  [PresolveToFixPoint] #num_loops=1 #num_dual_strengthening=1 
  4.63e-02s  0.00e+00d  [DetectDuplicateColumns] 
  6.41e-02s  0.00e+00d  [DetectDuplicateConstraints] 
[Symmetry] Graph for symmetry has 242'001 nodes and 1'303'018 arcs.
[Symmetry] Symmetry computation done. time: 0.19923 dtime: 0.112371
[SAT presolve] num removable Booleans: 5'293 / 5'423
[SAT presolve] num trivial clauses: 0
[SAT presolve] [0s] clauses:85'319 literals:372'305 vars:5'423 one_side_vars:7 simple_definition:0 singleton_clauses:0
[SAT presolve] [0.578411s] clauses:85'319 literals:372'213 vars:5'423 one_side_vars:7 simple_definition:0 singleton_clauses:0
[SAT presolve] [0.579348s] clauses:85'319 literals:372'213 vars:5'423 one_side_vars:7 simple_definition:0 singleton_clauses:0
  1.76e-01s  0.00e+00d  [DetectDuplicateConstraintsWithDifferentEnforcements] 
  1.06e+00s  7.44e-02d  [Probe] #probed=11'196 #new_binary_clauses=16 
  6.16e-03s  7.79e-06d  [MaxClique] 
  1.90e-01s  0.00e+00d  [DetectDominanceRelations] 
  1.87e+00s  0.00e+00d  [PresolveToFixPoint] #num_loops=1 #num_dual_strengthening=1 
  6.13e-01s  0.00e+00d  [ProcessAtMostOneAndLinear] #num_changes=21 
  5.78e-02s  0.00e+00d  [DetectDuplicateConstraints] 
  4.74e-02s  0.00e+00d  [DetectDuplicateConstraintsWithDifferentEnforcements] #without_enforcements=20 
  1.13e+00s  1.00e-01d  [DetectDominatedLinearConstraints] #relevant_constraints=148'771 #num_inclusions=365 #num_redundant=332 
  1.08e-01s  0.00e+00d  [DetectDifferentVariables] 
  1.15e+00s  1.00e-01d  [ProcessSetPPC] #relevant_constraints=232'284 
  9.93e-02s  1.87e-03d  [TransformClausesToExactlyOne] #num_amos=40 #num_clauses=85'284 #num_checked=85'284 
  8.82e-02s  0.00e+00d  [DetectEncodedComplexDomains] 
  1.25e-02s  1.74e-06d  [FindAlmostIdenticalLinearConstraints] #num_tested_pairs=116 
  1.36e-01s  4.88e-03d  [FindBigAtMostOneAndLinearOverlap] 
  3.04e+00s  6.68e-02d  [FindBigVerticalLinearOverlap] #blocks=127 #saved_nz=37'792 
  1.44e-01s  4.36e-03d  [FindBigHorizontalLinearOverlap] #linears=143'437 
  1.19e-01s  1.86e-03d  [MergeClauses] #num_collisions=3'459 #num_merges=3'459 #num_saved_literals=6'969 
  2.25e-01s  0.00e+00d  [DetectDominanceRelations] 
  1.52e+00s  0.00e+00d  [PresolveToFixPoint] #num_loops=2 #num_dual_strengthening=1 
  2.66e-01s  0.00e+00d  [DetectDominanceRelations] 
  1.65e+00s  0.00e+00d  [PresolveToFixPoint] #num_loops=1 #num_dual_strengthening=1 
  3.58e-02s  0.00e+00d  [DetectDuplicateColumns] 
  1.09e-01s  0.00e+00d  [DetectDuplicateConstraints] 
[Symmetry] Graph for symmetry has 242'053 nodes and 1'263'560 arcs.
[Symmetry] Symmetry computation done. time: 0.422865 dtime: 0.109286
[SAT presolve] num removable Booleans: 5'293 / 5'424
[SAT presolve] num trivial clauses: 0
[SAT presolve] [0s] clauses:85'320 literals:372'215 vars:5'424 one_side_vars:8 simple_definition:0 singleton_clauses:0
[SAT presolve] [1.52939s] clauses:85'320 literals:372'215 vars:5'424 one_side_vars:8 simple_definition:0 singleton_clauses:0
[SAT presolve] [1.5309s] clauses:85'320 literals:372'215 vars:5'424 one_side_vars:8 simple_definition:0 singleton_clauses:0
  6.78e-02s  0.00e+00d  [DetectDuplicateConstraintsWithDifferentEnforcements] #without_enforcements=20 
  2.11e+00s  7.12e-02d  [Probe] #probed=11'200 #new_binary_clauses=16 
  6.42e-03s  7.86e-06d  [MaxClique] Merged 42 constraints with 89 literals into 41 constraints with 87 literals
  7.87e-02s  0.00e+00d  [DetectDominanceRelations] 
  5.78e-01s  0.00e+00d  [PresolveToFixPoint] #num_loops=1 #num_dual_strengthening=1 
  3.89e-01s  0.00e+00d  [ProcessAtMostOneAndLinear] #num_changes=3 
  1.73e-02s  0.00e+00d  [DetectDuplicateConstraints] 
  6.50e-02s  0.00e+00d  [DetectDuplicateConstraintsWithDifferentEnforcements] #without_enforcements=22 
  3.43e-01s  1.00e-01d  [DetectDominatedLinearConstraints] #relevant_constraints=148'562 #num_inclusions=444 #num_redundant=337 
  1.46e-01s  0.00e+00d  [DetectDifferentVariables] 
  5.96e-01s  1.00e-01d  [ProcessSetPPC] #relevant_constraints=228'430 
  3.98e-02s  1.87e-03d  [TransformClausesToExactlyOne] #num_amos=41 #num_clauses=85'284 #num_checked=85'284 
  1.60e-02s  0.00e+00d  [DetectEncodedComplexDomains] 
  5.51e-03s  8.88e-06d  [FindAlmostIdenticalLinearConstraints] #num_tested_pairs=592 
  2.80e-02s  4.79e-03d  [FindBigAtMostOneAndLinearOverlap] 
  1.15e+00s  6.18e-02d  [FindBigVerticalLinearOverlap] #blocks=124 #saved_nz=33'197 
  9.19e-02s  4.08e-03d  [FindBigHorizontalLinearOverlap] #linears=137'876 
  1.10e-01s  1.86e-03d  [MergeClauses] #num_collisions=3'466 #num_merges=3'466 #num_saved_literals=6'983 
  2.30e-01s  0.00e+00d  [DetectDominanceRelations] 
  1.72e+00s  0.00e+00d  [PresolveToFixPoint] #num_loops=2 #num_dual_strengthening=1 
  6.93e-03s  0.00e+00d  [MergeNoOverlap] 
  4.19e-02s  0.00e+00d  [MergeNoOverlap2D] 
  1.49e-02s  0.00e+00d  [ExpandObjective] #entries=1'533 #tight_variables=761 #tight_constraints=382 

Presolve summary:
  - 0 affine relations were detected.
  - rule 'TODO dual: only one blocking constraint?' was applied 1'181 times.
  - rule 'TODO dual: tighten at most one' was applied 40 times.
  - rule 'at_most_one: transformed into max clique' was applied 2 times.
  - rule 'bool_or: always true' was applied 95 times.
  - rule 'bool_or: implications' was applied 49 times.
  - rule 'deductions: 4 stored' was applied 1 time.
  - rule 'dual: fix variable' was applied 47 times.
  - rule 'dual: make encoding equiv' was applied 11 times.
  - rule 'duplicate: identical constraint with implied enforcements' was applied 1 time.
  - rule 'duplicate: merged rhs of linear constraint' was applied 110 times.
  - rule 'duplicate: removed constraint' was applied 147 times.
  - rule 'linear + amo: extracted enforcement literal' was applied 48 times.
  - rule 'linear inclusion: redundant containing constraint' was applied 2'465 times.
  - rule 'linear matrix: common vertical rectangle' was applied 385 times.
  - rule 'linear1: always true' was applied 1 time.
  - rule 'linear2: convert ax + by != cte to clauses' was applied 2 times.
  - rule 'linear: always true' was applied 19 times.
  - rule 'linear: fixed or dup variables' was applied 7'980 times.
  - rule 'linear: negative clause' was applied 419'455 times.
  - rule 'linear: reduced variable domains' was applied 4 times.
  - rule 'linear: variable substitution 2' was applied 2 times.
  - rule 'linear: variable substitution 3' was applied 1 time.
  - rule 'new_bool: integer encoding' was applied 2 times.
  - rule 'presolve: 48 unused variables removed.' was applied 1 time.
  - rule 'presolve: iteration' was applied 3 times.
  - rule 'setppc: removed dominated constraints' was applied 4'914 times.
  - rule 'variables: add encoding constraint' was applied 2 times.

Presolved optimization model '': (model_fingerprint: 0x9396f92021a871d)
#Variables: 5'806 (#bools: 124 in objective) (5'670 primary variables)
  - 5'424 Booleans in [0,1]
  - 371 in [0,2]
  - 7 in [0,3]
  - 4 in [0,4]
#kAtMostOne: 5 (#literals: 15)
#kBoolAnd: 7 (#enforced: 7) (#literals: 43)
#kBoolAndClauses: 2'377 (#enforced: 2'377 #multi: 2'377) (#literals: 10'626)
#kBoolOr: 79'441 (#literals: 354'534)
#kLinear1: 27 (#enforced: 27 #multi: 23)
#kLinear2: 3
#kLinear3: 649
#kLinearN: 147'697 (#terms: 855'513)
[Symmetry] Graph for symmetry has 241'854 nodes and 1'228'639 arcs.
[Symmetry] Symmetry computation done. time: 0.572253 dtime: 0.108329

Preloading model.
#Bound  53.90s best:-inf  next:[-0,124]   initial_domain
#Model  54.31s var:5806/5806 constraints:230206/230206

Starting search at 54.39s with 4 workers.
3 full problem subsolvers: [core, default_lp, no_lp]
1 first solution subsolver: [fj]
9 interleaved subsolvers: [feasibility_pump, graph_arc_lns, graph_cst_lns, graph_dec_lns, graph_var_lns, ls, rins/rens, rnd_cst_lns, rnd_var_lns]
3 helper subsolvers: [neighborhood_helper, synchronization_agent, update_gap_integral]

#Bound  55.38s best:-inf  next:[-0,123]   no_lp
#Model  55.72s var:5805/5806 constraints:227514/230206
#1      56.10s best:7     next:[8,123]    fj_restart(batch:1 lin{mvs:910 evals:1'623} #w_updates:258 #perturb:0)
#Bound  57.65s best:7     next:[8,42]     default_lp
#Bound  57.94s best:7     next:[8,38]     default_lp
#2      60.80s best:13    next:[14,38]    rnd_cst_lns (d=5.00e-01 s=6 t=0.10 p=0.00 stall=0 h=base)
#Model  73.58s var:5802/5806 constraints:224534/230206
#Model  73.94s var:5801/5806 constraints:221401/230206
#Model  74.50s var:5800/5806 constraints:217951/230206
#Bound  75.90s best:13    next:[14,35]    default_lp
#Bound  76.33s best:13    next:[14,33]    default_lp
#Bound  76.76s best:13    next:[14,30]    default_lp
#Bound  77.45s best:13    next:[14,28]    default_lp
#Bound  77.66s best:13    next:[14,26]    default_lp
#Bound  78.50s best:13    next:[14,24]    default_lp
#Bound  79.00s best:13    next:[14,23]    default_lp
#Bound  79.25s best:13    next:[14,21]    default_lp
#Bound  80.04s best:13    next:[14,20]    default_lp
#3     282.30s best:14    next:[15,20]    no_lp
