
Starting CP-SAT solver v9.15.6755
Parameters: max_time_in_seconds: 3600 log_search_progress: true num_workers: 4

Initial optimization model '': (model_fingerprint: 0x651ffb02e1397a22)
#Variables: 1'131 (#bools: 27 in objective) (1'130 primary variables)
  - 1'131 Booleans in [0,1]
#kBoolOr: 3'312 (#literals: 12'003)
#kLinearN: 1'313 (#terms: 6'864)

Starting presolve at 0.00s
  4.48e-04s  0.00e+00d  [DetectDominanceRelations] 
  8.98e-03s  0.00e+00d  [PresolveToFixPoint] #num_loops=3 #num_dual_strengthening=2 
  1.60e-05s  0.00e+00d  [ExtractEncodingFromLinear] 
  1.04e-04s  0.00e+00d  [DetectDuplicateColumns] 
  1.49e-04s  0.00e+00d  [DetectDuplicateConstraints] #duplicates=37 
[Symmetry] Graph for symmetry has 6'710 nodes and 19'512 arcs.
[Symmetry] Symmetry computation done. time: 0.010357 dtime: 0.00364635
[SAT presolve] num removable Booleans: 1'057 / 1'084
[SAT presolve] num trivial clauses: 0
[SAT presolve] [0s] clauses:4'135 literals:15'975 vars:1'084 one_side_vars:1 simple_definition:47 singleton_clauses:0
[SAT presolve] [0.000874s] clauses:3'396 literals:10'350 vars:1'084 one_side_vars:2 simple_definition:125 singleton_clauses:1
[SAT presolve] [0.001437s] clauses:3'160 literals:9'898 vars:922 one_side_vars:2 simple_definition:0 singleton_clauses:1
  1.75e-04s  0.00e+00d  [DetectDuplicateConstraintsWithDifferentEnforcements] 
  5.20e-02s  1.47e-03d  [Probe] #probed=2'166 #fixed_bools=1 #new_binary_clauses=32 
  1.19e-04s  7.66e-06d  [MaxClique] Merged 47 constraints with 94 literals into 39 constraints with 83 literals
  3.44e-04s  0.00e+00d  [DetectDominanceRelations] 
  6.52e-03s  0.00e+00d  [PresolveToFixPoint] #num_loops=1 #num_dual_strengthening=1 
  6.86e-03s  0.00e+00d  [ProcessAtMostOneAndLinear] 
  1.11e-04s  0.00e+00d  [DetectDuplicateConstraints] #duplicates=1 
  8.50e-05s  0.00e+00d  [DetectDuplicateConstraintsWithDifferentEnforcements] 
  7.07e-04s  3.16e-05d  [DetectDominatedLinearConstraints] #relevant_constraints=304 #num_inclusions=351 #num_redundant=11 
  4.90e-05s  0.00e+00d  [DetectDifferentVariables] 
  7.52e-04s  6.63e-05d  [ProcessSetPPC] #relevant_constraints=3'498 #num_inclusions=51 
  2.51e-04s  5.23e-05d  [TransformClausesToExactlyOne] #num_amos=39 #num_clauses=3'115 #num_checked=3'115 
  3.30e-05s  0.00e+00d  [DetectEncodedComplexDomains] 
  1.80e-05s  0.00e+00d  [FindAlmostIdenticalLinearConstraints] 
  1.29e-04s  8.11e-05d  [FindBigAtMostOneAndLinearOverlap] 
  3.99e-03s  2.05e-04d  [FindBigVerticalLinearOverlap] 
  2.26e-03s  1.00e-05d  [FindBigHorizontalLinearOverlap] #linears=293 
  2.29e-02s  4.91e-05d  [MergeClauses] #num_collisions=856 #num_merges=856 #num_saved_literals=1'769 
  4.12e-04s  0.00e+00d  [DetectDominanceRelations] 
  2.56e-02s  0.00e+00d  [PresolveToFixPoint] #num_loops=1 #num_dual_strengthening=1 
  1.99e-02s  0.00e+00d  [DetectDominanceRelations] 
  4.48e-02s  0.00e+00d  [PresolveToFixPoint] #num_loops=1 #num_dual_strengthening=1 
  1.17e-04s  0.00e+00d  [DetectDuplicateColumns] 
  9.40e-05s  0.00e+00d  [DetectDuplicateConstraints] 
[Symmetry] Graph for symmetry has 4'649 nodes and 11'091 arcs.
[Symmetry] Symmetry computation done. time: 0.017296 dtime: 0.00187849
[SAT presolve] num removable Booleans: 890 / 921
[SAT presolve] num trivial clauses: 0
[SAT presolve] [0s] clauses:3'149 literals:9'883 vars:921 one_side_vars:6 simple_definition:0 singleton_clauses:0
[SAT presolve] [0.000278s] clauses:3'149 literals:9'823 vars:921 one_side_vars:6 simple_definition:0 singleton_clauses:0
[SAT presolve] [0.00041s] clauses:3'149 literals:9'823 vars:921 one_side_vars:6 simple_definition:0 singleton_clauses:0
  1.64e-04s  0.00e+00d  [DetectDuplicateConstraintsWithDifferentEnforcements] 
  5.10e-03s  1.44e-03d  [Probe] #probed=2'166 #new_binary_clauses=32 
  9.40e-05s  7.72e-06d  [MaxClique] 
  3.97e-04s  0.00e+00d  [DetectDominanceRelations] 
  1.63e-03s  0.00e+00d  [PresolveToFixPoint] #num_loops=1 #num_dual_strengthening=1 
  5.68e-04s  0.00e+00d  [ProcessAtMostOneAndLinear] 
  1.25e-04s  0.00e+00d  [DetectDuplicateConstraints] 
  1.15e-04s  0.00e+00d  [DetectDuplicateConstraintsWithDifferentEnforcements] 
  7.84e-04s  3.11e-05d  [DetectDominatedLinearConstraints] #relevant_constraints=293 #num_inclusions=340 
  8.80e-05s  0.00e+00d  [DetectDifferentVariables] 
  6.88e-04s  6.22e-05d  [ProcessSetPPC] #relevant_constraints=3'447 
  3.42e-04s  5.22e-05d  [TransformClausesToExactlyOne] #num_amos=39 #num_clauses=3'115 #num_checked=3'115 
  5.00e-05s  0.00e+00d  [DetectEncodedComplexDomains] 
  2.30e-05s  0.00e+00d  [FindAlmostIdenticalLinearConstraints] 
  1.28e-04s  8.09e-05d  [FindBigAtMostOneAndLinearOverlap] 
  4.30e-04s  2.05e-04d  [FindBigVerticalLinearOverlap] 
  7.70e-05s  1.00e-05d  [FindBigHorizontalLinearOverlap] #linears=293 
  6.54e-04s  4.88e-05d  [MergeClauses] #num_collisions=866 #num_merges=866 #num_saved_literals=1'787 
  4.26e-04s  0.00e+00d  [DetectDominanceRelations] 
  1.66e-03s  0.00e+00d  [PresolveToFixPoint] #num_loops=1 #num_dual_strengthening=1 
  1.80e-05s  0.00e+00d  [MergeNoOverlap] 
  1.90e-05s  0.00e+00d  [MergeNoOverlap2D] 
  5.80e-05s  0.00e+00d  [ExpandObjective] 

Presolve summary:
  - 0 affine relations were detected.
  - rule 'TODO dual: only one blocking constraint?' was applied 47 times.
  - rule 'TODO dual: tighten at most one' was applied 25 times.
  - rule 'at_most_one: transformed into max clique' was applied 1 time.
  - rule 'bool_or: always true' was applied 95 times.
  - rule 'bool_or: implications' was applied 47 times.
  - rule 'dual: fix variable' was applied 47 times.
  - rule 'duplicate: merged rhs of linear constraint' was applied 1 time.
  - rule 'duplicate: removed constraint' was applied 38 times.
  - rule 'linear inclusion: redundant containing constraint' was applied 11 times.
  - rule 'linear: fixed or dup variables' was applied 91 times.
  - rule 'linear: negative clause' was applied 1'008 times.
  - rule 'presolve: 48 unused variables removed.' was applied 1 time.
  - rule 'presolve: iteration' was applied 2 times.
  - rule 'setppc: removed dominated constraints' was applied 51 times.

Presolved optimization model '': (model_fingerprint: 0xb8f6d29d912b1aaf)
#Variables: 921 (#bools: 26 in objective) (921 primary variables)
  - 921 Booleans in [0,1]
#kAtMostOne: 5 (#literals: 15)
#kBoolAnd: 6 (#enforced: 6) (#literals: 40)
#kBoolAndClauses: 495 (#enforced: 495 #multi: 495) (#literals: 2'382)
#kBoolOr: 1'754 (#literals: 5'586)
#kLinearN: 293 (#terms: 2'001)
[Symmetry] Graph for symmetry has 4'429 nodes and 11'013 arcs.
[Symmetry] Symmetry computation done. time: 0.001056 dtime: 0.0019864

Preloading model.
#Bound   0.36s best:-inf  next:[-0,26]    initial_domain
#Model   0.36s var:921/921 constraints:2553/2553

Starting search at 0.36s with 4 workers.
3 full problem subsolvers: [core, default_lp, no_lp]
1 first solution subsolver: [fj]
9 interleaved subsolvers: [feasibility_pump, graph_arc_lns, graph_cst_lns, graph_dec_lns, graph_var_lns, ls, rins/rens, rnd_cst_lns, rnd_var_lns]
3 helper subsolvers: [neighborhood_helper, synchronization_agent, update_gap_integral]

#Bound   0.37s best:-inf  next:[-0,25]    no_lp
#Model   0.37s var:920/921 constraints:2494/2553
#Bound   0.38s best:-inf  next:[-0,24]    no_lp
#1       0.38s best:6     next:[7,24]     fj_restart(batch:1 lin{mvs:68 evals:88} #w_updates:36 #perturb:0)
#Bound   0.38s best:6     next:[7,9]      default_lp
#Model   0.38s var:917/921 constraints:2406/2553
#2       0.38s best:7     next:[8,9]      rnd_var_lns (d=5.00e-01 s=5 t=0.10 p=0.00 stall=0 h=base) [hint]
#3       0.40s best:8     next:[9,9]      no_lp
#Model   0.55s var:911/921 constraints:2017/2553
#Done    0.56s default_lp
#Done    0.56s core

Task timing                   n [     min,      max]      avg      dev     time         n [     min,      max]      avg      dev    dtime
              'core':         1 [203.49ms, 203.49ms] 203.49ms   0.00ns 203.49ms         2 [993.07us, 105.33ms]  53.16ms  52.17ms 106.33ms
        'default_lp':         1 [188.72ms, 188.72ms] 188.72ms   0.00ns 188.72ms         2 [  1.97ms,  51.99ms]  26.98ms  25.01ms  53.97ms
  'feasibility_pump':         1 [  2.76ms,   2.76ms]   2.76ms   0.00ns   2.76ms         0 [  0.00ns,   0.00ns]   0.00ns   0.00ns   0.00ns
                'fj':         1 [  1.31ms,   1.31ms]   1.31ms   0.00ns   1.31ms         1 [189.17us, 189.17us] 189.17us   0.00ns 189.17us
     'graph_arc_lns':         1 [  2.33ms,   2.33ms]   2.33ms   0.00ns   2.33ms         1 [ 10.00ns,  10.00ns]  10.00ns   0.00ns  10.00ns
     'graph_cst_lns':         1 [  2.39ms,   2.39ms]   2.39ms   0.00ns   2.39ms         1 [ 10.00ns,  10.00ns]  10.00ns   0.00ns  10.00ns
     'graph_dec_lns':         1 [  2.79ms,   2.79ms]   2.79ms   0.00ns   2.79ms         1 [ 10.00ns,  10.00ns]  10.00ns   0.00ns  10.00ns
     'graph_var_lns':         1 [  2.04ms,   2.04ms]   2.04ms   0.00ns   2.04ms         1 [ 10.00ns,  10.00ns]  10.00ns   0.00ns  10.00ns
                'ls':         1 [170.03ms, 170.03ms] 170.03ms   0.00ns 170.03ms         1 [ 32.64ms,  32.64ms]  32.64ms   0.00ns  32.64ms
             'no_lp':         1 [203.43ms, 203.43ms] 203.43ms   0.00ns 203.43ms         2 [993.11us,  92.59ms]  46.79ms  45.80ms  93.58ms
         'rins/rens':         0 [  0.00ns,   0.00ns]   0.00ns   0.00ns   0.00ns         0 [  0.00ns,   0.00ns]   0.00ns   0.00ns   0.00ns
       'rnd_cst_lns':         1 [  4.13ms,   4.13ms]   4.13ms   0.00ns   4.13ms         1 [  1.68us,   1.68us]   1.68us   0.00ns   1.68us
       'rnd_var_lns':         1 [  1.44ms,   1.44ms]   1.44ms   0.00ns   1.44ms         1 [ 10.00ns,  10.00ns]  10.00ns   0.00ns  10.00ns

Search stats     Bools  Conflicts  Branches  Restarts  BacktrackToRoot  Backtrack  BoolPropag  IntegerPropag
        'core':    970      1'214    23'893         6            6'572      9'068     348'576         12'758
  'default_lp':    921         84    11'341         1            6'173      7'591      81'962          9'761
       'no_lp':    921      1'056    12'393         5            6'437      8'747     296'688         19'943

SAT formula      Fixed  Equiv  Total  VarLeft  BinaryClauses  PermanentClauses  TemporaryClauses
        'core':      7      0    970      963          1'570             2'898               162
  'default_lp':     31      1    921      889            982             2'454                 7
       'no_lp':     10      0    921      911          1'300             2'790                41

SAT stats        ClassicMinim  LitRemoved  LitRemovedBinary  LitLearned  LitForgotten  Subsumed
        'core':           708       1'820             1'024       7'397             0       415
  'default_lp':            16          39                51         263             0        79
       'no_lp':           850       4'003             1'374       6'037             0       804

Vivification     Clauses  Decisions  LitTrue  Subsumed  LitRemoved  DecisionReused  Conflicts
        'core':    5'555      7'418      104        72         664           4'141          2
  'default_lp':    5'184      7'040       26        34         247           3'862          1
       'no_lp':    5'557      7'378      105        61         633           4'184          2

Clause deletion    at_true  l_and_not(l)  to_binary  sub_conflict  sub_extra  sub_decisions  sub_eager  sub_vivify  sub_probing  sub_inpro  blocked  eliminated  forgotten  promoted  conflicts
          'core':      454             0        294           392          6              3         23          72           44          1        0           0          0       738      1'214
    'default_lp':      257             0        199            79          0              2          0          34          128          5        0           0          0        11         84
         'no_lp':      207             0        159           782          2              9         22          61           44          0        0           0          0       243      1'056

Lp stats         Component  Iterations  AddedCuts  OPTIMAL  DUAL_F.  DUAL_U.
  'default_lp':          1         367         20       28        0        0

Lp dimension     Final dimension of first component
  'default_lp':  204 rows, 26 columns, 1381 entries

Lp debug         CutPropag  CutEqPropag  Adjust  Overflow  Bad  BadScaling
  'default_lp':          0            0      21         0  209           0

Lp pool          Constraints  Updates  Simplif  Merged  Shortened  Split  Strengthened  Cuts/Call
  'default_lp':          316       14      378       0        356      0             0      20/20

Lp Cut          default_lp
  ZERO_HALF_R:          20

LNS stats           Improv/Calls  Closed  Difficulty  TimeLimit
  'graph_arc_lns':           0/1    100%    7.07e-01       0.10
  'graph_cst_lns':           0/1    100%    7.07e-01       0.10
  'graph_dec_lns':           0/1    100%    7.07e-01       0.10
  'graph_var_lns':           0/1    100%    7.07e-01       0.10
      'rins/rens':           0/0      0%    5.00e-01       0.10
    'rnd_cst_lns':           0/1    100%    7.07e-01       0.10
    'rnd_var_lns':           1/1    100%    7.07e-01       0.10

LS stats               Batches  Restarts/Perturbs  LinMoves  GenMoves  CompoundMoves  Bactracks  WeightUpdates  ScoreComputed
        'fj_restart':        1                  1        68         0              0          0             36             88
  'ls_restart_decay':        1                  1    31'296         0              0          0          1'328          2'600

Solutions (3)     Num   Rank
   'fj_restart':    2  [0,1]
        'no_lp':    2  [2,3]
  'rnd_var_lns':    2  [1,2]

Objective bounds     Num
      'default_lp':    1
  'initial_domain':    1
           'no_lp':    2

Solution repositories    Added  Queried  Synchro
    'alternative_path':      1        0        1
      'best_solutions':     10        7        8
   'fj solution hints':      0        0        0
        'lp solutions':      0        0        0
                'pump':      0        0

Improving bounds shared    Num  Sym
                  'core':    1    0
            'default_lp':    1    0
                 'no_lp':    8    0

Clauses shared    #Exported  #Imported  #BinaryRead  #BinaryTotal
         'core':        164          0          505           531
   'default_lp':        173          0          529           531
        'no_lp':        194          0          530           531

LRAT_status: NA
CpSolverResponse summary:
status: OPTIMAL
objective: 8
best_bound: 8
integers: 27
booleans: 921
conflicts: 84
branches: 11341
propagations: 81962
integer_propagations: 9761
restarts: 1
lp_iterations: 367
walltime: 0.602981
usertime: 0.602981
deterministic_time: 0.290608
gap_integral: 0.0135917
solution_fingerprint: 0xec5eb13ef8133cf6

{"n": 3, "sym": true, "workers": 4, "time_limit": 3600.0, "status": "OPTIMAL", "objective": 8.0, "best_bound": 8.0, "wall_seconds": 0.6, "conflicts": 84, "branches": 11341, "hypergraph_sha256": "00fe25b0575fd0ffe39e028752d121d561f1baee0f0a883c4e21628ca8837f68", "ortools_version": "9.15.6755", "sym_aux": 1104}
