
Starting CP-SAT solver v9.15.6755
Parameters: max_time_in_seconds: 3600 log_search_progress: true num_workers: 4

Initial optimization model '': (model_fingerprint: 0xc882f6dc175e6ef4)
#Variables: 27 (#bools: 27 in objective) (26 primary variables)
  - 27 Booleans in [0,1]
#kLinearN: 1'313 (#terms: 6'864)

Starting presolve at 0.01s
  1.85e-04s  0.00e+00d  [DetectDominanceRelations] 
  2.45e-03s  0.00e+00d  [PresolveToFixPoint] #num_loops=2 #num_dual_strengthening=1 
  3.20e-05s  0.00e+00d  [ExtractEncodingFromLinear] 
  9.80e-05s  0.00e+00d  [DetectDuplicateColumns] 
  7.50e-05s  0.00e+00d  [DetectDuplicateConstraints] 
[Symmetry] Graph for symmetry has 1'367 nodes and 6'891 arcs.
[Symmetry] Symmetry computation done. time: 0.004717 dtime: 0.00578785
[Symmetry] #generators: 4, average support size: 19.5
[Symmetry] 3 orbits on 26 variables with sizes: 12,8,6
[Symmetry] Found orbitope of size 9 x 2
[SAT presolve] num removable Booleans: 0 / 27
[SAT presolve] num trivial clauses: 0
[SAT presolve] [0s] clauses:954 literals:4'422 vars:27 one_side_vars:27 simple_definition:0 singleton_clauses:0
[SAT presolve] [0.000156s] clauses:360 literals:1'452 vars:27 one_side_vars:27 simple_definition:0 singleton_clauses:0
[SAT presolve] [0.000167s] clauses:360 literals:1'452 vars:27 one_side_vars:27 simple_definition:0 singleton_clauses:0
  1.72e-04s  0.00e+00d  [DetectDuplicateConstraintsWithDifferentEnforcements] 
  1.27e-03s  2.53e-04d  [Probe] #probed=54 
  8.00e-06s  0.00e+00d  [MaxClique] 
  1.55e-04s  0.00e+00d  [DetectDominanceRelations] 
  8.63e-04s  0.00e+00d  [PresolveToFixPoint] #num_loops=1 #num_dual_strengthening=1 
  2.56e-04s  0.00e+00d  [ProcessAtMostOneAndLinear] 
  3.80e-05s  0.00e+00d  [DetectDuplicateConstraints] 
  1.97e-04s  0.00e+00d  [DetectDuplicateConstraintsWithDifferentEnforcements] 
  1.10e-03s  3.98e-05d  [DetectDominatedLinearConstraints] #relevant_constraints=359 #num_inclusions=418 #num_redundant=12 
  3.30e-05s  0.00e+00d  [DetectDifferentVariables] 
  8.03e-04s  2.00e-05d  [ProcessSetPPC] #relevant_constraints=707 
  6.20e-05s  7.76e-06d  [TransformClausesToExactlyOne] #num_clauses=360 #num_checked=360 
  2.30e-05s  0.00e+00d  [DetectEncodedComplexDomains] 
  1.90e-05s  0.00e+00d  [FindAlmostIdenticalLinearConstraints] 
  1.00e-06s  0.00e+00d  [FindBigAtMostOneAndLinearOverlap] 
  4.27e-04s  1.90e-04d  [FindBigVerticalLinearOverlap] 
  4.90e-05s  1.18e-05d  [FindBigHorizontalLinearOverlap] #linears=347 
  1.73e-04s  7.26e-06d  [MergeClauses] 
  1.72e-04s  0.00e+00d  [DetectDominanceRelations] 
  6.74e-04s  0.00e+00d  [PresolveToFixPoint] #num_loops=1 #num_dual_strengthening=1 
  9.30e-05s  0.00e+00d  [DetectDominanceRelations] 
  5.71e-04s  0.00e+00d  [PresolveToFixPoint] #num_loops=1 #num_dual_strengthening=1 
  4.60e-05s  0.00e+00d  [DetectDuplicateColumns] 
  2.70e-05s  0.00e+00d  [DetectDuplicateConstraints] 
[Symmetry] Graph for symmetry has 761 nodes and 3'837 arcs.
[Symmetry] Symmetry computation done. time: 0.001829 dtime: 0.00308795
[Symmetry] #generators: 4, average support size: 21
[Symmetry] 3 orbits on 26 variables with sizes: 12,8,6
[Symmetry] Found orbitope of size 9 x 2
[SAT presolve] num removable Booleans: 0 / 27
[SAT presolve] num trivial clauses: 0
[SAT presolve] [0s] clauses:360 literals:1'452 vars:27 one_side_vars:27 simple_definition:0 singleton_clauses:0
[SAT presolve] [5.1e-05s] clauses:360 literals:1'452 vars:27 one_side_vars:27 simple_definition:0 singleton_clauses:0
[SAT presolve] [5.9e-05s] clauses:360 literals:1'452 vars:27 one_side_vars:27 simple_definition:0 singleton_clauses:0
  3.20e-05s  0.00e+00d  [DetectDuplicateConstraintsWithDifferentEnforcements] 
  7.17e-04s  2.50e-04d  [Probe] #probed=54 
  5.00e-06s  0.00e+00d  [MaxClique] 
  8.80e-05s  0.00e+00d  [DetectDominanceRelations] 
  5.41e-04s  0.00e+00d  [PresolveToFixPoint] #num_loops=1 #num_dual_strengthening=1 
  1.94e-04s  0.00e+00d  [ProcessAtMostOneAndLinear] 
  2.50e-05s  0.00e+00d  [DetectDuplicateConstraints] 
  2.00e-05s  0.00e+00d  [DetectDuplicateConstraintsWithDifferentEnforcements] 
  8.11e-04s  3.93e-05d  [DetectDominatedLinearConstraints] #relevant_constraints=347 #num_inclusions=406 
  3.10e-05s  0.00e+00d  [DetectDifferentVariables] 
  1.33e-04s  2.00e-05d  [ProcessSetPPC] #relevant_constraints=707 
  3.80e-05s  7.76e-06d  [TransformClausesToExactlyOne] #num_clauses=360 #num_checked=360 
  8.00e-06s  0.00e+00d  [DetectEncodedComplexDomains] 
  4.00e-06s  0.00e+00d  [FindAlmostIdenticalLinearConstraints] 
  0.00e+00s  0.00e+00d  [FindBigAtMostOneAndLinearOverlap] 
  4.00e-04s  1.90e-04d  [FindBigVerticalLinearOverlap] 
  4.90e-05s  1.18e-05d  [FindBigHorizontalLinearOverlap] #linears=347 
  8.20e-05s  7.26e-06d  [MergeClauses] 
  8.70e-05s  0.00e+00d  [DetectDominanceRelations] 
  5.34e-04s  0.00e+00d  [PresolveToFixPoint] #num_loops=1 #num_dual_strengthening=1 
  4.00e-06s  0.00e+00d  [MergeNoOverlap] 
  4.00e-06s  0.00e+00d  [MergeNoOverlap2D] 
  9.00e-06s  0.00e+00d  [ExpandObjective] 

Presolve summary:
  - 0 affine relations were detected.
  - rule 'linear inclusion: redundant containing constraint' was applied 12 times.
  - rule 'linear: negative clause' was applied 954 times.
  - rule 'presolve: 0 unused variables removed.' was applied 1 time.
  - rule 'presolve: iteration' was applied 2 times.

Presolved optimization model '': (model_fingerprint: 0x84e04b8d0443da20)
#Variables: 27 (#bools: 27 in objective) (27 primary variables)
  - 27 Booleans in [0,1]
#kBoolOr: 360 (#literals: 1'452)
#kLinearN: 347 (#terms: 2'358)
[Symmetry] Graph for symmetry has 761 nodes and 3'837 arcs.
[Symmetry] Symmetry computation done. time: 0.026588 dtime: 0.00308795
[Symmetry] #generators: 4, average support size: 21
[Symmetry] 3 orbits on 26 variables with sizes: 12,8,6
[Symmetry] Found orbitope of size 9 x 2

Preloading model.
#Bound   0.06s best:-inf  next:[-0,27]    initial_domain
#Model   0.06s var:27/27 constraints:707/707

Starting search at 0.19s with 4 workers.
3 full problem subsolvers: [core, default_lp, no_lp]
1 first solution subsolver: [fj]
9 interleaved subsolvers: [feasibility_pump, graph_arc_lns, graph_cst_lns, graph_dec_lns, graph_var_lns, ls, rins/rens, rnd_cst_lns, rnd_var_lns]
3 helper subsolvers: [neighborhood_helper, synchronization_agent, update_gap_integral]

#1       0.19s best:6     next:[7,27]     no_lp
#Bound   0.19s best:6     next:[7,26]     bool_core (num_cores=1 [size:4 mw:1 d:2] a=24 d=2 fixed=0/29 clauses=362)
#2       0.19s best:7     next:[8,26]     no_lp
#3       0.19s best:8     next:[9,26]     rnd_var_lns (d=5.00e-01 s=4 t=0.10 p=0.00 stall=0 h=base)
#Bound   0.19s best:8     next:[9,25]     bool_core (num_cores=2 [size:5 mw:1 d:3] a=20 d=3 fixed=0/35 clauses=369)
#Bound   0.19s best:8     next:[9,24]     bool_core (num_cores=3 [size:4 mw:1 d:2] a=17 d=3 fixed=0/41 clauses=376)
#Bound   0.19s best:8     next:[9,23]     bool_core (num_cores=4 [size:4 mw:1 d:2] a=14 d=3 fixed=0/46 clauses=382)
#Bound   0.19s best:8     next:[9,22]     bool_core (num_cores=5 [size:4 mw:1 d:2] a=11 d=3 fixed=0/51 clauses=387)
#Bound   0.19s best:8     next:[9,21]     bool_core (num_cores=6 [size:4 mw:1 d:2] a=8 d=3 fixed=0/56 clauses=393)
#Bound   0.19s best:8     next:[9,20]     bool_core (num_cores=7 [size:2 mw:1 d:4] a=7 d=4 fixed=0/59 clauses=412)
#Bound   0.19s best:8     next:[9,19]     bool_core (num_cores=8 [size:2 mw:1 d:3] a=6 d=4 fixed=0/63 clauses=440)
#Bound   0.20s best:8     next:[9,18]     bool_core (num_cores=9 [size:3 mw:1 d:5] a=4 d=5 fixed=0/67 clauses=497)
#Bound   0.20s best:8     next:[9,17]     bool_core (num_cores=10 [size:2 mw:1 d:3] a=3 d=5 fixed=0/72 clauses=528)
#Bound   0.20s best:8     next:[9,16]     bool_core (num_cores=11 [size:2 mw:1 d:6] a=2 d=6 fixed=0/75 clauses=679)
#Bound   0.20s best:8     next:[9,10]     default_lp
#Model   0.51s var:19/27 constraints:250/707
#Done    0.51s default_lp
#Done    0.55s core

Task timing                   n [     min,      max]      avg      dev     time         n [     min,      max]      avg      dev    dtime
              'core':         1 [363.15ms, 363.15ms] 363.15ms   0.00ns 363.15ms         2 [153.13us, 130.50ms]  65.32ms  65.17ms 130.65ms
        'default_lp':         1 [326.92ms, 326.92ms] 326.92ms   0.00ns 326.92ms         2 [966.99us,  46.90ms]  23.93ms  22.97ms  47.87ms
  'feasibility_pump':         1 [  4.76ms,   4.76ms]   4.76ms   0.00ns   4.76ms         0 [  0.00ns,   0.00ns]   0.00ns   0.00ns   0.00ns
                'fj':         0 [  0.00ns,   0.00ns]   0.00ns   0.00ns   0.00ns         0 [  0.00ns,   0.00ns]   0.00ns   0.00ns   0.00ns
     'graph_arc_lns':         1 [  2.17ms,   2.17ms]   2.17ms   0.00ns   2.17ms         1 [ 19.62us,  19.62us]  19.62us   0.00ns  19.62us
     'graph_cst_lns':         1 [  2.90ms,   2.90ms]   2.90ms   0.00ns   2.90ms         1 [651.32us, 651.32us] 651.32us   0.00ns 651.32us
     'graph_dec_lns':         1 [  1.84ms,   1.84ms]   1.84ms   0.00ns   1.84ms         1 [ 71.46us,  71.46us]  71.46us   0.00ns  71.46us
     'graph_var_lns':         1 [  2.48ms,   2.48ms]   2.48ms   0.00ns   2.48ms         1 [ 66.41us,  66.41us]  66.41us   0.00ns  66.41us
                'ls':         1 [225.93ms, 225.93ms] 225.93ms   0.00ns 225.93ms         1 [ 34.77ms,  34.77ms]  34.77ms   0.00ns  34.77ms
             'no_lp':         1 [359.30ms, 359.30ms] 359.30ms   0.00ns 359.30ms         2 [153.17us,  68.65ms]  34.40ms  34.25ms  68.80ms
         'rins/rens':         0 [  0.00ns,   0.00ns]   0.00ns   0.00ns   0.00ns         0 [  0.00ns,   0.00ns]   0.00ns   0.00ns   0.00ns
       'rnd_cst_lns':         1 [  1.50ms,   1.50ms]   1.50ms   0.00ns   1.50ms         1 [ 26.36us,  26.36us]  26.36us   0.00ns  26.36us
       'rnd_var_lns':         1 [  2.28ms,   2.28ms]   2.28ms   0.00ns   2.28ms         1 [342.20us, 342.20us] 342.20us   0.00ns 342.20us

Search stats     Bools  Conflicts  Branches  Restarts  BacktrackToRoot  Backtrack  BoolPropag  IntegerPropag
        'core':     96      3'758    17'728        41            2'632      8'259     178'394         27'250
  'default_lp':     27         58       495         1              154        297         318            822
       'no_lp':     27      3'892    12'600         6              526      5'296      28'707         49'172

SAT formula      Fixed  Equiv  Total  VarLeft  BinaryClauses  PermanentClauses  TemporaryClauses
        'core':      7      0     96       89            254             1'056               148
  'default_lp':      9      0     27       18              2                77                 0
       'no_lp':      0      0     27       27             12               800               344

SAT stats        ClassicMinim  LitRemoved  LitRemovedBinary  LitLearned  LitForgotten  Subsumed
        'core':         2'587       7'078             2'880      24'436             0     1'509
  'default_lp':            25          35                10         305             0        30
       'no_lp':         3'093      26'253             1'960      42'997             0     2'423

Vivification     Clauses  Decisions  LitTrue  Subsumed  LitRemoved  DecisionReused  Conflicts
        'core':    4'247     12'929        0       279       1'776           3'257         29
  'default_lp':      156        337        0         0           0             131          0
       'no_lp':    1'363      9'610        0       230       4'301           2'181        159

Clause deletion    at_true  l_and_not(l)  to_binary  sub_conflict  sub_extra  sub_decisions  sub_eager  sub_vivify  sub_probing  sub_inpro  blocked  eliminated  forgotten  promoted  conflicts
          'core':      807             0          9         1'415         20              7         94         279           76        195        0           0          0     3'580      3'758
    'default_lp':      291             7          1            27          2              7          3           0            1          1        0           0          0        60         58
         'no_lp':        0             0          0         2'381        105              7         42         230           41        277        0           0          0     2'898      3'892

Lp stats         Component  Iterations  AddedCuts  OPTIMAL  DUAL_F.  DUAL_U.
  'default_lp':          1       1'511          5      129        0        0

Lp dimension     Final dimension of first component
  'default_lp':  349 rows, 27 columns, 2408 entries

Lp debug         CutPropag  CutEqPropag  Adjust  Overflow  Bad  BadScaling
  'default_lp':          0            0     109         0   76           0

Lp pool          Constraints  Updates  Simplif  Merged  Shortened  Split  Strengthened  Cuts/Call
  'default_lp':          352        0        0       0          0      0             0        5/5

Lp Cut          default_lp
  ZERO_HALF_R:           5

LNS stats           Improv/Calls  Closed  Difficulty  TimeLimit
  'graph_arc_lns':           0/1    100%    7.07e-01       0.10
  'graph_cst_lns':           0/1    100%    7.07e-01       0.10
  'graph_dec_lns':           0/1    100%    7.07e-01       0.10
  'graph_var_lns':           0/1    100%    7.07e-01       0.10
      'rins/rens':           0/0      0%    5.00e-01       0.10
    'rnd_cst_lns':           0/1    100%    7.07e-01       0.10
    'rnd_var_lns':           1/1    100%    7.07e-01       0.10

LS stats               Batches  Restarts/Perturbs  LinMoves  GenMoves  CompoundMoves  Bactracks  WeightUpdates  ScoreComputed
  'ls_restart_decay':        1                  1     6'188         0              0          0          3'105            200

Solutions (3)     Num   Rank
        'no_lp':    4  [0,2]
  'rnd_var_lns':    2  [2,3]

Objective bounds     Num
       'bool_core':   11
      'default_lp':    1
  'initial_domain':    1

Solution repositories    Added  Queried  Synchro
    'alternative_path':      1        0        1
      'best_solutions':      3        7        3
   'fj solution hints':      0        0        0
        'lp solutions':      0        0        0
                'pump':      0        0

Improving bounds shared    Num  Sym
                  'core':    1    0
            'default_lp':    1    5

Clauses shared    #Exported  #Imported  #BinaryRead  #BinaryTotal
         'core':          0          0            6             8
   'default_lp':          2          0            8             8
        'no_lp':          6          0            5             8

LRAT_status: NA
CpSolverResponse summary:
status: OPTIMAL
objective: 8
best_bound: 8
integers: 28
booleans: 27
conflicts: 58
branches: 495
propagations: 318
integer_propagations: 822
restarts: 1
lp_iterations: 1511
walltime: 0.566614
usertime: 0.566614
deterministic_time: 0.284325
gap_integral: 0.0379478
solution_fingerprint: 0x3b9f3fa3aca1b037

{"n": 3, "sym": false, "workers": 4, "time_limit": 3600.0, "status": "OPTIMAL", "objective": 8.0, "best_bound": 8.0, "wall_seconds": 0.6, "conflicts": 58, "branches": 495, "hypergraph_sha256": "00fe25b0575fd0ffe39e028752d121d561f1baee0f0a883c4e21628ca8837f68", "ortools_version": "9.15.6755", "sym_aux": 0}
