
Starting CP-SAT solver v9.15.6755
Parameters: max_time_in_seconds: 3600 log_search_progress: true num_workers: 4

Initial optimization model '': (model_fingerprint: 0x20ea52fe7f0d8081)
#Variables: 2'944 (#bools: 64 in objective) (2'944 primary variables)
  - 2'944 Booleans in [0,1]
#kBoolOr: 8'640 (#literals: 31'539)
#kLinearN: 37'659 (#terms: 203'376)

Starting presolve at 0.02s
  3.18e-03s  0.00e+00d  [DetectDominanceRelations] 
  6.49e-02s  0.00e+00d  [PresolveToFixPoint] #num_loops=3 #num_dual_strengthening=2 
  2.91e-04s  0.00e+00d  [ExtractEncodingFromLinear] 
  1.74e-03s  0.00e+00d  [DetectDuplicateColumns] 
  2.03e-03s  0.00e+00d  [DetectDuplicateConstraints] #duplicates=37 
[Symmetry] Graph for symmetry has 52'010 nodes and 237'373 arcs.
[Symmetry] Symmetry computation done. time: 0.011647 dtime: 0.0296015
[SAT presolve] num removable Booleans: 2'833 / 2'897
[SAT presolve] num trivial clauses: 0
[SAT presolve] [0s] clauses:34'193 literals:155'833 vars:2'897 one_side_vars:0 simple_definition:47 singleton_clauses:0
[SAT presolve] [0.008776s] clauses:13'968 literals:49'365 vars:2'897 one_side_vars:1 simple_definition:125 singleton_clauses:1
[SAT presolve] [0.009303s] clauses:13'668 literals:48'913 vars:2'684 one_side_vars:1 simple_definition:0 singleton_clauses:1
  9.68e-04s  0.00e+00d  [DetectDuplicateConstraintsWithDifferentEnforcements] 
  1.79e-02s  8.90e-03d  [Probe] #probed=5'792 #fixed_bools=1 #new_binary_clauses=16 
  4.13e-04s  7.42e-06d  [MaxClique] Merged 47 constraints with 94 literals into 39 constraints with 83 literals
  2.13e-03s  0.00e+00d  [DetectDominanceRelations] 
  1.31e-02s  0.00e+00d  [PresolveToFixPoint] #num_loops=1 #num_dual_strengthening=1 
  4.32e-03s  0.00e+00d  [ProcessAtMostOneAndLinear] 
  8.21e-04s  0.00e+00d  [DetectDuplicateConstraints] #duplicates=10 
  1.01e-03s  0.00e+00d  [DetectDuplicateConstraintsWithDifferentEnforcements] 
  4.90e-02s  7.77e-03d  [DetectDominatedLinearConstraints] #relevant_constraints=11'071 #num_inclusions=12'733 #num_redundant=398 
  8.60e-04s  0.00e+00d  [DetectDifferentVariables] 
  4.72e-03s  1.99e-03d  [ProcessSetPPC] #relevant_constraints=25'226 #num_inclusions=825 
  7.52e-04s  2.48e-04d  [TransformClausesToExactlyOne] #num_amos=39 #num_clauses=13'689 #num_checked=13'689 
  3.39e-04s  0.00e+00d  [DetectEncodedComplexDomains] 
  2.15e-04s  0.00e+00d  [FindAlmostIdenticalLinearConstraints] 
  9.07e-04s  8.48e-04d  [FindBigAtMostOneAndLinearOverlap] 
  2.35e-02s  5.37e-03d  [FindBigVerticalLinearOverlap] #blocks=63 #saved_nz=6'015 
  1.80e-03s  3.13e-04d  [FindBigHorizontalLinearOverlap] #linears=10'296 
  2.55e-03s  2.46e-04d  [MergeClauses] #num_collisions=1'684 #num_merges=1'684 #num_saved_literals=3'436 
  4.39e-03s  0.00e+00d  [DetectDominanceRelations] 
  2.03e-02s  0.00e+00d  [PresolveToFixPoint] #num_loops=2 #num_dual_strengthening=1 
  2.55e-03s  0.00e+00d  [DetectDominanceRelations] 
  1.28e-02s  0.00e+00d  [PresolveToFixPoint] #num_loops=1 #num_dual_strengthening=1 
  7.27e-04s  0.00e+00d  [DetectDuplicateColumns] 
  6.40e-04s  0.00e+00d  [DetectDuplicateConstraints] 
[Symmetry] Graph for symmetry has 28'539 nodes and 112'830 arcs.
[Symmetry] Symmetry computation done. time: 0.004586 dtime: 0.0116027
[SAT presolve] num removable Booleans: 2'615 / 2'683
[SAT presolve] num trivial clauses: 0
[SAT presolve] [0s] clauses:13'723 literals:49'228 vars:2'683 one_side_vars:5 simple_definition:0 singleton_clauses:0
[SAT presolve] [0.00266s] clauses:13'667 literals:48'836 vars:2'683 one_side_vars:5 simple_definition:0 singleton_clauses:0
[SAT presolve] [0.002946s] clauses:13'667 literals:48'836 vars:2'683 one_side_vars:5 simple_definition:0 singleton_clauses:0
  1.12e-03s  0.00e+00d  [DetectDuplicateConstraintsWithDifferentEnforcements] 
  1.94e-02s  8.10e-03d  [Probe] #probed=5'792 #new_binary_clauses=16 
  3.95e-04s  7.48e-06d  [MaxClique] 
  3.27e-03s  0.00e+00d  [DetectDominanceRelations] 
  1.59e-02s  0.00e+00d  [PresolveToFixPoint] #num_loops=1 #num_dual_strengthening=1 
  5.05e-03s  0.00e+00d  [ProcessAtMostOneAndLinear] 
  5.87e-03s  0.00e+00d  [DetectDuplicateConstraints] 
  1.10e-03s  0.00e+00d  [DetectDuplicateConstraintsWithDifferentEnforcements] 
  6.34e-03s  4.36e-03d  [DetectDominatedLinearConstraints] #relevant_constraints=10'736 #num_inclusions=796 
  7.83e-04s  0.00e+00d  [DetectDifferentVariables] 
  4.42e-03s  1.73e-03d  [ProcessSetPPC] #relevant_constraints=23'957 
  9.69e-04s  2.46e-04d  [TransformClausesToExactlyOne] #num_amos=39 #num_clauses=13'633 #num_checked=13'633 
  4.86e-04s  0.00e+00d  [DetectEncodedComplexDomains] 
  3.83e-04s  8.70e-07d  [FindAlmostIdenticalLinearConstraints] #num_tested_pairs=58 
  9.62e-04s  7.03e-04d  [FindBigAtMostOneAndLinearOverlap] 
  1.03e-02s  4.54e-03d  [FindBigVerticalLinearOverlap] #blocks=62 #saved_nz=4'221 
  1.28e-03s  2.74e-04d  [FindBigHorizontalLinearOverlap] #linears=9'451 
  2.64e-03s  2.44e-04d  [MergeClauses] #num_collisions=1'725 #num_merges=1'725 #num_saved_literals=3'501 
  3.37e-03s  0.00e+00d  [DetectDominanceRelations] 
  1.81e-02s  0.00e+00d  [PresolveToFixPoint] #num_loops=2 #num_dual_strengthening=1 
  2.90e-03s  0.00e+00d  [DetectDominanceRelations] 
  1.60e-02s  0.00e+00d  [PresolveToFixPoint] #num_loops=1 #num_dual_strengthening=1 
  8.96e-04s  0.00e+00d  [DetectDuplicateColumns] 
  1.17e-03s  0.00e+00d  [DetectDuplicateConstraints] 
[Symmetry] Graph for symmetry has 28'628 nodes and 108'214 arcs.
[Symmetry] Symmetry computation done. time: 0.005041 dtime: 0.0113757
[SAT presolve] num removable Booleans: 2'615 / 2'683
[SAT presolve] num trivial clauses: 0
[SAT presolve] [0s] clauses:13'667 literals:48'836 vars:2'683 one_side_vars:5 simple_definition:0 singleton_clauses:0
[SAT presolve] [0.002775s] clauses:13'667 literals:48'836 vars:2'683 one_side_vars:5 simple_definition:0 singleton_clauses:0
[SAT presolve] [0.003075s] clauses:13'667 literals:48'836 vars:2'683 one_side_vars:5 simple_definition:0 singleton_clauses:0
  3.88e-03s  0.00e+00d  [DetectDuplicateConstraintsWithDifferentEnforcements] 
  2.39e-02s  7.80e-03d  [Probe] #probed=5'792 #new_binary_clauses=16 
  4.34e-04s  7.48e-06d  [MaxClique] 
  2.66e-03s  0.00e+00d  [DetectDominanceRelations] 
  1.13e-02s  0.00e+00d  [PresolveToFixPoint] #num_loops=1 #num_dual_strengthening=1 
  1.54e-02s  0.00e+00d  [ProcessAtMostOneAndLinear] 
  1.11e-03s  0.00e+00d  [DetectDuplicateConstraints] 
  1.09e-03s  0.00e+00d  [DetectDuplicateConstraintsWithDifferentEnforcements] 
  4.85e-03s  2.75e-03d  [DetectDominatedLinearConstraints] #relevant_constraints=10'798 #num_inclusions=501 
  1.99e-03s  0.00e+00d  [DetectDifferentVariables] 
  4.01e-03s  1.68e-03d  [ProcessSetPPC] #relevant_constraints=23'003 
  1.44e-03s  2.46e-04d  [TransformClausesToExactlyOne] #num_amos=39 #num_clauses=13'633 #num_checked=13'633 
  5.81e-04s  0.00e+00d  [DetectEncodedComplexDomains] 
  3.89e-04s  4.20e-06d  [FindAlmostIdenticalLinearConstraints] #num_tested_pairs=280 
  9.66e-04s  5.88e-04d  [FindBigAtMostOneAndLinearOverlap] 
  1.27e-02s  4.03e-03d  [FindBigVerticalLinearOverlap] #blocks=61 #saved_nz=3'182 
  1.34e-03s  2.36e-04d  [FindBigHorizontalLinearOverlap] #linears=8'392 
  5.37e-03s  2.44e-04d  [MergeClauses] #num_collisions=1'725 #num_merges=1'725 #num_saved_literals=3'501 
  2.90e-03s  0.00e+00d  [DetectDominanceRelations] 
  1.60e-02s  0.00e+00d  [PresolveToFixPoint] #num_loops=2 #num_dual_strengthening=1 
  4.10e-04s  0.00e+00d  [MergeNoOverlap] 
  4.03e-04s  0.00e+00d  [MergeNoOverlap2D] 
  5.89e-04s  0.00e+00d  [ExpandObjective] #entries=744 #tight_variables=372 #tight_constraints=186 

Presolve summary:
  - 0 affine relations were detected.
  - rule 'TODO dual: only one blocking constraint?' was applied 609 times.
  - rule 'TODO dual: tighten at most one' was applied 40 times.
  - rule 'at_most_one: transformed into max clique' was applied 1 time.
  - rule 'bool_or: always true' was applied 95 times.
  - rule 'bool_or: implications' was applied 47 times.
  - rule 'dual: fix variable' was applied 47 times.
  - rule 'duplicate: merged rhs of linear constraint' was applied 10 times.
  - rule 'duplicate: removed constraint' was applied 47 times.
  - rule 'linear inclusion: redundant containing constraint' was applied 398 times.
  - rule 'linear matrix: common vertical rectangle' was applied 186 times.
  - rule 'linear: fixed or dup variables' was applied 1'265 times.
  - rule 'linear: negative clause' was applied 26'578 times.
  - rule 'presolve: 48 unused variables removed.' was applied 1 time.
  - rule 'presolve: iteration' was applied 3 times.
  - rule 'setppc: removed dominated constraints' was applied 825 times.

Presolved optimization model '': (model_fingerprint: 0xe5102bbab517a9c8)
#Variables: 2'869 (#bools: 63 in objective) (2'807 primary variables)
  - 2'683 Booleans in [0,1]
  - 186 in [0,2]
#kAtMostOne: 5 (#literals: 15)
#kBoolAnd: 6 (#enforced: 6) (#literals: 40)
#kBoolAndClauses: 1'453 (#enforced: 1'453 #multi: 1'453) (#literals: 6'113)
#kBoolOr: 10'455 (#literals: 39'154)
#kLinear3: 289
#kLinearN: 10'570 (#terms: 55'967)
[Symmetry] Graph for symmetry has 28'550 nodes and 105'093 arcs.
[Symmetry] Symmetry computation done. time: 0.004234 dtime: 0.0113335

Preloading model.
#Bound   0.58s best:-inf  next:[-0,63]    initial_domain
#Model   0.58s var:2869/2869 constraints:22778/22778

Starting search at 0.58s with 4 workers.
3 full problem subsolvers: [core, default_lp, no_lp]
1 first solution subsolver: [fj]
9 interleaved subsolvers: [feasibility_pump, graph_arc_lns, graph_cst_lns, graph_dec_lns, graph_var_lns, ls, rins/rens, rnd_cst_lns, rnd_var_lns]
3 helper subsolvers: [neighborhood_helper, synchronization_agent, update_gap_integral]

#Bound   0.60s best:-inf  next:[-0,62]    no_lp
#1       0.60s best:5     next:[6,62]     fj_restart(batch:1 lin{mvs:220 evals:458} #w_updates:46 #perturb:0)
#Model   0.61s var:2868/2869 constraints:22378/22778
#Bound   0.66s best:5     next:[6,61]     no_lp
#2       0.66s best:9     next:[10,61]    rnd_cst_lns (d=5.00e-01 s=6 t=0.10 p=0.00 stall=0 h=base)
#Model   0.67s var:2865/2869 constraints:21914/22778
#Bound   0.70s best:9     next:[10,18]    default_lp
#Bound   0.71s best:9     next:[10,14]    default_lp
#Model   0.76s var:2864/2869 constraints:21350/22778
#3       2.01s best:10    next:[11,14]    no_lp
#Model   2.08s var:2863/2869 constraints:20814/22778
#Bound   2.13s best:10    next:[11,13]    default_lp
#Model   7.06s var:2860/2869 constraints:20261/22778
#4       9.33s best:11    next:[12,13]    default_lp
#Model  19.55s var:2858/2869 constraints:19621/22778
#Model  26.48s var:2856/2869 constraints:18969/22778
#Model  37.70s var:2847/2869 constraints:17691/22778
#Model  77.33s var:2845/2869 constraints:17127/22778
#Model  87.51s var:2835/2869 constraints:16510/22778
#Model  93.19s var:2827/2869 constraints:16493/22778
#Model  95.13s var:2826/2869 constraints:15873/22778
#Model 104.03s var:2824/2869 constraints:15218/22778
#Bound 106.49s best:11    next:[12,12]    default_lp
#Model 106.72s var:2722/2869 constraints:12769/22778
#Model 108.27s var:2665/2869 constraints:11482/22778 compo:2658,1,1,1,1,1,1,1
#Model 108.59s var:2614/2869 constraints:10834/22778 compo:2591,6,5,2,1,1,1,1,1,1,...
#Model 108.72s var:2434/2869 constraints:5996/22778 compo:2379,6,5,2,2,2,2,2,2,2,...
#Model 108.73s var:2418/2869 constraints:5703/22778 compo:2363,6,5,2,2,2,2,2,2,2,...
#Model 108.74s var:2415/2869 constraints:5419/22778 compo:2360,6,5,2,2,2,2,2,2,2,...
#Model 108.76s var:2411/2869 constraints:5127/22778 compo:2356,6,5,2,2,2,2,2,2,2,...
#Model 108.78s var:2402/2869 constraints:4864/22778 compo:2341,6,5,3,2,2,2,2,2,2,...
#Model 108.78s var:2375/2869 constraints:4604/22778 compo:2299,6,5,3,3,3,3,2,2,2,...
#Model 108.79s var:2344/2869 constraints:4131/22778 compo:2257,6,5,3,3,3,3,3,3,2,...
#Model 108.80s var:2273/2869 constraints:3529/22778 compo:2158,9,8,6,6,5,3,3,3,3,...
#Model 108.82s var:2266/2869 constraints:3413/22778 compo:2151,9,8,6,6,5,3,3,3,3,...
#Model 108.84s var:2190/2869 constraints:2962/22778 compo:2061,9,8,6,6,6,5,3,3,3,...
#Model 108.84s var:2123/2869 constraints:2677/22778 compo:1986,9,8,6,6,6,5,5,3,3,...
#Done  108.85s no_lp

Task timing                   n [     min,      max]      avg      dev     time         n [     min,      max]      avg      dev    dtime
              'core':         1 [   1.80m,    1.80m]    1.80m   0.00ns    1.80m         2 [  4.87ms,    1.15m]   34.40s   34.40s    1.15m
        'default_lp':         1 [   1.80m,    1.80m]    1.80m   0.00ns    1.80m         2 [ 60.31ms,   42.52s]   21.29s   21.23s   42.58s
  'feasibility_pump':        31 [ 13.10ms, 941.72ms] 361.54ms 202.23ms   11.21s        30 [255.48ms, 641.62ms] 388.61ms  90.92ms   11.66s
                'fj':         1 [  4.71ms,   4.71ms]   4.71ms   0.00ns   4.71ms         1 [  1.67ms,   1.67ms]   1.67ms   0.00ns   1.67ms
     'graph_arc_lns':        27 [ 21.99ms,    1.47s] 414.39ms 388.52ms   11.19s        27 [ 10.00ns, 100.42ms]  36.18ms  42.94ms 976.84ms
     'graph_cst_lns':        32 [  4.51ms,    3.56s] 435.10ms 621.93ms   13.92s        30 [ 10.00ns, 100.52ms]  35.53ms  43.96ms    1.07s
     'graph_dec_lns':        56 [  2.69ms,    1.28s] 193.26ms 273.08ms   10.82s        29 [ 10.00ns, 100.46ms]  46.13ms  44.15ms    1.34s
     'graph_var_lns':        32 [  4.19ms,    1.31s] 364.83ms 278.85ms   11.67s        29 [ 10.00ns, 100.34ms]  42.93ms  44.83ms    1.24s
                'ls':        66 [ 51.62ms, 503.80ms] 164.83ms  91.49ms   10.88s        66 [100.00ms, 100.32ms] 100.05ms  67.89us    6.60s
             'no_lp':         1 [   1.80m,    1.80m]    1.80m   0.00ns    1.80m         2 [  4.87ms,   50.29s]   25.15s   25.14s   50.29s
         'rins/rens':        61 [  3.56ms,    1.16s] 187.40ms 220.35ms   11.43s        57 [ 10.00ns, 102.11ms]  49.82ms  44.11ms    2.84s
       'rnd_cst_lns':        26 [ 35.93ms,    6.52s] 590.24ms    1.21s   15.35s        26 [ 10.00ns, 100.48ms]  37.77ms  42.74ms 982.07ms
       'rnd_var_lns':        36 [  4.73ms,    1.96s] 303.20ms 339.75ms   10.92s        36 [ 10.00ns, 100.45ms]  43.61ms  47.70ms    1.57s

Search stats     Bools  Conflicts  Branches  Restarts  BacktrackToRoot  Backtrack   BoolPropag  IntegerPropag
        'core':  2'903    369'660   591'555     1'285           38'857    422'578  136'473'132     15'999'166
  'default_lp':  2'683     13'889   461'556        95          154'076    245'003   10'071'445      6'588'275
       'no_lp':  2'683    302'674   529'877       104           49'760    366'942  140'579'227     18'243'037

SAT formula      Fixed  Equiv  Total  VarLeft  BinaryClauses  PermanentClauses  TemporaryClauses
        'core':    486      7  2'903    2'410          4'406             4'742                87
  'default_lp':    256      7  2'683    2'420          3'610             9'018               332
       'no_lp':  1'130      7  2'683    1'546          6'612            10'523             1'568

SAT stats        ClassicMinim  LitRemoved  LitRemovedBinary  LitLearned  LitForgotten  Subsumed
        'core':       332'558   2'964'955           454'328   3'911'898     1'341'544   158'374
  'default_lp':        10'493      62'568            12'122     146'250         4'036     8'223
       'no_lp':       276'356   5'809'373           306'779   5'702'613     2'809'014   161'658

Vivification     Clauses  Decisions  LitTrue  Subsumed  LitRemoved  DecisionReused  Conflicts
        'core':   34'508     92'543      782     2'020      19'962          26'635        454
  'default_lp':  206'008    388'547      529     5'393      29'078         162'646        134
       'no_lp':   33'021    196'434      801     2'639      94'200          32'728      1'730

Clause deletion    at_true  l_and_not(l)  to_binary  sub_conflict  sub_extra  sub_decisions  sub_eager  sub_vivify  sub_probing  sub_inpro  blocked  eliminated  forgotten  promoted  conflicts
          'core':   64'071            22      2'851       150'415        601             56      7'959       2'020          604     58'630        0           0     97'289   680'379    369'660
    'default_lp':    5'017             0        836         7'999         57            763        224       5'393        1'776      1'692        0           0        281    25'358     13'889
         'no_lp':   42'698             4      1'355       159'865        920            772      1'793       2'639        4'302     11'023        0           0     79'377   447'011    302'674

Lp stats         Component  Iterations  AddedCuts  OPTIMAL  DUAL_F.  DUAL_U.
  'default_lp':          1     537'422      3'773   31'383        0        0

Lp dimension      Final dimension of first component
  'default_lp':  493 rows, 249 columns, 5329 entries

Lp debug         CutPropag  CutEqPropag  Adjust  Overflow      Bad  BadScaling
  'default_lp':          0            0  30'345         0  275'045           0

Lp pool          Constraints  Updates  Simplif  Merged  Shortened  Split  Strengthened     Cuts/Call
  'default_lp':       14'635    1'252   86'150       0     48'719  2'699             1  3'773/13'157

Lp Cut            default_lp
           CG_R:           1
          CG_RB:           1
             IB:          17
   ZERO_HALF_FF:          26
    ZERO_HALF_K:           1
    ZERO_HALF_R:       3'726
  ZERO_HALF_RBP:           1

LNS stats           Improv/Calls  Closed  Difficulty  TimeLimit
  'graph_arc_lns':          0/27     70%    9.87e-01       0.10
  'graph_cst_lns':          0/30     70%    9.87e-01       0.10
  'graph_dec_lns':          0/29     62%    9.72e-01       0.10
  'graph_var_lns':          0/31     68%    9.82e-01       0.10
      'rins/rens':          1/58     62%    9.93e-01       0.10
    'rnd_cst_lns':          2/26     69%    9.85e-01       0.10
    'rnd_var_lns':          0/36     61%    9.74e-01       0.10

LS stats                                Batches  Restarts/Perturbs  LinMoves  GenMoves  CompoundMoves  Bactracks  WeightUpdates  ScoreComputed
                         'fj_restart':        1                  1       220         0              0          0             46            548
                         'ls_restart':        7                  5    43'659         0              0          0         12'825        436'174
                'ls_restart_compound':       11                  9         0    28'234            550     13'824             44        274'784
        'ls_restart_compound_perturb':       11                  4         0    27'997          1'088     13'429             45        280'493
                   'ls_restart_decay':        3                  3    28'230         0              0          0          1'196        121'113
          'ls_restart_decay_compound':        3                  3         0     6'168            221      2'946             12         63'716
  'ls_restart_decay_compound_perturb':        6                  5         0    13'740            245      6'732             27        138'970
           'ls_restart_decay_perturb':        7                  6    65'098         0              0          0          2'260        311'659
                 'ls_restart_perturb':       18                 13   103'245         0              0          0         38'355        944'136

Solutions (4)     Num   Rank
   'default_lp':    2  [3,4]
   'fj_restart':    2  [0,1]
        'no_lp':    2  [2,3]
  'rnd_cst_lns':    2  [1,2]

Objective bounds     Num
      'default_lp':    4
  'initial_domain':    1
           'no_lp':    2

Solution repositories    Added  Queried  Synchro
    'alternative_path':     47       88       47
      'best_solutions':    228      276      217
   'fj solution hints':      0        0        0
        'lp solutions':      0        0        0
                'pump':    120       61

Improving bounds shared    Num  Sym
                  'core':    6    0
            'default_lp':  196    0
                 'no_lp':  817    0

Clauses shared    #Exported  #Imported  #BinaryRead  #BinaryTotal
         'core':      5'076      7'796        4'145         4'191
   'default_lp':      3'772      7'493        2'857         4'191
        'no_lp':      7'320      3'645        4'191         4'191

LRAT_status: NA
CpSolverResponse summary:
status: OPTIMAL
objective: 11
best_bound: 11
integers: 250
booleans: 2683
conflicts: 302674
branches: 529877
propagations: 140579227
integer_propagations: 18243037
restarts: 104
lp_iterations: 0
walltime: 108.924
usertime: 108.924
deterministic_time: 190.017
gap_integral: 21.343
solution_fingerprint: 0x1158cc60cc110638

{"n": 4, "sym": true, "workers": 4, "time_limit": 3600.0, "status": "OPTIMAL", "objective": 11.0, "best_bound": 11.0, "wall_seconds": 108.9, "conflicts": 302674, "branches": 529877, "hypergraph_sha256": "b40858ee2cebb4340921c91b8d557beb33a16878eec75863963cfb32b327549a", "ortools_version": "9.15.6755", "sym_aux": 2880}
