
Starting CP-SAT solver v9.15.6755
Parameters: max_time_in_seconds: 3600 log_search_progress: true num_workers: 4

Initial optimization model '': (model_fingerprint: 0x9fb4fe2b795659b2)
#Variables: 64 (#bools: 64 in objective) (63 primary variables)
  - 64 Booleans in [0,1]
#kLinearN: 37'659 (#terms: 203'376)

Starting presolve at 0.26s
  1.12e-02s  0.00e+00d  [DetectDominanceRelations] 
  4.24e-01s  0.00e+00d  [PresolveToFixPoint] #num_loops=2 #num_dual_strengthening=1 
  3.49e-04s  0.00e+00d  [ExtractEncodingFromLinear] 
  4.37e-03s  0.00e+00d  [DetectDuplicateColumns] 
  2.50e-03s  0.00e+00d  [DetectDuplicateConstraints] 
[Symmetry] Graph for symmetry has 37'787 nodes and 203'440 arcs.
[Symmetry] Symmetry computation done. time: 0.914641 dtime: 0.142283
[Symmetry] #generators: 3, average support size: 53.3333
[Symmetry] 4 orbits on 64 variables with sizes: 24,24,8,8
[Symmetry] Found orbitope of size 24 x 2
[SAT presolve] num removable Booleans: 0 / 64
[SAT presolve] num trivial clauses: 0
[SAT presolve] [0s] clauses:25'684 literals:124'744 vars:64 one_side_vars:64 simple_definition:0 singleton_clauses:0
[SAT presolve] [0.081493s] clauses:5'956 literals:26'104 vars:64 one_side_vars:64 simple_definition:0 singleton_clauses:0
[SAT presolve] [0.081584s] clauses:5'956 literals:26'104 vars:64 one_side_vars:64 simple_definition:0 singleton_clauses:0
  8.27e-04s  0.00e+00d  [DetectDuplicateConstraintsWithDifferentEnforcements] 
  1.33e-01s  5.62e-03d  [Probe] #probed=128 
  2.83e-04s  0.00e+00d  [MaxClique] 
  4.85e-02s  0.00e+00d  [DetectDominanceRelations] 
  1.70e-01s  0.00e+00d  [PresolveToFixPoint] #num_loops=1 #num_dual_strengthening=1 
  1.57e-02s  0.00e+00d  [ProcessAtMostOneAndLinear] 
  6.61e-03s  0.00e+00d  [DetectDuplicateConstraints] 
  7.32e-04s  0.00e+00d  [DetectDuplicateConstraintsWithDifferentEnforcements] 
  5.53e-01s  8.89e-03d  [DetectDominatedLinearConstraints] #relevant_constraints=11'975 #num_inclusions=13'688 #num_redundant=408 
  1.13e-03s  0.00e+00d  [DetectDifferentVariables] 
  4.51e-03s  1.63e-03d  [ProcessSetPPC] #relevant_constraints=17'523 
  6.14e-04s  1.32e-04d  [TransformClausesToExactlyOne] #num_clauses=5'956 #num_checked=5'956 
  3.73e-04s  0.00e+00d  [DetectEncodedComplexDomains] 
  2.86e-04s  0.00e+00d  [FindAlmostIdenticalLinearConstraints] 
  0.00e+00s  0.00e+00d  [FindBigAtMostOneAndLinearOverlap] 
  3.18e-01s  5.70e-03d  [FindBigVerticalLinearOverlap] #blocks=64 #saved_nz=6'123 
  1.76e-03s  3.41e-04d  [FindBigHorizontalLinearOverlap] #linears=11'211 
  1.30e-03s  1.31e-04d  [MergeClauses] 
  8.65e-02s  0.00e+00d  [DetectDominanceRelations] 
  2.31e-01s  0.00e+00d  [PresolveToFixPoint] #num_loops=2 #num_dual_strengthening=1 
  4.29e-02s  0.00e+00d  [DetectDominanceRelations] 
  2.25e-01s  0.00e+00d  [PresolveToFixPoint] #num_loops=1 #num_dual_strengthening=1 
  1.83e-03s  0.00e+00d  [DetectDuplicateColumns] 
  1.14e-02s  0.00e+00d  [DetectDuplicateConstraints] 
[Symmetry] Graph for symmetry has 17'843 nodes and 96'101 arcs.
[Symmetry] Symmetry computation done. time: 0.022118 dtime: 0.00824249
[SAT presolve] num removable Booleans: 0 / 64
[SAT presolve] num trivial clauses: 0
[SAT presolve] [0s] clauses:5'956 literals:26'104 vars:64 one_side_vars:64 simple_definition:0 singleton_clauses:0
[SAT presolve] [0.007804s] clauses:5'956 literals:26'104 vars:64 one_side_vars:64 simple_definition:0 singleton_clauses:0
[SAT presolve] [0.007857s] clauses:5'956 literals:26'104 vars:64 one_side_vars:64 simple_definition:0 singleton_clauses:0
  2.69e-02s  0.00e+00d  [DetectDuplicateConstraintsWithDifferentEnforcements] 
  1.76e-01s  5.02e-03d  [Probe] #probed=128 
  3.30e-04s  0.00e+00d  [MaxClique] 
  6.20e-02s  0.00e+00d  [DetectDominanceRelations] 
  1.66e-01s  0.00e+00d  [PresolveToFixPoint] #num_loops=1 #num_dual_strengthening=1 
  6.71e-03s  0.00e+00d  [ProcessAtMostOneAndLinear] 
  8.11e-04s  0.00e+00d  [DetectDuplicateConstraints] 
  7.44e-04s  0.00e+00d  [DetectDuplicateConstraintsWithDifferentEnforcements] 
  1.12e-01s  5.16e-03d  [DetectDominatedLinearConstraints] #relevant_constraints=11'631 #num_inclusions=778 
  5.44e-03s  0.00e+00d  [DetectDifferentVariables] 
  6.57e-02s  1.60e-03d  [ProcessSetPPC] #relevant_constraints=17'162 
  3.31e-03s  1.32e-04d  [TransformClausesToExactlyOne] #num_clauses=5'956 #num_checked=5'956 
  4.33e-04s  0.00e+00d  [DetectEncodedComplexDomains] 
  3.83e-04s  1.09e-06d  [FindAlmostIdenticalLinearConstraints] #num_tested_pairs=73 
  0.00e+00s  0.00e+00d  [FindBigAtMostOneAndLinearOverlap] 
  3.11e-01s  4.84e-03d  [FindBigVerticalLinearOverlap] #blocks=64 #saved_nz=4'578 
  4.69e-03s  3.01e-04d  [FindBigHorizontalLinearOverlap] #linears=10'384 
  4.66e-02s  1.31e-04d  [MergeClauses] 
  2.25e-02s  0.00e+00d  [DetectDominanceRelations] 
  1.97e-01s  0.00e+00d  [PresolveToFixPoint] #num_loops=2 #num_dual_strengthening=1 
  2.45e-02s  0.00e+00d  [DetectDominanceRelations] 
  1.64e-01s  0.00e+00d  [PresolveToFixPoint] #num_loops=1 #num_dual_strengthening=1 
  1.16e-03s  0.00e+00d  [DetectDuplicateColumns] 
  1.02e-03s  0.00e+00d  [DetectDuplicateConstraints] 
[Symmetry] Graph for symmetry has 18'035 nodes and 91'587 arcs.
[Symmetry] Symmetry computation done. time: 0.015473 dtime: 0.00786839
[SAT presolve] num removable Booleans: 0 / 64
[SAT presolve] num trivial clauses: 0
[SAT presolve] [0s] clauses:5'956 literals:26'104 vars:64 one_side_vars:64 simple_definition:0 singleton_clauses:0
[SAT presolve] [0.005863s] clauses:5'956 literals:26'104 vars:64 one_side_vars:64 simple_definition:0 singleton_clauses:0
[SAT presolve] [0.005918s] clauses:5'956 literals:26'104 vars:64 one_side_vars:64 simple_definition:0 singleton_clauses:0
  4.48e-03s  0.00e+00d  [DetectDuplicateConstraintsWithDifferentEnforcements] 
  1.99e-01s  4.71e-03d  [Probe] #probed=128 
  3.94e-04s  0.00e+00d  [MaxClique] 
  3.93e-03s  0.00e+00d  [DetectDominanceRelations] 
  8.60e-02s  0.00e+00d  [PresolveToFixPoint] #num_loops=1 #num_dual_strengthening=1 
  6.73e-03s  0.00e+00d  [ProcessAtMostOneAndLinear] 
  8.28e-04s  0.00e+00d  [DetectDuplicateConstraints] 
  7.11e-04s  0.00e+00d  [DetectDuplicateConstraintsWithDifferentEnforcements] 
  9.18e-03s  3.25e-03d  [DetectDominatedLinearConstraints] #relevant_constraints=11'695 #num_inclusions=469 
  1.21e-03s  0.00e+00d  [DetectDifferentVariables] 
  1.64e-01s  1.58e-03d  [ProcessSetPPC] #relevant_constraints=16'237 
  8.54e-04s  1.32e-04d  [TransformClausesToExactlyOne] #num_clauses=5'956 #num_checked=5'956 
  5.58e-04s  0.00e+00d  [DetectEncodedComplexDomains] 
  4.06e-04s  4.68e-06d  [FindAlmostIdenticalLinearConstraints] #num_tested_pairs=312 
  1.00e-06s  0.00e+00d  [FindBigAtMostOneAndLinearOverlap] 
  8.96e-02s  4.24e-03d  [FindBigVerticalLinearOverlap] #blocks=61 #saved_nz=3'535 
  1.97e-02s  2.61e-04d  [FindBigHorizontalLinearOverlap] #linears=9'299 
  1.30e-02s  1.31e-04d  [MergeClauses] 
  4.66e-03s  0.00e+00d  [DetectDominanceRelations] 
  2.25e-01s  0.00e+00d  [PresolveToFixPoint] #num_loops=2 #num_dual_strengthening=1 
  1.18e-03s  0.00e+00d  [MergeNoOverlap] 
  5.01e-04s  0.00e+00d  [MergeNoOverlap2D] 
  6.94e-04s  0.00e+00d  [ExpandObjective] #entries=756 #tight_variables=378 #tight_constraints=189 

Presolve summary:
  - 0 affine relations were detected.
  - rule 'TODO dual: only one blocking constraint?' was applied 594 times.
  - rule 'linear inclusion: redundant containing constraint' was applied 408 times.
  - rule 'linear matrix: common vertical rectangle' was applied 189 times.
  - rule 'linear: negative clause' was applied 25'684 times.
  - rule 'presolve: 0 unused variables removed.' was applied 1 time.
  - rule 'presolve: iteration' was applied 3 times.

Presolved optimization model '': (model_fingerprint: 0x23f7b7ff12efcd7c)
#Variables: 253 (#bools: 64 in objective) (190 primary variables)
  - 64 Booleans in [0,1]
  - 189 in [0,2]
#kBoolOr: 5'956 (#literals: 26'104)
#kLinear3: 285
#kLinearN: 11'471 (#terms: 60'901)
[Symmetry] Graph for symmetry has 18'218 nodes and 88'113 arcs.
[Symmetry] Symmetry computation done. time: 0.007282 dtime: 0.00794584

Preloading model.
#Bound   6.11s best:-inf  next:[-0,64]    initial_domain
#Model   6.12s var:253/253 constraints:17712/17712

Starting search at 6.12s with 4 workers.
3 full problem subsolvers: [core, default_lp, no_lp]
1 first solution subsolver: [fj]
9 interleaved subsolvers: [feasibility_pump, graph_arc_lns, graph_cst_lns, graph_dec_lns, graph_var_lns, ls, rins/rens, rnd_cst_lns, rnd_var_lns]
3 helper subsolvers: [neighborhood_helper, synchronization_agent, update_gap_integral]

#1       6.14s best:8     next:[9,64]     no_lp
#Bound   6.14s best:8     next:[9,63]     bool_core (num_cores=1 [size:5 mw:1 d:3] a=60 d=3 fixed=0/67 clauses=5'959)
#2       6.61s best:9     next:[10,63]    ls_restart_decay(batch:1 lin{mvs:40 evals:176} #w_updates:14 #perturb:0)
#Bound   7.30s best:9     next:[10,17]    default_lp
#Bound   7.48s best:9     next:[10,13]    default_lp
#3      15.08s best:10    next:[11,13]    ls_restart_compound_perturb(batch:1 lin{mvs:0 evals:798} gen{mvs:248 evals:0} comp{mvs:8 btracks:120} #w_updates:0 #perturb:0)
#4      20.64s best:11    next:[12,13]    graph_dec_lns (d=9.14e-01 s=35 t=0.10 p=1.00 stall=4 h=base)
#Model 3030.62s var:252/253 constraints:17300/17712

Task timing                   n [     min,      max]      avg      dev     time         n [     min,      max]      avg      dev    dtime
              'core':         1 [  59.91m,   59.91m]   59.91m   0.00ns   59.91m         2 [  2.64ms,    8.91m]    4.46m    4.46m    8.91m
        'default_lp':         1 [  59.90m,   59.90m]   59.90m   0.00ns   59.90m         2 [ 55.09ms,    4.91m]    2.45m    2.45m    4.91m
  'feasibility_pump':       240 [ 21.29ms,    7.33s]    1.66s 859.96ms    6.63m       239 [179.37ms, 853.92ms] 283.39ms  59.52ms    1.13m
                'fj':         0 [  0.00ns,   0.00ns]   0.00ns   0.00ns   0.00ns         0 [  0.00ns,   0.00ns]   0.00ns   0.00ns   0.00ns
     'graph_arc_lns':       219 [  3.30ms,   11.13s]    1.82s    1.33s    6.63m       218 [ 10.00ns, 108.43ms]  62.19ms  44.98ms   13.56s
     'graph_cst_lns':       225 [  8.82ms,    6.06s]    1.77s    1.21s    6.63m       224 [ 10.00ns, 108.44ms]  63.14ms  44.79ms   14.14s
     'graph_dec_lns':       227 [ 33.66ms,    5.57s]    1.75s    1.26s    6.63m       227 [ 10.00ns, 108.51ms]  63.77ms  45.17ms   14.48s
     'graph_var_lns':       240 [ 20.15ms,    6.79s]    1.66s    1.21s    6.63m       240 [ 10.00ns, 108.55ms]  62.37ms  45.44ms   14.97s
                'ls':       433 [ 10.40ms,    2.63s] 918.92ms 515.03ms    6.63m       433 [  1.16ms, 100.62ms]  99.63ms   6.43ms   43.14s
             'no_lp':         1 [  59.90m,   59.90m]   59.90m   0.00ns   59.90m         2 [  2.64ms,    7.17m]    3.58m    3.58m    7.17m
         'rins/rens':       309 [ 16.23ms,    6.40s]    1.29s    1.11s    6.63m       308 [ 10.00ns, 112.71ms]  62.60ms  46.70ms   19.28s
       'rnd_cst_lns':       239 [  8.30ms,    6.89s]    1.67s    1.19s    6.63m       237 [ 10.00ns, 108.46ms]  61.16ms  45.34ms   14.50s
       'rnd_var_lns':       244 [ 13.02ms,    6.31s]    1.64s    1.09s    6.65m       242 [ 10.00ns, 108.74ms]  62.13ms  45.62ms   15.04s

Search stats     Bools  Conflicts   Branches  Restarts  BacktrackToRoot  Backtrack   BoolPropag  IntegerPropag
        'core':    322  2'148'298  2'511'698     4'565           10'001  2'165'838  196'005'310     76'209'751
  'default_lp':     64     63'343  2'086'486       375          217'888    883'818    2'905'467     44'332'828
       'no_lp':     64  2'427'866  2'741'543       787            5'597  2'412'919   22'699'637    108'030'192

SAT formula      Fixed  Equiv  Total  VarLeft  BinaryClauses  PermanentClauses  TemporaryClauses
        'core':     21      0    322      301            910           171'654             6'181
  'default_lp':      1      0     64       63             12             7'466             1'292
       'no_lp':      1      0     64       63             14           152'962             5'649

SAT stats        ClassicMinim  LitRemoved  LitRemovedBinary  LitLearned  LitForgotten   Subsumed
        'core':     1'947'492  20'487'722         1'495'435  23'800'303    12'203'053    928'540
  'default_lp':        54'712     410'174            27'723     958'339       183'878     35'522
       'no_lp':     2'006'272  54'208'574         4'420'588  65'590'815    46'865'402  1'128'668

Vivification     Clauses  Decisions  LitTrue  Subsumed  LitRemoved  DecisionReused  Conflicts
        'core':   15'840     45'997        0       712       5'851          16'551        164
  'default_lp':  828'269  2'006'306        0    24'798     124'914         968'574         71
       'no_lp':   19'094    334'382        0       927      50'297          49'692      1'228

Clause deletion    at_true  l_and_not(l)  to_binary  sub_conflict  sub_extra  sub_decisions  sub_eager  sub_vivify  sub_probing  sub_inpro  blocked  eliminated  forgotten   promoted  conflicts
          'core':   35'302             0         17       878'829      4'112             19     49'711         712            0    167'225        0           0    865'572  4'168'384  2'148'298
    'default_lp':    1'897             0          0        34'662        202          4'701        860      24'798          357     10'569        0           0     10'089    140'956     63'343
         'no_lp':   28'899             0          0     1'123'099     35'233          1'182      5'569         927        1'440     24'921        0           0  1'055'840  4'215'981  2'427'866

Lp stats         Component  Iterations  AddedCuts  OPTIMAL  DUAL_F.  DUAL_U.
  'default_lp':          1   3'403'462     12'806  173'713        8        0

Lp dimension      Final dimension of first component
  'default_lp':  497 rows, 253 columns, 4082 entries

Lp debug         CutPropag  CutEqPropag   Adjust  Overflow      Bad  BadScaling
  'default_lp':          0            0  168'514         0  793'156           0

Lp pool          Constraints  Updates  Simplif  Merged  Shortened  Split  Strengthened      Cuts/Call
  'default_lp':       21'562    4'537    8'414       0      8'393  2'784             0  12'806/40'595

Lp Cut           default_lp
          CG_R:          16
         CG_RB:           4
        CG_RBP:           4
            IB:          20
       MIR_2_R:          40
      MIR_2_RB:           2
       MIR_3_R:          16
      MIR_3_RB:           5
       MIR_4_R:           5
      MIR_4_RB:           5
       MIR_5_R:           3
      MIR_5_RB:           5
       MIR_6_R:           2
      MIR_6_RB:           4
  ZERO_HALF_FF:          43
   ZERO_HALF_R:      12'632

LNS stats           Improv/Calls  Closed  Difficulty  TimeLimit
  'graph_arc_lns':         1/218     50%    9.23e-01       0.11
  'graph_cst_lns':         2/224     51%    9.35e-01       0.11
  'graph_dec_lns':         3/227     50%    9.13e-01       0.11
  'graph_var_lns':         1/240     51%    9.32e-01       0.11
      'rins/rens':         5/308     51%    8.93e-01       0.11
    'rnd_cst_lns':         3/238     51%    9.36e-01       0.11
    'rnd_var_lns':         1/243     51%    9.36e-01       0.11

LS stats                                Batches  Restarts/Perturbs  LinMoves  GenMoves  CompoundMoves  Bactracks  WeightUpdates  ScoreComputed
                         'ls_restart':       88                 20   359'770         0              0          0        179'815      6'100'928
                'ls_restart_compound':       61                 24         0    90'502          5'294     42'549            290      1'295'959
        'ls_restart_compound_perturb':       52                 20         0    74'882          4'569     35'109            239      1'057'850
                   'ls_restart_decay':       72                 22   327'517         0              0          0         18'839      3'404'909
          'ls_restart_decay_compound':       50                 18         0    72'454          8'267     32'041            173      1'124'363
  'ls_restart_decay_compound_perturb':       42                 20         0    57'830          4'481     26'617            171        837'814
           'ls_restart_decay_perturb':       33                 16   152'160         0              0          0          8'817      1'585'896
                 'ls_restart_perturb':       35                 24   148'561         0              0          0         56'905      2'186'923

Solutions (4)                     Num   Rank
                'graph_dec_lns':    2  [3,4]
  'ls_restart_compound_perturb':    2  [2,3]
             'ls_restart_decay':    2  [1,2]
                        'no_lp':    2  [0,1]

Objective bounds     Num
       'bool_core':    1
      'default_lp':    2
  'initial_domain':    1

Solution repositories    Added  Queried  Synchro
    'alternative_path':    350    1'009      350
      'best_solutions':    645    1'082      642
   'fj solution hints':      0        0        0
        'lp solutions':      0        0        0
                'pump':    956      309

Improving bounds shared    Num  Sym
            'default_lp':    7    0
                 'no_lp':    1    0

Clauses shared    #Exported  #Imported  #BinaryRead  #BinaryTotal
         'core':        725     41'802           64            64
   'default_lp':      1'640     40'299           63            64
        'no_lp':     42'604      8'591           64            64

LRAT_status: NA
CpSolverResponse summary:
status: FEASIBLE
objective: 11
best_bound: 13
integers: 254
booleans: 64
conflicts: 2427866
branches: 2741543
propagations: 22699637
integer_propagations: 108030192
restarts: 787
lp_iterations: 0
walltime: 3600.78
usertime: 3600.78
deterministic_time: 1476.18
gap_integral: 1024.02
solution_fingerprint: 0xe25825dd6cdca5f5

{"n": 4, "sym": false, "workers": 4, "time_limit": 3600.0, "status": "FEASIBLE", "objective": 11.0, "best_bound": 13.0, "wall_seconds": 3600.8, "conflicts": 2427866, "branches": 2741543, "hypergraph_sha256": "b40858ee2cebb4340921c91b8d557beb33a16878eec75863963cfb32b327549a", "ortools_version": "9.15.6755", "sym_aux": 0}
