allocating 193827500 bytes table
table built in 1.7s
selftest: 0 mismatched entries
candidates: total=14449 size4: total=12650 kept=11824
sizes: 1:25 2:300 3:2300 4:11824
layer0 orbit reps: 1905
...
1905
orbit-done 1900/1905 idx=1888 sz=2 nodes=3151816 9.6s
orbit-done 1901/1905 idx=1880 sz=2 nodes=3442102 11.0s
orbit-done 1902/1905 idx=1887 sz=2 nodes=3387203 10.6s
orbit-done 1903/1905 idx=1886 sz=2 nodes=3762313 11.9s
orbit-done 1904/1905 idx=1885 sz=2 nodes=4136653 13.1s
[192s] orbits 1904/1905  nodes L1=1904 L2=4786268 L3=287083064 L4=13763356 L5=0
orbit-done 1905/1905 idx=1889 sz=2 nodes=4540263 14.9s
done. found=0  nodes: L0=0 L1=1905 L2=4799405 L3=291607686 L4=13765859 L5=0
=== positive control (K=14) ===
allocating 193827500 bytes table
table built in 3.0s
selftest: 0 mismatched entries
candidates: total=14449 size4: total=12650 kept=11824
sizes: 1:25 2:300 3:2300 4:11824
layer0 orbit reps: 1905
orbit-done 31/1905 idx=34 sz=4 nodes=119 0.0s
orbit-done 32/1905 idx=31 sz=4 nodes=29542 1.2s
orbit-done 29/1905 idx=30 sz=4 nodes=30879 1.3s
orbit-done 33/1905 idx=29 sz=4 nodes=27696 1.4s
 4 17 32 49 70 82 86 96 103 108 110 119
orbit-done 35/1905 idx=20 sz=4 nodes=50684 2.1s
orbit-done 34/1905 idx=33 sz=4 nodes=3674 0.2s
done. found=1  nodes: L0=0 L1=35 L2=24772 L3=466763 L4=219769 L5=1
