c --- [ banner ] -------------------------------------------------------------
c 
c CaDiCaL SAT Solver
c Copyright (c) 2016-2026
c A. Biere, M. Fleury, N. Froleyks, K. Fazekas, F. Pollitt, T. Faller
c JKU Linz, University of Freiburg, TU Wien
c 
c Version 3.0.1
c Apple clang version 21.0.0 (clang-2100.0.123.102) -Wall -Wextra -O3 -DNDEBUG -DNCLOSEFROM
c Sun Jul 19 15:40:55 UTC 2026 Darwin Tahoe-arm64.local 25.4.0 arm64
c 
c --- [ limit ] --------------------------------------------------------------
c 
c setting time limit to 3600 seconds real time (due to '-t 3600')
c 
c --- [ proof tracing ] ------------------------------------------------------
c 
c opening file to write 'runs/n3_k9_nosym.lrat'
c writing non-binary proof trace to 'runs/n3_k9_nosym.lrat'
c 
c --- [ parsing input ] ------------------------------------------------------
c 
c reading DIMACS file from 'runs/n3_k9_nosym.cnf'
c opening file to read 'runs/n3_k9_nosym.cnf'
c found 'p cnf 865 8831' header
c parsed 8831 clauses in 0.00 seconds process time
c 
c --- [ options ] ------------------------------------------------------------
c 
c   --binary=false                 (different from default 'true')
c   --lrat=true                    (different from default 'false')
c 
c --- [ solving ] ------------------------------------------------------------
c 
c time measured in process time since initialization
c 
c  seconds  reduction conflicts       size tier2     variables
c         MB    restarts   redundant    glue  trail      remaining
c          level     rate       size/glu tier1 irredundant
c 
c *  0.00  0  0 0   0  0    0    0 0.0 0 0 2 6  0% 8830 864 100%
c )  0.00  0  0 0   0  0    0    0 0.0 0 0 2 6  0% 8830 864 100%
c {  0.00  0  0 0   0  0    0    0 0.0 0 0 2 6  0% 8830 864 100%
c i  0.01  0 16 0   0  1   43   24 1.5 3 2 2 6 36% 8830 862 100%
c i  0.01  0 16 0   0  1   50   29 1.5 3 2 2 6 36% 8830 860 99%
c -  0.01  0 12 1  50  2  301  193 1.4 6 5 2 6 45% 8795 858 99%
c -  0.02  0  9 2  78  2  735  398 1.4 6 5 2 6 49% 8795 858 99%
c }  0.03  0  8 2  78  2 1002  577 1.4 6 4 2 6 49% 8795 858 99%
c [  0.03  0  0 2  78  0 1002  577 0.0 0 0 2 6  0% 8795 858 99%
c O  0.03  0  5 2  78  6 1003  578 1.2 6 5 2 6 60% 8795 858 99%
c -  0.04  0  9 3  78  1 1414  724 1.5 8 5 2 6 51% 8795 858 99%
c k  0.05  0  9 3  78  1 1557  846 1.5 8 5 2 6 51% 8795 855 99%
c ]  0.06  0  9 3  79  1 2127 1278 1.5 9 6 2 6 49% 8789 855 99%
c {  0.06  0  8 3  79  2 2127 1278 1.4 6 4 2 6 49% 8789 855 99%
c -  0.07  0  9 4 126  2 2354 1105 1.4 7 5 2 6 49% 8789 855 99%
c i  0.09  0  8 4 126  2 2897 1393 1.4 6 4 2 6 49% 8789 850 98%
c O  0.09  0  8 4 126  2 3004 1481 1.4 6 4 2 6 48% 8789 850 98%
c -  0.11  0  8 5 184  2 3567 1235 1.4 6 5 2 6 48% 8775 850 98%
c i  0.11  0  8 5 203  2 3857 1471 1.5 7 5 2 6 48% 8775 844 98%
c p  0.12  0  8 5 249  2 4058 1727 1.4 7 5 2 6 49% 8775 842 97%
c 
c  seconds  reduction conflicts       size tier2     variables
c         MB    restarts   redundant    glue  trail      remaining
c          level     rate       size/glu tier1 irredundant
c 
c -  0.15  0  8 6 341  2 5062 1657 1.5 7 5 3 4 48% 8744 842 97%
c i  0.15  0  8 6 341  2 5092 1664 1.5 7 5 3 4 48% 8744 840 97%
c }  0.17  0  8 6 378  2 5752 2047 1.5 7 5 3 4 48% 8744 840 97%
c [  0.17  0  9 6 378  1 5752 2047 1.5 9 6 2 6 49% 8744 840 97%
c I  0.17  0  9 6 378  1 6006 2234 1.5 9 6 2 6 49% 8744 840 97%
c i  0.18  0  8 6 378  1 6162 2296 1.5 8 6 4 6 49% 8744 835 97%
c p  0.19  0  9 6 378  1 6662 2778 1.5 8 6 4 6 49% 8744 835 97%
c u  0.20  0  9 6 378  1 6662 2737 1.5 8 6 4 6 49% 8678 835 97%
c v  0.20  0  9 6 378  1 6662 2713 1.5 8 6 4 6 49% 8678 835 97%
c w  0.20  0  9 6 378  1 6662 2713 1.5 8 6 4 6 49% 8678 835 97%
c x  0.21  0  9 6 378  1 6662 2712 1.5 8 6 4 6 49% 8642 835 97%
c s  0.21  0  9 6 379  1 6708 2668 1.5 8 6 4 6 49% 3733 835 97%
c e  0.22  0  9 6 379  1 6708  562 1.5 8 6 4 6 49% 3298 300 35%
c s  0.22  0  9 6 379  1 6708  492 1.5 8 6 4 6 49% 3007 300 35%
c -  0.22  0  9 7 379  1 6840  342 1.5 9 6 4 6 53% 3007 300 35%
c -  0.26  0  9 8 380  1 8909  874 1.5 9 6 4 6 53% 3007 300 35%
c 2  0.26  0  9 8 380  1 9361 1147 1.5 9 7 4 7 53% 3007 300 35%
c B  0.28  0  9 8 381  1 10007 1521 1.5 9 7 4 7 53% 3007 300 35%
c -  0.30  0  9 9 382  1 11269 1233 1.4 10 7 4 7 54% 3007 300 35%
c u  0.32  0  9 9 382  1 12148 1883 1.5 10 7 4 7 54% 3007 300 35%
c 
c  seconds  reductions conflicts       size  tier2     variables
c         MB    restarts    redundant     glue  trail      remaining
c          level     rate        size/glue tier1 irredundant
c 
c v  0.32  0  9 9 382  1 12148 1873 1.5 10 7 4 7 54% 3007 300 35%
c w  0.32  0  9 9 382  1 12148 1873 1.5 10 7 4 7 54% 3007 300 35%
c ]  0.34  0 10 9 383  1 13408 2775 1.5 10 7 4 8 54% 3007 300 35%
c {  0.34  0  8 9 383  2 13408 2775 1.5 7 5 3 4 138% 3007 300 35%
c -  0.35  0  8 10 500  2 13923 1550 1.4 7 5 3 4 129% 3007 300 35%
c #  0.37  0  8 10 660  2 15010 2199 1.4 7 5 3 4 115% 3007 300 35%
c p  0.37  0  8 10 661  2 15013 2245 1.4 7 5 3 4 115% 3007 299 35%
c i  0.40  0  8 10 765  2 16401 2881 1.4 7 5 3 4 103% 3004 296 34%
c -  0.41  0  8 11 823  2 16872 1416 1.4 7 5 3 4 100% 2655 296 34%
c p  0.44  0  8 11 919  2 17953 2034 1.4 7 5 3 4 94% 2655 295 34%
c u  0.44  0  8 11 919  2 17953 2025 1.4 7 5 3 4 94% 2655 295 34%
c v  0.44  0  8 11 919  2 17953 2022 1.4 7 5 3 4 94% 2655 295 34%
c w  0.44  0  8 11 919  2 17953 2022 1.4 7 5 3 4 94% 2655 295 34%
c x  0.44  0  8 11 919  2 17953 2020 1.4 7 5 3 4 94% 2583 295 34%
c s  0.49  0  8 11 1093  2 20010 2683 1.4 7 5 3 4 86% 2255 295 34%
c e  0.49  0  8 11 1093  2 20010 2629 1.4 7 5 3 4 86% 2228 265 31%
c s  0.49  0  8 11 1093  2 20010 2575 1.4 7 5 3 4 86% 2208 265 31%
c -  0.50  0  8 12 1098  2 20122 1832 1.4 7 5 3 4 86% 2208 265 31%
c i  0.51  0  7 12 1111  2 20727 2095 1.4 7 5 3 4 83% 2208 262 30%
c d  0.52  0  7 12 1111  2 20965 1726 1.4 7 5 3 4 83% 1959 261 30%
c 
c  seconds  reductions   conflicts       size tier2     variables
c         MB     restarts     redundant    glue  trail      remaining
c          level       rate        size/glu tier1 irredundant
c 
c p  0.52  0  7 12 1111  2 20965 1747 1.4 7 5 3 4 83% 1959 261 30%
c B  0.52  0  7 12 1111  2 21013 1785 1.4 7 5 3 4 83% 1959 261 30%
c i  0.53  0  7 12 1112  1 21647 2172 1.4 7 5 3 4 81% 1959 247 29%
c i  0.53  0  7 12 1112  1 21691 2184 1.4 7 5 3 4 80% 1959 245 28%
c i  0.53  0  7 12 1112  1 21745 2199 1.4 7 5 3 4 80% 1959 244 28%
c i  0.53  0  7 12 1112  1 21767 2209 1.4 7 5 3 4 80% 1959 243 28%
c i  0.53  0  7 12 1112  1 21773 2208 1.4 7 5 3 4 80% 1959 238 28%
c i  0.53  0  7 12 1112  1 21779 2213 1.4 7 5 3 4 80% 1959 220 25%
c i  0.53  0  7 12 1112  1 21789 2219 1.4 7 5 3 4 80% 1959 214 25%
c i  0.53  0  7 12 1112  1 21794 2222 1.4 7 5 3 4 80% 1959 212 25%
c i  0.53  0  7 12 1112  1 21800 2226 1.4 7 5 3 4 80% 1959 205 24%
c i  0.53  0  7 12 1112  1 21801 2226 1.4 7 5 3 4 80% 1959 184 21%
c i  0.53  0  7 12 1112  1 21802  190 1.4 7 5 3 4 23%  402 148 17%
c }  0.53  0  7 12 1112  1 21804  190 1.4 7 5 3 4 33%  402 120 14%
c 0  0.53  0  7 12 1112  1 21804  190 1.4 7 5 3 4 33%  402 120 14%
c 
c --- [ closing proof ] ------------------------------------------------------
c 
c LRAT proof file 'runs/n3_k9_nosym.lrat' closed
c LRAT 25896 added clauses 43.27%
c LRAT 33955 deleted clauses 56.73%
c LRAT 3882488 bytes (3.70 MB)
c 
c --- [ result ] -------------------------------------------------------------
c 
s UNSATISFIABLE
c 
c --- [ run-time profiling ] -------------------------------------------------
c 
c process time taken by individual solving procedures
c (percentage relative to process time for solving)
c 
c         0.47   88.58% search
c         0.30   55.79% unstable
c         0.17   32.64% stable
c         0.06   11.40% simplify
c         0.02    3.29% subsume
c         0.01    2.67% vivify
c         0.01    2.09% sweep
c         0.01    0.98% elim
c         0.00    0.79% congruence
c         0.00    0.60% parse
c         0.00    0.28% probe
c         0.00    0.18% backbone
c         0.00    0.13% lucky
c         0.00    0.09% ternary
c   =================================
c         0.53   99.18% solve
c 
c last line shows process time for solving
c (percentage relative to total process time)
c 
c --- [ statistics ] ---------------------------------------------------------
c 
c chronological:              3548        16.27 %  of conflicts
c conflicts:                 21804     41200.57    per second
c backbone:                  17236      1992.60 %  of vars
c decisions:                 28989     54777.26    per second
c eliminated:                  565        65.32 %  of all variables
c fixed:                       179        20.69 %  of all variables
c learned:                   21425        98.26 %  per conflict
c learned_lits:             275098       100.00 %  learned literals
c minimized:                     0         0.00 %  learned literals
c shrunken:                  75553        27.46 %  learned literals
c minishrunken:              16615         6.04 %  learned literals
c otfs:                        129         0.59 %  of conflict
c propagations:            1367129         2.58 M  per second
c reduced:                    6799        31.18 %  per conflict
c rephased:                      6      3634.00    interval
c restarts:                   1112        19.61    interval
c stabilizing:                   2        40.23 %  of conflicts
c substituted:                   1         0.12 %  of all variables
c subsumed:                  14080        43.28 %  of all clauses
c strengthened:                927         2.85 %  of all clauses
c ticks:                  15234246        11.65    propagation
c vivified:                    262         0.81 %  of all clauses
c weakened:                   2315         2.79    average size
c 
c seconds are measured in process time for solving
c 
c --- [ glue usage ] ---------------------------------------------------------
c 
c focused glue 3 used 5768 clauses 17.17% accumulated 64.12% tier1
c focused glue 4 used 4555 clauses 13.56% accumulated 77.69% tier2
c 
c stable glue 4 used 2244 clauses 10.69% accumulated 50.96% tier1
c stable glue 5 used 2150 clauses 10.24% accumulated 61.21%
c stable glue 6 used 1871 clauses 8.918% accumulated 70.12%
c stable glue 7 used 1794 clauses 8.551% accumulated 78.67%
c stable glue 8 used 1581 clauses 7.535% accumulated 86.21% tier2
c 
c 
c --- [ resources ] ----------------------------------------------------------
c 
c total process time since initialization:         0.53    seconds
c total real time since initialization:            1.03    seconds
c maximum resident set size of process:           11.39    MB
c 
c --- [ shutting down ] ------------------------------------------------------
c 
c exit 20
