c --- [ banner ] -------------------------------------------------------------
c 
c CaDiCaL SAT Solver
c Copyright (c) 2016-2026
c A. Biere, M. Fleury, N. Froleyks, K. Fazekas, F. Pollitt, T. Faller
c JKU Linz, University of Freiburg, TU Wien
c 
c Version 3.0.1
c Apple clang version 21.0.0 (clang-2100.0.123.102) -Wall -Wextra -O3 -DNDEBUG -DNCLOSEFROM
c Sun Jul 19 15:40:55 UTC 2026 Darwin Tahoe-arm64.local 25.4.0 arm64
c 
c --- [ limit ] --------------------------------------------------------------
c 
c setting time limit to 3600 seconds real time (due to '-t 3600')
c 
c --- [ proof tracing ] ------------------------------------------------------
c 
c opening file to write 'runs/n3_k8_nosym.lrat'
c writing non-binary proof trace to 'runs/n3_k8_nosym.lrat'
c 
c --- [ parsing input ] ------------------------------------------------------
c 
c reading DIMACS file from 'runs/n3_k8_nosym.cnf'
c opening file to read 'runs/n3_k8_nosym.cnf'
c found 'p cnf 865 8831' header
c parsed 8831 clauses in 0.00 seconds process time
c 
c --- [ options ] ------------------------------------------------------------
c 
c   --binary=false                 (different from default 'true')
c   --lrat=true                    (different from default 'false')
c 
c --- [ solving ] ------------------------------------------------------------
c 
c time measured in process time since initialization
c 
c  seconds  reduction conflicts       size tier2     variables
c         MB    restarts   redundant    glue  trail      remaining
c          level     rate       size/glu tier1 irredundant
c 
c *  0.01  0  0 0   0  0    0    0 0.0 0 0 2 6  0% 8830 864 100%
c )  0.01  0  0 0   0  0    0    0 0.0 0 0 2 6  0% 8830 864 100%
c {  0.01  0  0 0   0  0    0    0 0.0 0 0 2 6  0% 8830 864 100%
c i  0.01  0  1 0   0 19    1    0 0.0 1 0 2 6 26% 8830 861 100%
c i  0.01  0 16 0   0  1   82   41 1.6 4 2 2 6 37% 8830 859 99%
c -  0.01  0 12 1  48  2  300  186 1.4 7 5 2 6 49% 8796 858 99%
c }  0.01  0 13 1  53  3  320  204 1.5 7 5 2 6 49% 8796 858 99%
c 1  0.01  0 13 1  53  3  320  204 1.5 7 5 2 6 49% 8796 858 99%
c 
c --- [ closing proof ] ------------------------------------------------------
c 
c LRAT proof file 'runs/n3_k8_nosym.lrat' closed
c LRAT 362 added clauses 66.06%
c LRAT 186 deleted clauses 33.94%
c LRAT 54684 bytes (0.05 MB)
c 
c --- [ result ] -------------------------------------------------------------
c 
s SATISFIABLE
v 1 -2 -3 -4 -5 6 -7 8 -9 -10 -11 12 13 14 -15 -16 -17 -18 19 -20 -21 -22 -23
v -24 -25 -26 27 28 29 -30 -31 -32 -33 -34 -35 36 -37 -38 -39 40 -41 -42 -43
v 44 45 -46 -47 48 49 -50 -51 -52 -53 -54 -55 56 57 -58 -59 60 61 62 63 64 65
v 66 67 68 69 -70 -71 -72 -73 -74 -75 76 77 78 -79 80 81 82 -83 84 85 86 -87
v 88 89 -90 -91 -92 -93 -94 -95 96 97 98 99 100 101 102 103 104 105 106 107
v 108 109 -110 111 -112 113 -114 -115 116 117 118 119 120 121 122 123 124 125
v 126 127 128 129 -130 -131 -132 -133 -134 -135 136 -137 -138 -139 140 141 142
v -143 144 145 146 -147 148 149 150 151 -152 -153 -154 -155 156 157 158 -159
v 160 161 162 163 164 165 166 167 168 169 170 171 -172 -173 -174 -175 176 177
v 178 -179 180 181 182 -183 184 185 186 -187 188 189 -190 -191 -192 -193 -194
v -195 196 -197 -198 -199 200 201 -202 -203 204 205 206 -207 208 209 -210 211
v -212 -213 -214 -215 216 217 218 -219 220 221 222 -223 224 225 226 -227 228
v 229 -230 231 -232 -233 -234 -235 236 237 238 -239 240 241 242 -243 244 245
v 246 -247 -248 249 -250 -251 -252 -253 -254 -255 256 257 258 -259 260 261 262
v -263 264 265 266 267 -268 269 -270 -271 -272 -273 -274 -275 276 -277 -278
v -279 280 281 -282 -283 284 285 286 -287 -288 289 -290 -291 -292 -293 -294
v -295 296 297 298 -299 300 301 302 -303 304 305 306 -307 308 309 -310 311
v -312 313 -314 315 316 317 318 319 320 321 322 323 324 325 326 327 328 329
v 330 331 -332 -333 -334 -335 336 337 338 -339 340 341 342 -343 344 345 346
v -347 348 349 -350 351 -352 -353 -354 -355 356 357 -358 -359 360 361 362 -363
v 364 365 366 -367 -368 369 -370 -371 -372 -373 -374 -375 376 377 378 -379 380
v 381 382 383 384 385 386 387 -388 389 -390 391 -392 -393 -394 -395 396 397
v -398 -399 400 401 -402 -403 404 405 -406 -407 -408 -409 -410 -411 -412 -413
v -414 -415 416 417 418 419 420 421 422 423 424 425 426 427 428 429 -430 431
v -432 -433 -434 -435 436 437 -438 -439 440 441 -442 -443 444 445 -446 -447
v 448 449 -450 -451 -452 -453 -454 -455 456 457 458 -459 460 461 462 -463 464
v 465 466 -467 468 469 470 -471 472 473 474 -475 476 477 478 -479 480 481 -482
v 483 -484 -485 -486 -487 488 489 -490 -491 492 493 -494 -495 496 497 -498
v -499 500 501 502 -503 504 505 506 -507 508 509 510 -511 512 513 -514 515
v -516 -517 -518 -519 520 521 -522 -523 524 525 526 -527 528 529 530 -531 532
v 533 534 -535 536 537 538 -539 540 541 542 543 -544 -545 -546 -547 -548 -549
v -550 -551 -552 -553 -554 -555 -556 -557 -558 -559 -560 -561 -562 -563 564
v 565 -566 -567 568 569 -570 -571 572 573 -574 -575 -576 -577 -578 -579 -580
v -581 -582 -583 -584 -585 -586 -587 588 -589 -590 -591 592 593 -594 -595 596
v 597 -598 -599 600 601 602 -603 604 605 606 -607 608 609 -610 611 -612 613
v -614 -615 616 617 618 619 620 621 622 623 624 625 626 627 628 629 630 631
v 632 633 634 635 636 637 638 639 -640 641 -642 -643 -644 -645 -646 -647 648
v 649 650 -651 652 653 654 -655 656 657 658 -659 660 661 662 663 664 665 666
v 667 668 669 670 671 672 673 -674 -675 -676 -677 -678 -679 680 681 -682 -683
v 684 685 -686 -687 688 689 -690 -691 692 693 -694 -695 696 697 698 -699 700
v 701 702 -703 -704 705 -706 707 -708 -709 -710 -711 712 713 -714 -715 716 717
v 718 719 720 721 722 723 724 725 726 727 728 729 730 731 732 733 734 735 736
v 737 738 739 740 741 742 743 744 745 746 747 748 749 750 751 752 753 754 -755
v 756 757 758 759 760 761 762 763 764 765 766 767 768 769 770 -771 -772 -773
v -774 -775 -776 777 778 779 780 781 782 783 784 785 786 787 -788 -789 790 791
v 792 793 794 795 -796 797 798 799 800 801 -802 803 804 805 806 807 -808 809
v 810 811 812 813 814 815 816 817 818 -819 820 -821 822 823 824 825 826 827
v 828 829 830 -831 -832 833 834 835 -836 -837 -838 -839 840 841 842 -843 -844
v -845 -846 -847 -848 849 -850 851 852 853 854 855 -856 857 858 -859 860 -861
v 862 -863 864 865 0
c 
c --- [ run-time profiling ] -------------------------------------------------
c 
c process time taken by individual solving procedures
c (percentage relative to process time for solving)
c 
c         0.01   97.40% search
c         0.01   89.27% unstable
c         0.00   40.88% parse
c         0.00    7.34% lucky
c         0.00    0.00% simplify
c   =================================
c         0.01   64.18% solve
c 
c last line shows process time for solving
c (percentage relative to total process time)
c 
c --- [ statistics ] ---------------------------------------------------------
c 
c chronological:                93        29.06 %  of conflicts
c conflicts:                   320     33511.36    per second
c decisions:                   955    100010.47    per second
c fixed:                         7         0.81 %  of all variables
c learned:                     319        99.69 %  per conflict
c learned_lits:               3187       100.00 %  learned literals
c minimized:                     0         0.00 %  learned literals
c shrunken:                    787        24.69 %  learned literals
c minishrunken:                183         5.74 %  learned literals
c otfs:                          0         0.00 %  of conflict
c propagations:              41664         4.36 M  per second
c reduced:                      29         9.06 %  per conflict
c restarts:                     53         6.04    interval
c subsumed:                     72         0.79 %  of all clauses
c ticks:                    329498         7.91    propagation
c 
c seconds are measured in process time for solving
c 
c --- [ glue usage ] ---------------------------------------------------------
c 
c focused glue 4 used 39 clauses 11.01% accumulated 59.60% tier1
c focused glue 5 used 51 clauses 14.40% accumulated 74.01%
c focused glue 6 used 46 clauses 12.99% accumulated 87.00% tier2
c 
c stable glue 2 used 0 clauses 0.000% accumulated 0.000% tier1
c stable glue 3 used 0 clauses 0.000% accumulated 0.000%
c stable glue 4 used 0 clauses 0.000% accumulated 0.000%
c stable glue 5 used 0 clauses 0.000% accumulated 0.000%
c stable glue 6 used 0 clauses 0.000% accumulated 0.000% tier2
c 
c 
c --- [ resources ] ----------------------------------------------------------
c 
c total process time since initialization:         0.02    seconds
c total real time since initialization:            0.02    seconds
c maximum resident set size of process:            4.97    MB
c 
c --- [ shutting down ] ------------------------------------------------------
c 
c exit 10
