c --- [ banner ] -------------------------------------------------------------
c 
c CaDiCaL SAT Solver
c Copyright (c) 2016-2026
c A. Biere, M. Fleury, N. Froleyks, K. Fazekas, F. Pollitt, T. Faller
c JKU Linz, University of Freiburg, TU Wien
c 
c Version 3.0.1
c Apple clang version 21.0.0 (clang-2100.0.123.102) -Wall -Wextra -O3 -DNDEBUG -DNCLOSEFROM
c Sun Jul 19 15:40:55 UTC 2026 Darwin Tahoe-arm64.local 25.4.0 arm64
c 
c --- [ limit ] --------------------------------------------------------------
c 
c setting time limit to 3600 seconds real time (due to '-t 3600')
c 
c --- [ proof tracing ] ------------------------------------------------------
c 
c opening file to write 'runs/n4_k12_sym.lrat'
c writing non-binary proof trace to 'runs/n4_k12_sym.lrat'
c 
c --- [ parsing input ] ------------------------------------------------------
c 
c reading DIMACS file from 'runs/n4_k12_sym.cnf'
c opening file to read 'runs/n4_k12_sym.cnf'
c found 'p cnf 17812 233005' header
c parsed 233005 clauses in 0.07 seconds process time
c 
c --- [ options ] ------------------------------------------------------------
c 
c   --binary=false                 (different from default 'true')
c   --lrat=true                    (different from default 'false')
c 
c --- [ solving ] ------------------------------------------------------------
c 
c time measured in process time since initialization
c 
c  seconds  reduction conflicts       size tier2        variables
c         MB    restarts   redundant    glue  trail          remaining
c          level     rate       size/glu tier1  irredundant
c 
c *  0.07  0  0 0   0  0    0    0 0.0 0 0 2 6  0% 233004 17811 100%
c )  0.09  0  0 0   0  0    0    0 0.0 1 0 2 6  1% 233004 17804 100%
c {  0.10  0  0 0   0  0    0    0 0.0 1 0 2 6  1% 233004 17804 100%
c i  0.10  0  0 0   0  0    0    0 0.0 1 0 2 6  1% 233004 17804 100%
c -  0.14  0 497 1   2 10  302  128 1.5 18 12 2 6 14% 218135 17804 100%
c -  0.25  0 145 2   4  4  886  391 1.6 15 10 2 6 20% 218135 17804 100%
c }  0.27  0 129 2   7  4 1002  482 1.6 15 9 2 6 20% 218135 17804 100%
c [  0.27  0  0 2   7  0 1002  482 0.0 0 0 2 6  0% 218135 17804 100%
c O  0.27  0  1 2   7  2 1003  483 2.0 2 1 2 6 12% 218135 17804 100%
c i  0.27  0  0 2   7  1 1004  483 3.0 1 0 2 6 12% 218135 17797 100%
c i  0.27  0  1 2   7  1 1014  487 1.8 2 1 2 6 13% 218135 17790 100%
c -  0.43  0 19 3   7  1 1882  668 1.6 17 10 2 6 27% 191060 17790 100%
c ]  0.44  0 19 3   7  1 1937  708 1.6 17 10 2 6 27% 191060 17790 100%
c {  0.44  0 129 3   7  4 1937  708 1.6 15 9 2 6 20% 191060 17790 100%
c i  0.52  0 90 3   7  3 2397 1008 1.7 14 8 2 6 22% 191060 17771 100%
c p  0.60  0 69 3   7  3 2880 1303 1.6 12 8 2 6 23% 191060 17771 100%
c k  0.63  0 69 3   7  3 2880 1303 1.6 12 8 2 6 23% 179725 17769 100%
c O  0.70  0 65 3  12  3 3010 1413 1.6 12 8 2 6 23% 179589 17769 100%
c -  0.77  0 60 4  27  3 3270  782 1.6 12 8 2 6 24% 179589 17769 100%
c -  1.16  0 40 5 137  2 5062 1734 1.6 12 8 4 7 24% 179589 17769 100%
c 
c  seconds  reduction conflicts       size  tier2        variables
c         MB    restarts   redundant     glue  trail          remaining
c          level     rate       size/glue tier1  irredundant
c 
c }  1.21  0 39 5 148  2 5279 1917 1.6 12 8 4 7 24% 179589 17769 100%
c [  1.21  0 19 5 148  1 5279 1917 1.6 17 10 2 6 27% 179589 17769 100%
c I  1.37  0 21 5 149  2 6013 2570 1.5 16 11 7 13 27% 179589 17769 100%
c i  1.60  0 22 5 150  2 7166 3611 1.5 16 11 6 12 26% 179589 17767 100%
c -  1.65  0 23 6 150  2 7293 2533 1.5 16 11 6 12 26% 179583 17766 100%
c s  1.72  0 23 6 150  2 7420 2618 1.5 16 11 6 12 26% 161085 17766 100%
c t  1.74  0 23 6 150  2 7420 2618 1.5 16 11 6 12 26% 160969 17765 100%
c e  1.81  0 23 6 150  2 7420  624 1.5 16 11 6 12 26% 151933 7048 40%
c s  1.84  0 23 6 150  2 7420  624 1.5 16 11 6 12 26% 133594 7048 40%
c 2  1.95  0 22 6 150  2 7984 1044 1.5 16 11 6 12 31% 133594 7048 40%
c -  2.26  0 21 7 152  1 9972 1295 1.4 17 12 7 14 32% 124185 7045 40%
c ]  2.26  0 21 7 152  1 9988 1306 1.4 17 12 7 14 32% 124185 7045 40%
c {  2.26  0 39 7 152  2 9988 1306 1.6 12 8 4 7 61% 124185 7045 40%
c #  2.27  0 39 7 157  2 10019 1324 1.6 12 8 4 7 61% 124185 7045 40%
c k  2.36  0 35 7 209  2 10683 1758 1.6 12 8 4 7 57% 124185 7043 40%
c u  2.38  0 35 7 209  2 10683 1734 1.6 12 8 4 7 57% 124185 7043 40%
c v  2.39  0 35 7 209  2 10683 1729 1.6 12 8 4 7 57% 124185 7043 40%
c w  2.39  0 35 7 209  2 10683 1729 1.6 12 8 4 7 57% 124185 7043 40%
c x  2.41  0 35 7 209  2 10683 1726 1.6 12 8 4 7 57% 124183 7043 40%
c -  2.67  0 29 8 310  2 12705 2421 1.6 12 8 4 7 48% 124179 7043 40%
c 
c  seconds  reductions conflicts       size  tier2       variables
c         MB    restarts    redundant     glue  trail         remaining
c          level     rate        size/glue tier1  irredundant
c 
c B  2.97  0 25 8 448  2 15021 4090 1.5 12 8 4 7 43% 124179 7043 40%
c -  3.08  0 24 9 495  2 15788 3523 1.5 12 8 4 7 42% 124179 7043 40%
c i  3.41  0 22 9 622  2 18030 5061 1.5 12 8 4 7 39% 124179 7042 40%
c i  3.45  0 21 9 631  2 18582 5383 1.5 12 8 4 7 38% 124179 7040 40%
c -  3.57  0 21 10 691  2 19232 4166 1.5 12 8 4 7 37% 124160 7040 40%
c k  3.59  0 21 10 695  2 19278 4202 1.5 12 8 4 7 37% 124160 7034 39%
c W  3.96  0 20 10 849  2 21023 5382 1.5 12 8 4 7 36% 124147 7034 39%
c }  4.06  0 20 10 941  2 21763 5879 1.5 12 8 4 8 36% 124147 7034 39%
c [  4.06  0 21 10 941  1 21763 5879 1.4 17 12 7 14 32% 124147 7034 39%
c -  4.22  0 19 11 942  1 23026 5111 1.4 16 11 7 14 31% 124147 7034 39%
c p  4.22  0 19 11 942  1 23026 5148 1.4 16 11 7 14 31% 124147 7034 39%
c u  4.25  0 19 11 942  1 23026 5086 1.4 16 11 7 14 31% 124147 7032 39%
c v  4.26  0 19 11 942  1 23026 5079 1.4 16 11 7 14 31% 124147 7032 39%
c w  4.27  0 19 11 942  1 23026 5075 1.4 16 11 7 14 31% 124147 7032 39%
c s  4.48  0 18 11 942  1 24402 6080 1.4 16 11 7 14 31% 83459 7032 39%
c e  4.50  0 18 11 942  1 24402 5322 1.4 16 11 7 14 31% 83234 6817 38%
c s  4.54  0 18 11 942  1 24402 5293 1.4 16 11 7 14 31% 61342 6817 38%
c -  4.79  0 17 12 943  1 27175 5369 1.5 16 11 7 14 30% 61342 6817 38%
c p  4.80  0 17 12 943  1 27175 5473 1.5 16 11 7 14 30% 61342 6815 38%
c B  4.88  0 17 12 943  1 28025 6052 1.5 16 11 7 14 30% 61342 6815 38%
c 
c  seconds  reductions  conflicts       size   tier2       variables
c         MB     restarts    redundant     glue    trail        remaining
c          level      rate        size/glue  tier1   irredundant
c 
c i  5.03  0 16 12 945  1 29763 7138 1.5 15 10 7 14 29% 61342 6812 38%
c -  5.16  0 17 13 946  1 31296 3714 1.5 15 11 7 14 29% 58116 6812 38%
c p  5.17  0 17 13 946  1 31296 4083 1.5 15 11 7 14 29% 58116 6810 38%
c k  5.18  0 17 13 946  1 31296 4083 1.5 15 11 7 14 29% 58142 6809 38%
c u  5.22  0 17 13 946  1 31296 4053 1.5 15 11 7 14 29% 58128 6809 38%
c v  5.23  0 17 13 946  1 31296 4048 1.5 15 11 7 14 29% 58128 6809 38%
c w  5.23  0 17 13 946  1 31296 4048 1.5 15 11 7 14 29% 58128 6809 38%
c x  5.24  0 17 13 946  1 31296 4048 1.5 15 11 7 14 29% 58124 6809 38%
c t  5.24  0 17 13 946  1 31296 4048 1.5 15 11 7 14 29% 58123 6809 38%
c -  5.61  0 17 14 949  1 35721 4525 1.4 16 11 7 14 30% 58123 6809 38%
c p  5.61  0 17 14 949  1 35721 5103 1.4 16 11 7 14 30% 58123 6809 38%
c W  5.72  0 17 14 949  1 36027 5328 1.4 16 11 7 14 30% 58123 6809 38%
c ]  5.91  0 17 14 950  1 37760 6527 1.4 16 11 7 14 30% 58123 6809 38%
c {  5.91  0 20 14 950  2 37760 6527 1.5 12 8 4 8 36% 58123 6809 38%
c -  6.24  0 19 15 1174  2 40446 5951 1.5 12 8 4 8 35% 58123 6809 38%
c p  6.25  0 19 15 1174  2 40446 6611 1.5 12 8 4 8 35% 58123 6809 38%
c u  6.26  0 19 15 1174  2 40446 6565 1.5 12 8 4 8 35% 58123 6809 38%
c v  6.27  0 19 15 1174  2 40446 6557 1.5 12 8 4 8 35% 58123 6809 38%
c w  6.28  0 19 15 1174  2 40446 6557 1.5 12 8 4 8 35% 58123 6809 38%
c i  6.40  0 18 15 1248  2 41849 7486 1.5 12 8 4 8 34% 58123 6808 38%
c 
c  seconds  reductions   conflicts       size  tier2      variables
c         MB     restarts     redundant     glue  trail        remaining
c          level       rate        size/glue tier1  irredundant
c 
c s  6.66  0 18 15 1273  2 43420 7999 1.5 12 8 4 8 34% 55960 6808 38%
c t  6.66  0 18 15 1273  2 43420 7999 1.5 12 8 4 8 34% 55958 6808 38%
c e  6.67  0 18 15 1273  2 43420 7466 1.5 12 8 4 8 34% 55598 6435 36%
c s  6.76  0 18 15 1273  2 43420 7402 1.5 12 8 4 8 34% 55427 6435 36%
c e  6.77  0 18 15 1273  2 43420 7402 1.5 12 8 4 8 34% 55425 6433 36%
c F  6.96  0 17 15 1426  2 45029 8476 1.5 12 8 4 8 33% 55425 6433 36%
c -  7.03  0 17 16 1450  2 45473 6619 1.5 12 8 4 8 33% 55425 6433 36%
c p  7.03  0 17 16 1450  2 45473 7248 1.5 12 8 4 8 33% 55425 6431 36%
c t  7.03  0 17 16 1450  2 45473 7248 1.5 12 8 4 8 33% 55422 6431 36%
c -  7.62  0 16 17 1733  2 50804 8251 1.5 12 8 4 8 32% 55418 6431 36%
c p  7.63  0 16 17 1733  2 50804 8288 1.5 12 8 4 8 32% 55418 6430 36%
c u  7.66  0 16 17 1733  2 50804 8180 1.5 12 8 4 8 32% 55418 6429 36%
c v  7.67  0 16 17 1733  2 50804 8167 1.5 12 8 4 8 32% 55418 6429 36%
c w  7.67  0 16 17 1733  2 50804 8163 1.5 12 8 4 8 32% 55418 6429 36%
c B  8.14  0 15 17 1994  2 55034 10940 1.5 12 8 4 8 31% 55418 6429 36%
c -  8.32  0 15 18 2057  2 56439 9423 1.5 12 8 4 8 31% 55414 6429 36%
c p  8.33  0 15 18 2057  2 56439 9491 1.5 12 8 4 8 31% 55414 6428 36%
c -  9.04  0 15 19 2470  2 62378 10545 1.5 12 8 4 8 30% 55412 6428 36%
c p  9.05  0 15 19 2470  2 62378 11463 1.5 12 8 4 8 30% 55412 6426 36%
c u  9.07  0 15 19 2470  2 62378 11450 1.5 12 8 4 8 30% 55412 6425 36%
c 
c  seconds  reductions   conflicts        size  tier2      variables
c         MB     restarts      redundant     glue  trail        remaining
c          level       rate         size/glue tier1  irredundant
c 
c v  9.08  0 15 19 2470  2 62378 11436 1.5 12 8 4 8 30% 55412 6425 36%
c w  9.08  0 15 19 2470  2 62378 11432 1.5 12 8 4 8 30% 55412 6425 36%
c x  9.09  0 15 19 2470  2 62378 11431 1.5 12 8 4 8 30% 55404 6425 36%
c }  9.33  0 14 19 2530  2 65280 13374 1.5 12 8 4 8 30% 55404 6425 36%
c [  9.33  0 17 19 2530  1 65280 13374 1.4 16 11 7 14 30% 55404 6425 36%
c O  9.41  0 17 19 2530  1 66035 13808 1.4 16 11 7 14 30% 55404 6425 36%
c s  9.71  0 17 19 2530  1 68277 13559 1.4 16 11 7 14 30% 55008 6425 36%
c t  9.71  0 17 19 2530  1 68277 13559 1.4 16 11 7 14 30% 55007 6425 36%
c e  9.72  0 17 19 2530  1 68277 13223 1.4 16 11 7 14 30% 54978 6394 36%
c s  9.82  0 17 19 2530  1 68277 13055 1.4 16 11 7 14 30% 54971 6394 36%
c e  9.82  0 17 19 2530  1 68277 12968 1.4 16 11 7 14 30% 54947 6385 36%
c -  9.87  0 17 20 2530  1 68625 9730 1.4 16 11 7 14 30% 54947 6385 36%
c p  9.88  0 17 20 2530  1 68625 10474 1.4 16 11 7 14 30% 54947 6385 36%
c - 10.49  0 18 21 2531  1 75178 10530 1.5 17 12 6 12 29% 54947 6385 36%
c p 10.49  0 18 21 2531  1 75178 11049 1.5 17 12 6 12 29% 54947 6380 36%
c u 10.52  0 18 21 2531  1 75178 11011 1.5 17 12 6 12 29% 54947 6380 36%
c v 10.54  0 18 21 2531  1 75178 10998 1.5 17 12 6 12 29% 54947 6380 36%
c w 10.54  0 18 21 2531  1 75178 10995 1.5 17 12 6 12 29% 54947 6380 36%
c t 10.54  0 18 21 2531  1 75178 10994 1.5 17 12 6 12 29% 54947 6380 36%
c B 10.87  0 18 21 2532  1 78037 13236 1.5 17 12 6 12 29% 54947 6380 36%
c 
c  seconds  reductions   conflicts        size   tier2       variables
c         MB     restarts      redundant     glue    trail        remaining
c          level       rate         size/glue  tier1   irredundant
c 
c - 11.30  0 18 22 2535  1 82033 10500 1.5 17 12 6 12 29% 54927 6380 36%
c 2 11.30  0 18 22 2535  1 82033 10500 1.5 17 12 6 12 29% 54926 6380 36%
c p 11.30  0 18 22 2535  1 82033 10534 1.5 17 12 6 12 29% 54926 6380 36%
c t 11.30  0 18 22 2535  1 82033 10534 1.5 17 12 6 12 29% 54925 6380 36%
c - 12.09  0 17 23 2538  1 89194 11435 1.5 17 12 6 12 29% 54925 6380 36%
c p 12.10  0 17 23 2538  1 89194 11519 1.5 17 12 6 12 29% 54925 6380 36%
c u 12.12  0 17 23 2538  1 89194 11479 1.5 17 12 6 12 29% 54925 6380 36%
c v 12.13  0 17 23 2538  1 89194 11475 1.5 17 12 6 12 29% 54925 6380 36%
c w 12.13  0 17 23 2538  1 89194 11472 1.5 17 12 6 12 29% 54925 6380 36%
c x 12.14  0 17 23 2538  1 89194 11471 1.5 17 12 6 12 29% 54925 6380 36%
c W 12.57  0 18 23 2540  1 91039 12791 1.5 17 12 6 12 29% 54925 6380 36%
c ] 12.95  0 18 23 2543  1 95117 15782 1.5 17 12 6 12 29% 54925 6380 36%
c { 12.95  0 14 23 2543  2 95117 15782 1.5 12 8 4 8 30% 54925 6380 36%
c - 13.11  0 14 24 2634  2 96660 12207 1.5 12 8 4 8 29% 54925 6380 36%
c p 13.12  0 14 24 2634  2 96660 12601 1.5 12 8 4 8 29% 54925 6373 36%
c s 13.55  0 14 24 2786  2 99331 12502 1.5 12 8 4 8 29% 54660 6373 36%
c e 13.56  0 14 24 2786  2 99331 12377 1.5 12 8 4 8 29% 54655 6365 36%
c s 13.67  0 14 24 2786  2 99331 12269 1.5 12 8 4 8 29% 54654 6365 36%
c e 13.68  0 14 24 2786  2 99331 12252 1.5 12 8 4 8 29% 54653 6364 36%
c - 14.15  0 14 25 3019  2 104435 12766 1.5 12 8 4 8 29% 54653 6364 36%
c 
c  seconds  reductions   conflicts         size  tier2      variables
c         MB     restarts       redundant     glue  trail        remaining
c          level       rate          size/glue tier1  irredundant
c 
c p 14.16  0 14 25 3019  2 104435 14204 1.5 12 8 4 8 29% 54653 6364 36%
c u 14.18  0 14 25 3019  2 104435 14149 1.5 12 8 4 8 29% 54653 6364 36%
c v 14.19  0 14 25 3019  2 104435 14140 1.5 12 8 4 8 29% 54653 6364 36%
c w 14.19  0 14 25 3019  2 104435 14138 1.5 12 8 4 8 29% 54653 6364 36%
c x 14.21  0 14 25 3019  2 104435 14137 1.5 12 8 4 8 29% 54653 6364 36%
c W 14.31  0 13 25 3028  2 105040 14544 1.5 12 8 4 8 29% 54653 6364 36%
c i 14.81  0 13 25 3277  2 109216 16899 1.5 12 8 4 8 29% 54653 6363 36%
c - 15.27  0 13 26 3460  2 112514 14825 1.5 12 8 4 8 29% 51939 6363 36%
c p 15.27  0 13 26 3460  2 112514 14974 1.5 12 8 4 8 29% 51939 6363 36%
c u 15.29  0 13 26 3460  2 112514 14883 1.5 12 8 4 8 29% 51939 6363 36%
c v 15.30  0 13 26 3460  2 112514 14881 1.5 12 8 4 8 29% 51939 6363 36%
c w 15.30  0 13 26 3460  2 112514 14880 1.5 12 8 4 8 29% 51939 6363 36%
c x 15.31  0 13 26 3460  2 112514 14880 1.5 12 8 4 8 29% 51939 6363 36%
c t 15.32  0 13 26 3460  2 112514 14880 1.5 12 8 4 8 29% 51921 6363 36%
c # 16.16  0 13 26 3710  2 120047 19536 1.5 12 8 4 8 28% 51921 6363 36%
c - 16.27  0 13 27 3756  2 120900 16340 1.5 12 8 4 8 28% 51921 6363 36%
c p 16.28  0 13 27 3756  2 120900 16469 1.5 12 8 4 8 28% 51921 6363 36%
c u 16.30  0 13 27 3756  2 120900 16388 1.5 12 8 4 8 28% 51921 6363 36%
c v 16.31  0 13 27 3756  2 120900 16384 1.5 12 8 4 8 28% 51921 6363 36%
c w 16.31  0 13 27 3756  2 120900 16382 1.5 12 8 4 8 28% 51921 6363 36%
c 
c  seconds  reductions   conflicts         size  tier2      variables
c         MB     restarts       redundant     glue  trail        remaining
c          level       rate          size/glue tier1  irredundant
c 
c x 16.32  0 13 27 3756  2 120900 16382 1.5 12 8 4 8 28% 51920 6363 36%
c - 17.42  0 12 28 4347  2 129594 17669 1.5 12 8 4 8 28% 51920 6363 36%
c p 17.42  0 12 28 4347  2 129594 18779 1.5 12 8 4 8 28% 51920 6359 36%
c u 17.45  0 12 28 4347  2 129594 18761 1.5 12 8 4 8 28% 51920 6359 36%
c v 17.46  0 12 28 4347  2 129594 18757 1.5 12 8 4 8 28% 51920 6359 36%
c w 17.46  0 12 28 4347  2 129594 18751 1.5 12 8 4 8 28% 51920 6359 36%
c x 17.47  0 12 28 4347  2 129594 18751 1.5 12 8 4 8 28% 51920 6359 36%
c } 18.05  0 12 28 4664  2 135861 22657 1.5 12 8 4 8 28% 51920 6359 36%
c [ 18.05  0 18 28 4664  1 135861 22657 1.5 17 12 6 12 29% 51920 6359 36%
c I 18.08  0 18 28 4664  1 136049 22785 1.5 17 12 6 12 29% 51920 6359 36%
c s 18.29  0 18 28 4665  1 136559 19926 1.5 17 12 6 13 29% 51719 6359 36%
c e 18.31  0 18 28 4665  1 136559 18448 1.5 17 12 6 13 29% 51465 6124 34%
c s 18.46  0 18 28 4665  1 136559 18179 1.5 17 12 6 13 29% 51310 6124 34%
c e 18.46  0 18 28 4665  1 136559 18178 1.5 17 12 6 13 29% 51307 6121 34%
c - 18.69  0 18 29 4665  1 138595 15077 1.5 17 12 6 13 24% 51307 6121 34%
c 2 18.69  0 18 29 4665  1 138595 15076 1.5 17 12 6 13 24% 51307 6121 34%
c p 18.70  0 18 29 4665  1 138595 15665 1.5 17 12 6 13 24% 51307 6121 34%
c u 18.72  0 18 29 4665  1 138595 15643 1.5 17 12 6 13 24% 51307 6121 34%
c v 18.72  0 18 29 4665  1 138595 15639 1.5 17 12 6 13 24% 51307 6121 34%
c w 18.73  0 18 29 4665  1 138595 15636 1.5 17 12 6 13 24% 51307 6121 34%
c 
c  seconds  reductions   conflicts         size   tier2       variables
c         MB     restarts       redundant     glue    trail        remaining
c          level       rate          size/glue  tier1   irredundant
c 
c x 18.74  0 18 29 4665  1 138595 15636 1.5 17 12 6 13 24% 51306 6121 34%
c - 19.79  0 18 30 4667  1 147903 16085 1.4 18 12 6 13 25% 51306 6121 34%
c p 19.79  0 18 30 4667  1 147903 16222 1.4 18 12 6 13 25% 51306 6121 34%
c u 19.81  0 18 30 4667  1 147903 16208 1.4 18 12 6 13 25% 51306 6121 34%
c v 19.82  0 18 30 4667  1 147903 16201 1.4 18 12 6 13 25% 51306 6121 34%
c w 19.82  0 18 30 4667  1 147903 16201 1.4 18 12 6 13 25% 51306 6121 34%
c x 19.83  0 18 30 4667  1 147903 16201 1.4 18 12 6 13 25% 51306 6121 34%
c t 19.84  0 18 30 4667  1 147903 16201 1.4 18 12 6 13 25% 51305 6121 34%
c B 20.36  0 19 30 4668  1 153050 20270 1.4 18 13 6 13 26% 51305 6121 34%
c - 20.92  0 19 31 4668  1 157517 16188 1.4 18 13 6 13 27% 51305 6121 34%
c p 20.93  0 19 31 4668  1 157517 17174 1.4 18 13 6 13 27% 51305 6121 34%
c u 21.05  0 19 31 4668  1 157517 17157 1.4 18 13 6 13 27% 51305 6121 34%
c v 21.05  0 19 31 4668  1 157517 17152 1.4 18 13 6 13 27% 51305 6121 34%
c w 21.06  0 19 31 4668  1 157517 17152 1.4 18 13 6 13 27% 51305 6121 34%
c x 21.07  0 19 31 4668  1 157517 17152 1.4 18 13 6 13 27% 51303 6121 34%
c - 22.15  0 18 32 4668  1 167440 17306 1.4 18 12 6 13 28% 51303 6121 34%
c u 22.18  0 18 32 4668  1 167440 17292 1.4 18 12 6 13 28% 51303 6121 34%
c v 22.19  0 18 32 4668  1 167440 17289 1.4 18 12 6 13 28% 51303 6121 34%
c w 22.19  0 18 32 4668  1 167440 17289 1.4 18 12 6 13 28% 51303 6121 34%
c W 22.76  0 18 32 4671  1 171056 19779 1.4 18 12 6 13 28% 51301 6121 34%
c 
c  seconds  reductions   conflicts         size   tier2       variables
c         MB     restarts       redundant     glue    trail        remaining
c          level       rate          size/glue  tier1   irredundant
c 
c ] 23.42  0 18 32 4675  1 177399 24270 1.4 18 12 6 13 28% 51301 6121 34%
c { 23.42  0 12 32 4675  2 177399 24270 1.5 12 8 4 8 32% 51301 6121 34%
c - 23.47  0 12 33 4691  2 177669 18275 1.5 12 8 4 8 32% 51301 6121 34%
c p 23.49  0 12 33 4691  2 177669 18749 1.5 12 8 4 8 32% 51301 6121 34%
c u 23.53  0 12 33 4691  2 177669 18697 1.5 12 8 4 8 32% 51301 6121 34%
c v 23.54  0 12 33 4691  2 177669 18687 1.5 12 8 4 8 32% 51301 6121 34%
c w 23.55  0 12 33 4691  2 177669 18685 1.5 12 8 4 8 32% 51301 6121 34%
c s 23.98  0 12 33 4747  2 179505 18690 1.5 12 8 4 8 32% 51235 6121 34%
c e 23.99  0 12 33 4747  2 179505 18689 1.5 12 8 4 8 32% 51234 6120 34%
c s 24.16  0 12 33 4747  2 179505 18496 1.5 12 8 4 8 32% 51227 6120 34%
c - 25.17  0 12 34 5237  2 188207 20210 1.5 12 8 4 8 31% 51227 6120 34%
c p 25.17  0 12 34 5237  2 188207 21528 1.5 12 8 4 8 31% 51227 6120 34%
c u 25.19  0 12 34 5237  2 188207 21514 1.5 12 8 4 8 31% 51227 6120 34%
c v 25.20  0 12 34 5237  2 188207 21504 1.5 12 8 4 8 31% 51227 6120 34%
c w 25.21  0 12 34 5237  2 188207 21504 1.5 12 8 4 8 31% 51227 6120 34%
c x 25.22  0 12 34 5237  2 188207 21503 1.5 12 8 4 8 31% 51227 6120 34%
c B 25.44  0 12 34 5329  2 190057 22502 1.5 12 8 4 8 31% 51227 6120 34%
c - 26.50  0 12 35 5725  2 199053 23588 1.5 12 8 4 8 31% 51227 6120 34%
c p 26.51  0 12 35 5725  2 199053 23745 1.5 12 8 4 8 31% 51227 6120 34%
c u 26.53  0 12 35 5725  2 199053 23724 1.5 12 8 4 8 31% 51227 6120 34%
c 
c  seconds  reductions   conflicts         size  tier2      variables
c         MB     restarts       redundant     glue  trail        remaining
c          level       rate          size/glue tier1  irredundant
c 
c v 26.53  0 12 35 5725  2 199053 23719 1.5 12 8 4 8 31% 51227 6120 34%
c w 26.54  0 12 35 5725  2 199053 23718 1.5 12 8 4 8 31% 51227 6120 34%
c x 26.55  0 12 35 5725  2 199053 23714 1.5 12 8 4 8 31% 51188 6120 34%
c t 26.55  0 12 35 5725  2 199053 23712 1.5 12 8 4 8 31% 51185 6120 34%
c i 27.10  0 11 35 5831  1 205092 26905 1.5 12 8 3 6 31% 51185 6118 34%
c W 27.75  0 11 35 6197  1 210059 21671 1.5 12 8 3 6 31% 48628 6118 34%
c - 27.79  0 11 36 6215  1 210210 14173 1.5 12 8 3 6 31% 48628 6118 34%
c p 27.80  0 11 36 6215  1 210210 15334 1.5 12 8 3 6 31% 48628 6116 34%
c u 27.83  0 11 36 6215  1 210210 15296 1.5 12 8 3 6 31% 48628 6116 34%
c v 27.84  0 11 36 6215  1 210210 15286 1.5 12 8 3 6 31% 48628 6116 34%
c x 27.85  0 11 36 6215  1 210210 15285 1.5 12 8 3 6 31% 48625 6116 34%
c - 29.19  0 11 37 6895  1 221672 15601 1.5 12 8 3 6 30% 48608 6116 34%
c p 29.20  0 11 37 6895  1 221672 16153 1.5 12 8 3 6 30% 48608 6116 34%
c u 29.22  0 11 37 6895  1 221672 16113 1.5 12 8 3 6 30% 48608 6116 34%
c v 29.23  0 11 37 6895  1 221672 16100 1.5 12 8 3 6 30% 48608 6116 34%
c x 29.24  0 11 37 6895  1 221672 16100 1.5 12 8 3 6 30% 48607 6116 34%
c s 30.14  0 11 37 7304  1 228550 17793 1.5 12 8 3 6 30% 48341 6116 34%
c e 30.15  0 11 37 7304  1 228550 16735 1.5 12 8 3 6 30% 48078 5835 33%
c s 30.30  0 11 37 7304  1 228550 16553 1.5 12 8 3 6 30% 47924 5835 33%
c e 30.30  0 11 37 7304  1 228550 16550 1.5 12 8 3 6 30% 47915 5829 33%
c 
c  seconds  reductions   conflicts         size  tier2      variables
c         MB     restarts       redundant     glue  trail        remaining
c          level       rate          size/glue tier1  irredundant
c 
c F 30.58  0 11 37 7326  1 231060 18648 1.5 12 8 3 6 30% 47915 5829 33%
c - 30.83  0 11 38 7435  1 233442 15499 1.5 12 8 3 6 30% 47915 5829 33%
c p 30.84  0 11 38 7435  1 233442 15760 1.5 12 8 3 6 30% 47915 5829 33%
c u 30.86  0 11 38 7435  1 233442 15739 1.5 12 8 3 6 30% 47915 5829 33%
c v 30.86  0 11 38 7435  1 233442 15719 1.5 12 8 3 6 30% 47915 5829 33%
c w 30.86  0 11 38 7435  1 233442 15719 1.5 12 8 3 6 30% 47915 5829 33%
c x 30.88  0 11 38 7435  1 233442 15718 1.5 12 8 3 6 30% 47914 5829 33%
c } 31.22  0 11 38 7761  1 237184 18032 1.5 12 8 3 6 30% 47914 5829 33%
c [ 31.22  0 18 38 7761  1 237184 18032 1.4 18 12 6 13 28% 47914 5829 33%
c - 32.00  0 17 39 7766  1 245521 17074 1.4 18 12 6 13 28% 47914 5829 33%
c p 32.01  0 17 39 7766  1 245521 17933 1.4 18 12 6 13 28% 47914 5828 33%
c u 32.12  0 17 39 7766  1 245521 17850 1.4 18 12 6 13 28% 45556 5828 33%
c v 32.13  0 17 39 7766  1 245521 17846 1.4 18 12 6 13 28% 45556 5828 33%
c w 32.13  0 17 39 7766  1 245521 17846 1.4 18 12 6 13 28% 45556 5828 33%
c x 32.15  0 17 39 7766  1 245521 17846 1.4 18 12 6 13 28% 45551 5828 33%
c O 33.04  0 18 39 7769  1 253062 23779 1.4 18 12 6 13 28% 45551 5828 33%
c - 33.58  0 18 40 7769  1 257908 16536 1.4 18 12 6 13 27% 45551 5828 33%
c p 33.60  0 18 40 7769  1 257908 17005 1.4 18 12 6 13 27% 45551 5826 33%
c u 33.62  0 18 40 7769  1 257908 16963 1.4 18 12 6 13 27% 45551 5826 33%
c v 33.63  0 18 40 7769  1 257908 16955 1.4 18 12 6 13 27% 45551 5826 33%
c 
c  seconds  reductions   conflicts         size   tier2       variables
c         MB     restarts       redundant     glue    trail        remaining
c          level       rate          size/glue  tier1   irredundant
c 
c w 33.63  0 18 40 7769  1 257908 16955 1.4 18 12 6 13 27% 45551 5826 33%
c x 33.65  0 18 40 7769  1 257908 16955 1.4 18 12 6 13 27% 45549 5826 33%
c - 35.23  0 17 41 7776  1 270605 16090 1.4 18 12 4 12 28% 45533 5826 33%
c p 35.24  0 17 41 7776  1 270605 16614 1.4 18 12 4 12 28% 45533 5825 33%
c u 35.28  0 17 41 7776  1 270605 16557 1.4 18 12 4 12 28% 45533 5825 33%
c v 35.29  0 17 41 7776  1 270605 16542 1.4 18 12 4 12 28% 45533 5825 33%
c w 35.29  0 17 41 7776  1 270605 16542 1.4 18 12 4 12 28% 45533 5825 33%
c B 35.82  0 17 41 7779  1 276063 20699 1.5 18 12 4 12 28% 45533 5825 33%
c s 36.55  0 18 41 7783  1 283255 24972 1.5 18 12 4 12 28% 45217 5825 33%
c e 36.56  0 18 41 7783  1 283255 20784 1.5 18 12 4 12 28% 42227 5315 30%
c s 36.66  0 18 41 7783  1 283255 20738 1.5 18 12 4 12 28% 41859 5315 30%
c e 36.66  0 18 41 7783  1 283255 20638 1.5 18 12 4 12 28% 41839 5292 30%
c - 36.72  0 18 42 7783  1 283610 13119 1.4 18 12 4 12 31% 41839 5292 30%
c p 36.73  0 18 42 7783  1 283610 14126 1.4 18 12 4 12 31% 41839 5292 30%
c u 36.75  0 18 42 7783  1 283610 14094 1.4 18 12 4 12 31% 41839 5292 30%
c v 36.76  0 18 42 7783  1 283610 14077 1.4 18 12 4 12 31% 41839 5292 30%
c w 36.76  0 18 42 7783  1 283610 14077 1.4 18 12 4 12 31% 41839 5292 30%
c t 36.77  0 18 42 7783  1 283610 14077 1.4 18 12 4 12 31% 41838 5292 30%
c - 38.24  0 18 43 7785  1 296924 13948 1.4 18 13 4 12 31% 41838 5292 30%
c p 38.25  0 18 43 7785  1 296924 14112 1.4 18 13 4 12 31% 41838 5292 30%
c 
c  seconds  reductions   conflicts         size   tier2       variables
c         MB     restarts       redundant     glue    trail        remaining
c          level       rate          size/glue  tier1   irredundant
c 
c u 38.28  0 18 43 7785  1 296924 14034 1.4 18 13 4 12 31% 41838 5292 30%
c v 38.29  0 18 43 7785  1 296924 14013 1.4 18 13 4 12 31% 41838 5292 30%
c t 38.30  0 18 43 7785  1 296924 14011 1.4 18 13 4 12 31% 41836 5292 30%
c ] 38.63  0 17 43 7785  1 300002 16007 1.4 18 13 4 12 31% 41836 5292 30%
c { 38.63  0 11 43 7785  1 300002 16007 1.5 12 8 3 6 34% 41836 5292 30%
c B 38.64  0 11 43 7788  1 300065 16042 1.5 12 8 3 6 34% 41836 5292 30%
c - 39.74  0 11 44 8221  1 310546 15526 1.5 12 8 3 6 34% 41836 5292 30%
c p 39.75  0 11 44 8221  1 310546 16709 1.5 12 8 3 6 34% 41836 5292 30%
c u 39.79  0 11 44 8221  1 310546 16615 1.5 12 8 3 6 34% 41836 5292 30%
c v 39.80  0 11 44 8221  1 310546 16601 1.5 12 8 3 6 34% 41836 5292 30%
c w 39.80  0 11 44 8221  1 310546 16601 1.5 12 8 3 6 34% 41836 5292 30%
c t 39.80  0 11 44 8221  1 310546 16600 1.5 12 8 3 6 34% 41836 5292 30%
c - 41.04  0 11 45 8854  1 324478 18780 1.5 12 8 3 6 33% 41836 5292 30%
c p 41.05  0 11 45 8854  1 324478 18988 1.5 12 8 3 6 33% 41836 5292 30%
c u 41.07  0 11 45 8854  1 324478 18962 1.5 12 8 3 6 33% 41836 5292 30%
c v 41.08  0 11 45 8854  1 324478 18958 1.5 12 8 3 6 33% 41836 5292 30%
c x 41.09  0 11 45 8854  1 324478 18956 1.5 12 8 3 6 33% 41835 5292 30%
c W 41.54  0 11 45 8892  1 325068 19231 1.5 12 8 3 6 33% 41835 5292 30%
c - 43.07  0 11 46 9576  1 338718 20638 1.5 12 8 3 6 32% 41835 5292 30%
c p 43.08  0 11 46 9576  1 338718 21855 1.5 12 8 3 6 32% 41835 5289 30%
c 
c  seconds  reductions   conflicts         size  tier2      variables
c         MB     restarts       redundant     glue  trail        remaining
c          level       rate          size/glue tier1  irredundant
c 
c u 43.13  0 11 46 9576  1 338718 21711 1.5 12 8 3 6 32% 41835 5289 30%
c v 43.14  0 11 46 9576  1 338718 21707 1.5 12 8 3 6 32% 41835 5289 30%
c w 43.14  0 11 46 9576  1 338718 21706 1.5 12 8 3 6 32% 41835 5289 30%
c t 43.14  0 11 46 9576  1 338718 21705 1.5 12 8 3 6 32% 41835 5289 30%
c s 43.75  0 11 46 9843  1 342919 20013 1.5 12 8 3 6 32% 39940 5289 30%
c t 43.76  0 11 46 9843  1 342919 20010 1.5 12 8 3 6 32% 39940 5289 30%
c e 43.77  0 11 46 9843  1 342919 19357 1.5 12 8 3 6 32% 39798 5165 29%
c s 43.93  0 11 46 9843  1 342919 19065 1.5 12 8 3 6 32% 39739 5165 29%
c e 43.94  0 11 46 9843  1 342919 19051 1.5 12 8 3 6 32% 39719 5151 29%
c # 44.74  0 11 46 10235  1 351069 23928 1.5 12 8 3 6 32% 39719 5151 29%
c - 44.95  0 11 47 10287  1 353268 19054 1.5 12 8 3 6 31% 39719 5151 29%
c p 44.96  0 11 47 10287  1 353268 19351 1.5 12 8 3 6 31% 39719 5148 29%
c u 44.99  0 11 47 10287  1 353268 19289 1.5 12 8 3 6 31% 39719 5148 29%
c v 44.99  0 11 47 10287  1 353268 19276 1.5 12 8 3 6 31% 39719 5148 29%
c x 45.01  0 11 47 10287  1 353268 19274 1.5 12 8 3 6 31% 39718 5148 29%
c - 46.41  0 11 48 11049  1 368128 21999 1.5 12 8 3 6 31% 39707 5148 29%
c p 46.43  0 11 48 11049  1 368128 22599 1.5 12 8 3 6 31% 39707 5148 29%
c u 46.59  0 11 48 11049  1 368128 22472 1.5 12 8 3 6 31% 39707 5148 29%
c v 46.61  0 11 48 11049  1 368128 22460 1.5 12 8 3 6 31% 39707 5148 29%
c t 46.61  0 11 48 11049  1 368128 22459 1.5 12 8 3 6 31% 39707 5148 29%
c 
c  seconds  reductions    conflicts         size  tier2      variables
c         MB      restarts       redundant     glue  trail        remaining
c          level        rate          size/glue tier1  irredundant
c 
c B 47.73  0 10 48 11378  1 378071 27840 1.5 12 8 3 6 30% 39707 5148 29%
c - 48.41  0 10 49 11898  1 383297 22462 1.5 12 8 3 6 30% 39707 5148 29%
c p 48.42  0 10 49 11898  1 383297 23019 1.5 12 8 3 6 30% 39707 5147 29%
c u 48.47  0 10 49 11898  1 383297 22986 1.5 12 8 3 6 30% 39707 5147 29%
c v 48.49  0 10 49 11898  1 383297 22973 1.5 12 8 3 6 30% 39707 5147 29%
c } 48.79  0 10 49 11989  1 385770 24326 1.5 12 8 3 6 30% 39707 5147 29%
c [ 48.79  0 17 49 11989  1 385770 24326 1.4 18 13 4 12 31% 39707 5147 29%
c - 50.04  0 17 50 11990  1 398775 22259 1.4 18 13 4 12 29% 39700 5147 29%
c p 50.05  0 17 50 11990  1 398775 23111 1.4 18 13 4 12 29% 39700 5147 29%
c u 50.08  0 17 50 11990  1 398775 23088 1.4 18 13 4 12 29% 39700 5147 29%
c v 50.09  0 17 50 11990  1 398775 23070 1.4 18 13 4 12 29% 39700 5147 29%
c w 50.09  0 17 50 11990  1 398775 23070 1.4 18 13 4 12 29% 39700 5147 29%
c x 50.10  0 17 50 11990  1 398775 23066 1.4 18 13 4 12 29% 39697 5147 29%
c W 51.04  0 17 50 11990  1 406076 28547 1.4 18 13 4 12 29% 39697 5147 29%
c s 51.42  0 17 50 11990  1 407751 26128 1.4 18 13 4 12 29% 38904 5147 29%
c t 51.42  0 17 50 11990  1 407751 26128 1.4 18 13 4 12 29% 38902 5147 29%
c e 51.43  0 17 50 11990  1 407751 25851 1.4 18 13 4 12 29% 38874 5119 29%
c s 51.59  0 17 50 11990  1 407751 25617 1.4 18 13 4 12 29% 38854 5119 29%
c e 51.59  0 17 50 11990  1 407751 25602 1.4 18 13 4 12 29% 38835 5105 29%
c - 52.35  0 17 51 11990  1 414564 19145 1.4 18 13 4 12 29% 38835 5105 29%
c 
c  seconds  reductions    conflicts         size   tier2       variables
c         MB      restarts       redundant     glue    trail        remaining
c          level        rate          size/glue  tier1   irredundant
c 
c 2 52.35  0 17 51 11990  1 414564 19145 1.4 18 13 4 12 29% 38834 5105 29%
c p 52.36  0 17 51 11990  1 414564 19545 1.4 18 13 4 12 29% 38834 5105 29%
c u 52.40  0 17 51 11990  1 414564 19486 1.4 18 13 4 12 29% 38834 5105 29%
c v 52.42  0 17 51 11990  1 414564 19465 1.4 18 13 4 12 29% 38834 5105 29%
c i 53.43  0 17 51 11990  1 423539 25686 1.4 18 12 4 12 28% 38834 5103 29%
c - 54.14  0 17 52 11991  1 430660 17074 1.4 18 13 4 12 28% 36622 5103 29%
c 2 54.14  0 17 52 11991  1 430660 17073 1.4 18 13 4 12 28% 36622 5103 29%
c p 54.15  0 17 52 11991  1 430660 17841 1.4 18 13 4 12 28% 36622 5102 29%
c u 54.18  0 17 52 11991  1 430660 17817 1.4 18 13 4 12 28% 36622 5102 29%
c v 54.19  0 17 52 11991  1 430660 17802 1.4 18 13 4 12 28% 36622 5102 29%
c w 54.19  0 17 52 11991  1 430660 17802 1.4 18 13 4 12 28% 36622 5102 29%
c t 54.20  0 17 52 11991  1 430660 17800 1.4 18 13 4 12 28% 36621 5102 29%
c I 54.56  0 18 52 11994  1 435078 21439 1.4 18 13 4 12 27% 36621 5102 29%
c - 55.67  0 18 53 12001  1 447069 18252 1.4 18 13 4 12 27% 36612 5102 29%
c p 55.68  0 18 53 12001  1 447069 18766 1.4 18 13 4 12 27% 36612 5102 29%
c u 55.73  0 18 53 12001  1 447069 18723 1.4 18 13 4 12 27% 36612 5102 29%
c v 55.75  0 18 53 12001  1 447069 18704 1.4 18 13 4 12 27% 36612 5102 29%
c w 55.75  0 18 53 12001  1 447069 18704 1.4 18 13 4 12 27% 36612 5102 29%
c - 57.67  0 18 54 12006  1 463784 19159 1.4 18 13 3 11 27% 36612 5102 29%
c p 57.68  0 18 54 12006  1 463784 19816 1.4 18 13 3 11 27% 36612 5102 29%
c 
c  seconds  reductions    conflicts         size   tier2       variables
c         MB      restarts       redundant     glue    trail        remaining
c          level        rate          size/glue  tier1   irredundant
c 
c u 57.72  0 18 54 12006  1 463784 19756 1.4 18 13 3 11 27% 36612 5102 29%
c v 57.74  0 18 54 12006  1 463784 19741 1.4 18 13 3 11 27% 36612 5102 29%
c w 57.75  0 18 54 12006  1 463784 19741 1.4 18 13 3 11 27% 36612 5102 29%
c B 57.89  0 18 54 12007  1 465079 20791 1.4 18 13 3 11 27% 36612 5102 29%
c ] 58.49  0 17 54 12011  1 470155 24435 1.4 18 13 3 11 27% 36612 5102 29%
c { 58.49  0 10 54 12011  1 470155 24435 1.5 12 8 3 6 30% 36612 5102 29%
c s 59.42  0 10 54 12370  1 478008 27787 1.5 12 8 3 6 30% 36479 5102 29%
c e 59.44  0 10 54 12370  1 478008 27603 1.5 12 8 3 6 30% 36252 4898 27%
c s 59.58  0 10 54 12370  1 478008 27474 1.5 12 8 3 6 30% 36118 4898 27%
c e 59.59  0 10 54 12370  1 478008 27466 1.5 12 8 3 6 30% 36114 4891 27%
c - 59.89  0 10 55 12426  1 480811 20647 1.5 12 8 3 6 30% 36114 4891 27%
c p 59.91  0 10 55 12426  1 480811 21095 1.5 12 8 3 6 30% 36114 4890 27%
c u 59.94  0 10 55 12426  1 480811 21061 1.5 12 8 3 6 30% 36114 4890 27%
c v 59.96  0 10 55 12426  1 480811 21047 1.5 12 8 3 6 30% 36114 4890 27%
c x 59.98  0 10 55 12426  1 480811 21045 1.5 12 8 3 6 30% 36105 4890 27%
c t 59.98  0 10 55 12426  1 480811 21045 1.5 12 8 3 6 30% 36104 4890 27%
c W 62.10  0 10 55 12804  1 496083 29146 1.5 11 8 3 6 29% 36099 4890 27%
c - 62.36  0 10 56 12850  1 498146 24280 1.5 11 8 3 6 29% 36099 4890 27%
c p 62.37  0 10 56 12850  1 498146 24896 1.5 11 8 3 6 29% 36099 4890 27%
c u 62.42  0 10 56 12850  1 498146 24852 1.5 11 8 3 6 29% 36099 4890 27%
c 
c  seconds  reductions    conflicts         size  tier2      variables
c         MB      restarts       redundant     glue  trail        remaining
c          level        rate          size/glue tier1  irredundant
c 
c v 62.44  0 10 56 12850  1 498146 24821 1.5 11 8 3 6 29% 36099 4890 27%
c t 62.44  0 10 56 12850  1 498146 24820 1.5 11 8 3 6 29% 36099 4890 27%
c i 62.71  0 10 56 12860  1 500515 25969 1.5 11 8 3 6 29% 36099 4888 27%
c - 64.23  0 10 57 13547  1 515790 22629 1.5 11 7 3 6 28% 34057 4888 27%
c p 64.24  0 10 57 13547  1 515790 23143 1.5 11 7 3 6 28% 34057 4887 27%
c u 64.27  0 10 57 13547  1 515790 23057 1.5 11 7 3 6 28% 34057 4887 27%
c v 64.28  0 10 57 13547  1 515790 23028 1.5 11 7 3 6 28% 34057 4887 27%
c w 64.28  0 10 57 13547  1 515790 23028 1.5 11 7 3 6 28% 34057 4887 27%
c i 65.03  0 10 57 13674  1 523101 26671 1.5 11 7 3 6 28% 34057 4885 27%
c F 65.63  0 10 57 13886  1 528084 29641 1.5 11 7 3 6 28% 34057 4885 27%
c - 66.32  0 10 58 14064  1 533744 21690 1.5 11 7 3 6 27% 32129 4885 27%
c p 66.33  0 10 58 14064  1 533744 22387 1.5 11 7 3 6 27% 32129 4884 27%
c u 66.54  0 10 58 14064  1 533744 22288 1.5 11 7 3 6 27% 32121 4884 27%
c v 66.56  0 10 58 14064  1 533744 22264 1.5 11 7 3 6 27% 32121 4884 27%
c t 66.56  0 10 58 14064  1 533744 22263 1.5 11 7 3 6 27% 32121 4884 27%
c i 67.31  0 10 58 14222  1 540404 25721 1.5 11 7 3 6 27% 32121 4883 27%
c i 67.75  0 10 58 14267  1 544721 28190 1.5 11 7 3 6 27% 32121 4882 27%
c i 68.01  0  9 58 14309  1 547694 29652 1.5 11 7 3 6 27% 32121 4881 27%
c i 68.17  0  9 58 14343  1 549407 30409 1.5 11 7 3 6 27% 32121 4878 27%
c i 68.19  0  9 58 14343  1 549555 30456 1.5 11 7 3 6 27% 32121 4873 27%
c 
c  seconds  reductions    conflicts         size  tier2      variables
c         MB      restarts       redundant     glue  trail        remaining
c          level        rate          size/glue tier1  irredundant
c 
c i 68.41  0  9 58 14423  1 551969 31611 1.5 11 7 3 6 27% 32121 4871 27%
c - 68.44  0  9 59 14423  1 552008 15440 1.5 11 7 3 6 27% 22440 4871 27%
c 2 68.44  0  9 59 14423  1 552008 15435 1.5 11 7 3 6 27% 22440 4871 27%
c p 68.45  0  9 59 14423  1 552008 16709 1.5 11 7 3 6 27% 22440 4860 27%
c u 68.48  0  9 59 14423  1 552008 16625 1.5 11 7 3 6 27% 22440 4860 27%
c v 68.49  0  9 59 14423  1 552008 16603 1.5 11 7 3 6 27% 22440 4860 27%
c w 68.49  0  9 59 14423  1 552008 16603 1.5 11 7 3 6 27% 22440 4860 27%
c x 68.51  0  9 59 14423  1 552008 16590 1.5 11 7 3 6 27% 22393 4860 27%
c t 68.51  0  9 59 14423  1 552008 16571 1.5 11 7 3 6 27% 22393 4860 27%
c s 68.64  0  9 59 14431  1 553002 14261 1.5 11 7 3 6 27% 20901 4860 27%
c t 68.65  0  9 59 14431  1 553002 14257 1.5 11 7 3 6 27% 20901 4860 27%
c e 68.66  0  9 59 14431  1 553002 10396 1.5 11 7 3 6 27% 18164 2789 16%
c s 68.70  0  9 59 14431  1 553002 9860 1.5 11 7 3 6 27% 17149 2789 16%
c e 68.70  0  9 59 14431  1 553002 9702 1.5 11 7 3 6 27% 16730 2618 15%
c i 68.72  0  9 59 14431  1 553055 9393 1.5 11 7 3 6 24% 16730 2615 15%
c i 68.94  0  9 59 14441  1 556849 11349 1.5 11 7 3 6 27% 16730 2543 14%
c i 68.98  0  9 59 14441  1 557506 11780 1.5 11 7 3 6 27% 16730 2505 14%
c i 68.98  0  9 59 14441  1 557540 11789 1.5 11 7 3 6 27% 16730 2501 14%
c i 68.99  0  9 59 14441  1 557701 11861 1.5 11 7 3 6 27% 16730 2455 14%
c i 68.99  0  9 59 14441  1 557716 11869 1.5 11 7 3 6 27% 16730 2451 14%
c 
c  seconds  reductions    conflicts         size  tier2      variables
c         MB      restarts       redundant     glue  trail        remaining
c          level        rate          size/glue tier1  irredundant
c 
c i 68.99  0  9 59 14441  1 557737 11881 1.5 11 7 3 6 27% 16730 2446 14%
c i 68.99  0  9 59 14441  1 557786 11900 1.5 11 7 3 6 27% 16730 2312 13%
c i 68.99  0  9 59 14441  1 557788 11900 1.5 11 7 3 6 27% 16730 2290 13%
c i 68.99  0  9 59 14441  1 557789 11900 1.5 11 7 3 6 27% 16730 2200 12%
c } 68.99  0  9 59 14441  1 557793 11902 1.5 11 7 3 6 27% 16730 1860 10%
c 0 68.99  0  9 59 14441  1 557793 11902 1.5 11 7 3 6 27% 16730 1860 10%
c 
c --- [ closing proof ] ------------------------------------------------------
c 
c LRAT proof file 'runs/n4_k12_sym.lrat' closed
c LRAT 681965 added clauses 43.51%
c LRAT 885433 deleted clauses 56.49%
c LRAT 192888355 bytes (183.95 MB)
c 
c --- [ result ] -------------------------------------------------------------
c 
s UNSATISFIABLE
c 
c --- [ run-time profiling ] -------------------------------------------------
c 
c process time taken by individual solving procedures
c (percentage relative to process time for solving)
c 
c        62.05   90.04% search
c        34.60   50.21% unstable
c        25.54   37.06% stable
c         6.87    9.96% simplify
c         3.04    4.40% subsume
c         2.03    2.95% vivify
c         1.89    2.74% walk
c         0.66    0.95% sweep
c         0.24    0.34% elim
c         0.23    0.34% probe
c         0.16    0.24% congruence
c         0.10    0.15% ternary
c         0.07    0.11% parse
c         0.05    0.08% backbone
c         0.02    0.03% lucky
c   =================================
c        68.92   99.89% solve
c 
c last line shows process time for solving
c (percentage relative to total process time)
c 
c --- [ statistics ] ---------------------------------------------------------
c 
c chronological:             96673        17.33 %  of conflicts
c conflicts:                557793      8093.56    per second
c backbone:                1261798      7083.98 %  of vars
c decisions:                708920     10286.41    per second
c eliminated:                15048        84.48 %  of all variables
c fixed:                       904         5.08 %  of all variables
c learned:                  545786        97.85 %  per conflict
c learned_lits:           12921947       100.00 %  learned literals
c minimized:                     0         0.00 %  learned literals
c shrunken:                3929559        30.41 %  learned literals
c minishrunken:            1223241         9.47 %  learned literals
c otfs:                       1591         0.29 %  of conflict
c propagations:          225622987         3.27 M  per second
c reduced:                  264216        47.37 %  per conflict
c rephased:                     32     17431.03    interval
c restarts:                  14441        38.63    interval
c stabilizing:                   7        43.01 %  of conflicts
c subsumed:                 318804        37.39 %  of all clauses
c strengthened:              43017         5.05 %  of all clauses
c ticks:                2109952381         9.74    propagation
c vivified:                   2853         0.33 %  of all clauses
c walked:                        9     61977.00    interval
c weakened:                  57755         2.85    average size
c 
c seconds are measured in process time for solving
c 
c --- [ glue usage ] ---------------------------------------------------------
c 
c focused glue 2 used 228610 clauses 19.79% accumulated 51.26% tier1
c focused glue 3 used 142233 clauses 12.31% accumulated 63.57%
c focused glue 4 used 89009 clauses 7.707% accumulated 71.28% tier2
c 
c stable glue 3 used 88772 clauses 9.649% accumulated 51.74% tier1
c stable glue 4 used 57383 clauses 6.237% accumulated 57.97%
c stable glue 5-9 used 177679 clauses 19.31% accumulated 77.29%
c stable glue 10 used 28243 clauses 3.069% accumulated 80.36%
c stable glue 11 used 26273 clauses 2.855% accumulated 83.21% tier2
c 
c 
c --- [ resources ] ----------------------------------------------------------
c 
c total process time since initialization:        68.99    seconds
c total real time since initialization:          320.94    seconds
c maximum resident set size of process:           86.05    MB
c 
c --- [ shutting down ] ------------------------------------------------------
c 
c exit 20
