c --- [ banner ] -------------------------------------------------------------
c 
c CaDiCaL SAT Solver
c Copyright (c) 2016-2026
c A. Biere, M. Fleury, N. Froleyks, K. Fazekas, F. Pollitt, T. Faller
c JKU Linz, University of Freiburg, TU Wien
c 
c Version 3.0.1
c Apple clang version 21.0.0 (clang-2100.0.123.102) -Wall -Wextra -O3 -DNDEBUG -DNCLOSEFROM
c Sun Jul 19 15:40:55 UTC 2026 Darwin Tahoe-arm64.local 25.4.0 arm64
c 
c --- [ limit ] --------------------------------------------------------------
c 
c setting time limit to 3600 seconds real time (due to '-t 3600')
c 
c --- [ proof tracing ] ------------------------------------------------------
c 
c opening file to write 'runs/n4_k12_nosym.lrat'
c writing non-binary proof trace to 'runs/n4_k12_nosym.lrat'
c 
c --- [ parsing input ] ------------------------------------------------------
c 
c reading DIMACS file from 'runs/n4_k12_nosym.cnf'
c opening file to read 'runs/n4_k12_nosym.cnf'
c found 'p cnf 14932 224365' header
c parsed 224365 clauses in 0.12 seconds process time
c 
c --- [ options ] ------------------------------------------------------------
c 
c   --binary=false                 (different from default 'true')
c   --lrat=true                    (different from default 'false')
c 
c --- [ solving ] ------------------------------------------------------------
c 
c time measured in process time since initialization
c 
c  seconds  reduction conflicts       size tier2        variables
c         MB    restarts   redundant    glue  trail          remaining
c          level     rate       size/glu tier1  irredundant
c 
c *  0.12  0  0 0   0  0    0    0 0.0 0 0 2 6  0% 224364 14931 100%
c )  0.15  0  0 0   0  0    0    0 0.0 0 0 2 6  0% 224364 14931 100%
c {  0.16  0  0 0   0  0    0    0 0.0 0 0 2 6  0% 224364 14931 100%
c i  0.16  0  1 0   0 51    1    0 0.0 1 0 2 6  5% 224364 14926 100%
c i  0.16  0  1 0   0 50    2    0 0.0 1 0 2 6  4% 224364 14923 100%
c i  0.17  0 42 0   0 15   11    7 1.8 3 2 2 6 10% 224364 14922 100%
c i  0.17  0 44 0   0 12   14    9 1.8 2 1 2 6 10% 224364 14920 100%
c i  0.17  0 44 0   0 10   16   10 1.9 2 1 2 6 10% 224364 14918 100%
c i  0.17  0 46 0   0  5   37   26 1.8 3 2 2 6 10% 224364 14915 100%
c -  0.27  0 20 1  47  4  300  212 1.6 7 5 2 6 20% 224286 14908 100%
c i  0.27  0 18 1  47  4  340  233 1.6 7 4 2 6 19% 224286 14905 100%
c i  0.27  0 17 1  47  4  359  248 1.6 6 4 2 6 18% 224286 14904 100%
c i  0.38  0 17 1  95  4  723  541 1.5 7 5 2 6 21% 224286 14898 100%
c -  0.47  0 17 2 129  4  885  494 1.5 8 5 2 6 23% 224199 14898 100%
c }  0.50  0 18 2 157  4 1002  606 1.5 8 5 2 6 23% 224199 14898 100%
c [  0.50  0  0 2 157  0 1002  606 0.0 0 0 2 6  0% 224199 14898 100%
c O  0.50  0  5 2 157  6 1003  607 1.2 6 5 2 6 26% 224199 14898 100%
c -  0.68  0 14 3 157  2 1888  945 1.4 9 7 2 6 26% 224199 14898 100%
c ]  0.77  0 13 3 158  2 2469 1477 1.5 10 6 2 6 26% 224199 14898 100%
c {  0.77  0 18 3 158  4 2469 1477 1.5 8 5 2 6 23% 224199 14898 100%
c 
c  seconds  reduction conflicts       size tier2        variables
c         MB    restarts   redundant    glue  trail          remaining
c          level     rate       size/glu tier1  irredundant
c 
c i  0.77  0 18 3 159  4 2472 1478 1.5 8 5 2 6 23% 224199 14897 100%
c p  0.89  0 18 3 244  5 2867 1834 1.5 9 6 2 6 24% 224199 14892 100%
c k  0.92  0 18 3 244  5 2867 1834 1.5 9 6 2 6 24% 224195 14889 100%
c O  1.01  0 18 3 258  4 3004 1959 1.5 9 6 2 6 24% 224144 14889 100%
c -  1.13  0 19 4 324  4 3354 1601 1.5 9 6 2 6 25% 224144 14889 100%
c -  1.52  0 18 5 429  3 5309 2563 1.6 9 6 3 6 26% 224144 14889 100%
c k  1.54  0 18 5 431  3 5367 2616 1.6 9 6 3 6 26% 224144 14886 100%
c i  1.62  0 18 5 471  3 5730 2934 1.5 9 6 3 6 26% 224144 14884 100%
c #  1.67  0 18 5 513  3 6006 3184 1.5 10 6 3 6 26% 224144 14883 100%
c }  1.78  0 18 5 579  3 6541 3682 1.6 10 6 4 6 26% 224144 14883 100%
c [  1.78  0 13 5 579  2 6541 3682 1.5 10 6 2 6 26% 224144 14883 100%
c -  1.95  0 17 6 580  2 7768 3486 1.5 12 8 5 7 26% 224109 14883 100%
c s  1.99  0 17 6 580  2 7819 3506 1.5 12 8 5 7 26% 208976 14883 100%
c t  2.01  0 17 6 580  2 7819 3505 1.5 12 8 5 7 26% 208976 14883 100%
c e  2.07  0 17 6 580  2 7819  560 1.5 12 8 5 7 26% 203355 5371 36%
c s  2.10  0 17 6 580  2 7819  559 1.5 12 8 5 7 26% 186564 5371 36%
c 2  2.16  0 17 6 580  2 7971  697 1.5 12 8 5 7 33% 186564 5371 36%
c k  2.19  0 17 6 580  2 7971  697 1.5 12 8 5 7 33% 186564 5370 36%
c I  2.41  0 22 6 581  1 10008 2222 1.4 16 12 5 10 33% 186562 5370 36%
c -  2.47  0 22 7 582  1 10745 1369 1.4 15 11 5 10 30% 186562 5370 36%
c 
c  seconds  reductions conflicts       size   tier2        variables
c         MB    restarts    redundant     glue    trail         remaining
c          level     rate        size/glue  tier1   irredundant
c 
c i  2.50  0 20 7 582  1 11269 1484 1.4 15 11 5 10 28% 186562 5369 36%
c -  2.82  0 20 8 584  1 14038 1525 1.3 16 12 6 12 30% 186557 5369 36%
c u  2.87  0 20 8 584  1 14038 1520 1.3 16 12 6 12 30% 186557 5367 36%
c v  2.88  0 20 8 584  1 14038 1511 1.3 16 12 6 12 30% 186557 5367 36%
c w  2.89  0 20 8 584  1 14038 1504 1.3 16 12 6 12 30% 186557 5367 36%
c B  3.09  0 21 8 584  1 15011 2142 1.3 16 12 6 12 30% 186557 5367 36%
c ]  3.34  0 23 8 584  1 16818 3496 1.3 17 13 6 12 30% 186557 5367 36%
c {  3.34  0 18 8 584  3 16818 3496 1.6 10 6 4 6 72% 186557 5367 36%
c -  3.55  0 17 9 739  3 17805 2336 1.5 10 6 4 6 65% 186553 5367 36%
c i  3.98  0 16 9 1036  3 19981 3899 1.6 10 7 4 6 55% 186553 5364 36%
c B  4.18  0 16 9 1227  3 21014 4670 1.5 11 7 4 6 52% 186553 5364 36%
c -  4.36  0 16 10 1392  3 22046 4050 1.5 11 7 4 8 50% 186529 5364 36%
c k  4.37  0 16 10 1392  3 22046 4050 1.5 11 7 4 8 50% 186529 5360 36%
c i  4.79  0 16 10 1795  3 24951 6070 1.5 12 8 4 8 45% 186529 5358 36%
c -  5.09  0 16 11 2026  3 26762 5713 1.5 12 8 4 8 44% 186506 5358 36%
c k  5.09  0 16 11 2026  3 26762 5713 1.5 12 8 4 8 44% 186506 5356 36%
c W  5.45  0 16 11 2071  3 28017 6726 1.6 12 8 4 8 43% 186502 5356 36%
c s  5.55  0 16 11 2094  3 28293 6908 1.6 12 8 4 8 42% 152815 5356 36%
c e  5.57  0 16 11 2094  3 28293 6738 1.6 12 8 4 8 42% 152815 5352 36%
c s  5.64  0 16 11 2094  3 28293 6737 1.6 12 8 4 8 42% 122192 5352 36%
c 
c  seconds  reductions   conflicts       size  tier2       variables
c         MB     restarts     redundant     glue  trail         remaining
c          level       rate        size/glue tier1  irredundant
c 
c -  6.17  0 15 12 2551  3 31960 7141 1.5 12 8 4 8 40% 122192 5352 36%
c p  6.18  0 15 12 2551  3 31960 7180 1.5 12 8 4 8 40% 122192 5352 36%
c u  6.23  0 15 12 2551  3 31960 7121 1.5 12 8 4 8 40% 122192 5352 36%
c v  6.26  0 15 12 2551  3 31960 7115 1.5 12 8 4 8 40% 122192 5352 36%
c w  6.27  0 15 12 2551  3 31960 7089 1.5 12 8 4 8 40% 122192 5352 36%
c }  6.80  0 15 12 2874  2 35824 9849 1.5 12 8 4 8 39% 122192 5352 36%
c [  6.80  0 23 12 2874  1 35824 9849 1.3 17 13 6 12 30% 122192 5352 36%
c W  6.87  0 23 12 2874  1 36019 9990 1.3 17 13 6 12 30% 122192 5352 36%
c -  6.97  0 24 13 2875  1 36817 7821 1.3 17 13 6 12 30% 122192 5352 36%
c -  7.52  0 23 14 2879  1 42030 7167 1.3 18 14 7 18 30% 122192 5352 36%
c O  7.75  0 22 14 2881  1 45020 9053 1.3 18 14 7 18 30% 122192 5352 36%
c -  7.96  0 23 15 2881  1 47602 6953 1.3 18 14 7 18 30% 122192 5352 36%
c -  8.43  0 22 16 2882  1 53531 7709 1.3 18 14 7 18 30% 122192 5352 36%
c u  8.46  0 22 16 2882  1 53531 7694 1.3 18 14 7 18 30% 122192 5352 36%
c v  8.47  0 22 16 2882  1 53531 7691 1.3 18 14 7 18 30% 122192 5352 36%
c w  8.47  0 22 16 2882  1 53531 7689 1.3 18 14 7 18 30% 122192 5352 36%
c B  8.59  0 21 16 2882  1 55028 8719 1.3 17 13 7 18 30% 122192 5352 36%
c s  8.70  0 22 16 2882  1 55372 8982 1.3 17 13 7 18 30% 73535 5352 36%
c s  8.72  0 22 16 2882  1 55372 7493 1.3 17 13 7 18 30% 73441 5352 36%
c e  8.73  0 22 16 2882  1 55372 7492 1.3 17 13 7 18 30% 73435 5346 36%
c 
c  seconds  reductions   conflicts       size   tier2       variables
c         MB     restarts     redundant     glue    trail        remaining
c          level       rate        size/glue  tier1   irredundant
c 
c -  9.02  0 22 17 2885  1 59821 7047 1.3 18 14 7 18 30% 73435 5346 36%
c p  9.03  0 22 17 2885  1 59821 7106 1.3 18 14 7 18 30% 73435 5346 36%
c -  9.45  0 23 18 2889  1 65937 7661 1.3 19 14 7 18 30% 73435 5346 36%
c k  9.47  0 23 18 2889  1 65937 7661 1.3 19 14 7 18 30% 73435 5345 36%
c W  9.61  0 23 18 2889  1 66031 7723 1.3 19 14 7 18 30% 73433 5345 36%
c ]  9.77  0 23 18 2889  1 67696 8969 1.3 19 15 7 18 30% 73433 5345 36%
c {  9.77  0 15 18 2889  2 67696 8969 1.5 12 8 4 8 39% 73433 5345 36%
c - 10.30  0 15 19 3193  2 72356 10139 1.5 12 8 5 8 37% 73433 5345 36%
c u 10.34  0 15 19 3193  2 72356 10103 1.5 12 8 5 8 37% 73433 5345 36%
c v 10.36  0 15 19 3193  2 72356 10096 1.5 12 8 5 8 37% 73433 5345 36%
c w 10.37  0 15 19 3193  2 72356 10077 1.5 12 8 5 8 37% 73433 5345 36%
c F 10.93  0 14 19 3515  2 78035 13722 1.6 13 8 5 8 36% 73433 5345 36%
c - 11.05  0 14 20 3564  2 79082 12594 1.5 12 8 5 8 36% 73433 5345 36%
c k 11.06  0 14 20 3564  2 79082 12594 1.5 12 8 5 8 36% 73433 5343 36%
c s 11.93  0 14 20 3986  2 85613 15669 1.5 13 8 5 8 35% 71536 5343 36%
c e 11.95  0 14 20 3986  2 85613 15339 1.5 13 8 5 8 35% 71416 5226 35%
c s 12.07  0 14 20 3986  2 85613 14971 1.5 13 8 5 8 35% 71416 5226 35%
c ^ 12.07  0 14 20 3986  2 85613 14971 1.5 13 8 5 8 35% 71416 5226 35%
c - 12.14  0 14 21 3999  2 86113 13199 1.5 13 8 5 8 35% 71416 5226 35%
c p 12.15  0 14 21 3999  2 86113 13211 1.5 13 8 5 8 35% 71416 5226 35%
c 
c  seconds  reductions   conflicts        size  tier2      variables
c         MB     restarts      redundant     glue  trail        remaining
c          level       rate         size/glue tier1  irredundant
c 
c u 12.18  0 14 21 3999  2 86113 13178 1.5 13 8 5 8 35% 71416 5226 35%
c v 12.19  0 14 21 3999  2 86113 13174 1.5 13 8 5 8 35% 71416 5226 35%
c w 12.20  0 14 21 3999  2 86113 13166 1.5 13 8 5 8 35% 71416 5226 35%
c B 12.72  0 14 21 4230  2 91036 16425 1.5 13 8 5 8 34% 71416 5226 35%
c - 13.06  0 14 22 4396  2 93449 15596 1.6 13 8 5 8 34% 71416 5226 35%
c p 13.06  0 14 22 4396  2 93449 15660 1.6 13 8 5 8 34% 71416 5226 35%
c - 13.75  0 14 23 5012  2 101093 17205 1.5 13 8 5 8 33% 71416 5226 35%
c p 13.75  0 14 23 5012  2 101093 17343 1.5 13 8 5 8 33% 71416 5221 35%
c k 13.76  0 14 23 5012  2 101093 17343 1.5 13 8 5 8 33% 71416 5219 35%
c u 13.77  0 14 23 5012  2 101093 17281 1.5 13 8 5 8 33% 71416 5219 35%
c v 13.78  0 14 23 5012  2 101093 17272 1.5 13 8 5 8 33% 71416 5219 35%
c w 13.79  0 14 23 5012  2 101093 17269 1.5 13 8 5 8 33% 71416 5219 35%
c W 14.20  0 14 23 5258  2 105037 20008 1.6 13 8 5 8 33% 71386 5219 35%
c - 14.55  0 14 24 5591  2 109045 18765 1.6 13 8 5 8 33% 71386 5219 35%
c p 14.56  0 14 24 5591  2 109045 19426 1.6 13 8 5 8 33% 71386 5218 35%
c - 15.26  0 14 25 6198  2 117304 20380 1.5 13 8 5 8 32% 71383 5218 35%
c p 15.27  0 14 25 6198  2 117304 20937 1.5 13 8 5 8 32% 71383 5218 35%
c u 15.30  0 14 25 6198  2 117304 20834 1.5 13 8 5 8 32% 71383 5218 35%
c v 15.31  0 14 25 6198  2 117304 20822 1.5 13 8 5 8 32% 71383 5218 35%
c w 15.31  0 14 25 6198  2 117304 20811 1.5 13 8 5 8 32% 71383 5218 35%
c 
c  seconds  reductions   conflicts         size  tier2      variables
c         MB     restarts       redundant     glue  trail        remaining
c          level       rate          size/glue tier1  irredundant
c 
c # 15.54  0 14 25 6341  2 120040 22657 1.6 13 8 5 8 32% 71383 5218 35%
c } 15.73  0 14 25 6436  2 121928 24010 1.5 13 8 5 8 32% 71383 5218 35%
c [ 15.73  0 23 25 6436  1 121928 24010 1.3 19 15 7 18 30% 71383 5218 35%
c s 16.18  0 23 25 6436  1 123341 23890 1.3 19 14 7 18 30% 71370 5218 35%
c e 16.21  0 23 25 6436  1 123341 20558 1.3 19 14 7 18 30% 71932 4652 31%
c s 16.33  0 23 25 6436  1 123341 20533 1.3 19 14 7 18 30% 71927 4652 31%
c - 16.73  0 23 26 6438  1 125866 18037 1.3 19 15 7 18 29% 71927 4652 31%
c p 16.74  0 23 26 6438  1 125866 18151 1.3 19 15 7 18 29% 71927 4652 31%
c - 17.60  0 25 27 6443  1 134737 18004 1.3 20 16 7 18 26% 71927 4652 31%
c u 17.64  0 25 27 6443  1 134737 17968 1.3 20 16 7 18 26% 71927 4652 31%
c v 17.66  0 25 27 6443  1 134737 17957 1.3 20 16 7 18 26% 71927 4652 31%
c w 17.67  0 25 27 6443  1 134737 17952 1.3 20 16 7 18 26% 71927 4652 31%
c I 17.81  0 25 27 6443  1 136045 18984 1.3 20 16 7 18 26% 71927 4652 31%
c - 18.51  0 28 28 6444  1 143914 17198 1.3 22 17 6 17 25% 71927 4652 31%
c B 19.38  0 29 28 6445  1 153046 24113 1.3 23 19 6 17 25% 71927 4652 31%
c - 19.43  0 29 29 6445  1 153399 17071 1.3 23 19 6 17 25% 71927 4652 31%
c u 19.48  0 29 29 6445  1 153399 17034 1.3 23 19 6 17 25% 71927 4652 31%
c v 19.50  0 29 29 6445  1 153399 17025 1.3 23 19 6 17 25% 71927 4652 31%
c w 19.51  0 29 29 6445  1 153399 17022 1.3 23 19 6 17 25% 71927 4652 31%
c - 20.47  0 29 30 6447  1 163194 18218 1.3 23 18 6 17 26% 71927 4652 31%
c 
c  seconds  reductions   conflicts         size   tier2       variables
c         MB     restarts       redundant     glue    trail        remaining
c          level       rate          size/glue  tier1   irredundant
c 
c W 21.22  0 29 30 6452  1 171047 24116 1.3 23 18 6 17 26% 71927 4652 31%
c - 21.41  0 29 31 6452  1 173293 19087 1.3 23 18 6 17 26% 71927 4652 31%
c p 21.41  0 29 31 6452  1 173293 19181 1.3 23 18 6 17 26% 71927 4650 31%
c u 21.49  0 29 31 6452  1 173293 19130 1.3 23 18 6 17 26% 71912 4650 31%
c v 21.49  0 29 31 6452  1 173293 19123 1.3 23 18 6 17 26% 71912 4650 31%
c w 21.50  0 29 31 6452  1 173293 19117 1.3 23 18 6 17 26% 71912 4650 31%
c s 21.74  0 29 31 6452  1 173293 18951 1.3 23 18 6 17 26% 71054 4650 31%
c s 21.97  0 29 31 6452  1 173293 18902 1.3 23 18 6 17 26% 71054 4650 31%
c ^ 21.97  0 29 31 6452  1 173293 18902 1.3 23 18 6 17 26% 71054 4650 31%
c ] 22.73  0 28 31 6458  1 180482 23908 1.3 23 18 6 17 27% 71054 4650 31%
c { 22.73  0 14 31 6458  2 180482 23908 1.5 13 8 5 8 37% 71054 4650 31%
c - 23.09  0 14 32 6544  2 183700 20364 1.5 13 8 5 8 36% 71054 4650 31%
c p 23.10  0 14 32 6544  2 183700 21292 1.5 13 8 5 8 36% 71054 4650 31%
c B 23.76  0 14 32 6891  2 190052 25643 1.5 13 8 5 8 35% 71054 4650 31%
c - 24.29  0 14 33 7151  2 194416 24254 1.6 13 8 5 8 35% 71054 4650 31%
c p 24.29  0 14 33 7151  2 194416 24601 1.6 13 8 5 8 35% 71054 4650 31%
c u 24.34  0 14 33 7151  2 194416 24563 1.6 13 8 5 8 35% 71054 4650 31%
c v 24.36  0 14 33 7151  2 194416 24547 1.6 13 8 5 8 35% 71054 4650 31%
c w 24.37  0 14 33 7151  2 194416 24545 1.6 13 8 5 8 35% 71054 4650 31%
c - 25.66  0 13 34 7904  2 205439 23006 1.6 13 8 4 8 34% 71054 4650 31%
c 
c  seconds  reductions   conflicts         size  tier2      variables
c         MB     restarts       redundant     glue  trail        remaining
c          level       rate          size/glue tier1  irredundant
c 
c W 26.18  0 13 34 8190  2 210054 26050 1.5 13 8 4 8 33% 71054 4650 31%
c - 26.77  0 13 35 8606  2 216770 23487 1.6 13 8 4 8 33% 71054 4650 31%
c u 26.82  0 13 35 8606  2 216770 23449 1.6 13 8 4 8 33% 71054 4650 31%
c v 26.84  0 13 35 8606  2 216770 23436 1.6 13 8 4 8 33% 71054 4650 31%
c w 26.84  0 13 35 8606  2 216770 23429 1.6 13 8 4 8 33% 71054 4650 31%
c s 28.33  0 13 35 9370  2 228364 29860 1.6 13 9 4 8 32% 71043 4650 31%
c e 28.36  0 13 35 9370  2 228364 29267 1.6 13 9 4 8 32% 71196 4573 31%
c s 28.79  0 13 35 9370  2 228364 29155 1.6 13 9 4 8 32% 71196 4573 31%
c ^ 28.80  0 13 35 9370  2 228364 29155 1.6 13 9 4 8 32% 71196 4573 31%
c - 28.83  0 13 36 9370  2 228410 23509 1.6 13 9 4 8 32% 71196 4573 31%
c p 28.83  0 13 36 9370  2 228410 23516 1.6 13 9 4 8 32% 71196 4573 31%
c F 29.12  0 13 36 9539  2 231060 25383 1.6 13 9 4 8 32% 71196 4573 31%
c - 30.19  0 13 37 10111  2 240359 25740 1.6 13 9 4 8 31% 71196 4573 31%
c p 30.20  0 13 37 10111  2 240359 26462 1.6 13 9 4 8 31% 71196 4573 31%
c u 30.25  0 13 37 10111  2 240359 26407 1.6 13 9 4 8 31% 71196 4573 31%
c v 30.28  0 13 37 10111  2 240359 26395 1.6 13 9 4 8 31% 71196 4573 31%
c w 30.29  0 13 37 10111  2 240359 26387 1.6 13 9 4 8 31% 71196 4573 31%
c - 31.68  0 13 38 10609  2 252618 26510 1.6 13 9 4 8 30% 71196 4573 31%
c p 31.69  0 13 38 10609  2 252618 27031 1.6 13 9 4 8 30% 71196 4573 31%
c B 31.73  0 13 38 10632  2 253061 27336 1.6 13 9 4 8 30% 71196 4573 31%
c 
c  seconds  reductions    conflicts         size  tier2      variables
c         MB      restarts       redundant     glue  trail        remaining
c          level        rate          size/glue tier1  irredundant
c 
c } 32.55  0 13 38 11017  2 262393 33376 1.6 13 9 4 8 30% 71196 4573 31%
c [ 32.55  0 28 38 11017  1 262393 33376 1.3 23 18 6 17 27% 71196 4573 31%
c - 32.78  0 28 39 11018  1 265184 27396 1.3 23 18 6 17 27% 71196 4573 31%
c u 32.89  0 28 39 11018  1 265184 27247 1.3 23 18 6 17 27% 71196 4573 31%
c v 32.91  0 28 39 11018  1 265184 27231 1.3 23 18 6 17 27% 71196 4573 31%
c w 32.92  0 28 39 11018  1 265184 27211 1.3 23 18 6 17 27% 71196 4573 31%
c O 33.71  0 27 39 11019  1 276064 35018 1.3 22 17 6 18 26% 71196 4573 31%
c - 33.90  0 26 40 11021  1 278059 26349 1.3 22 17 6 18 26% 71196 4573 31%
c p 33.90  0 26 40 11021  1 278059 26366 1.3 22 17 6 18 26% 71196 4573 31%
c - 35.36  0 26 41 11028  1 291242 24612 1.3 22 17 6 18 26% 71196 4573 31%
c p 35.37  0 26 41 11028  1 291242 25280 1.3 22 17 6 18 26% 71196 4573 31%
c u 35.41  0 26 41 11028  1 291242 25089 1.3 22 17 6 18 26% 71196 4573 31%
c v 35.42  0 26 41 11028  1 291242 25068 1.3 22 17 6 18 26% 71196 4573 31%
c w 35.43  0 26 41 11028  1 291242 25063 1.3 22 17 6 18 26% 71196 4573 31%
c s 35.85  0 26 41 11029  1 291735 24402 1.3 22 17 6 18 26% 71172 4573 31%
c e 35.88  0 26 41 11029  1 291735 22482 1.3 22 17 6 18 26% 72072 4273 29%
c s 36.19  0 26 41 11029  1 291735 22362 1.3 22 17 6 18 26% 71652 4273 29%
c B 37.04  0 26 41 11033  1 300065 27969 1.3 22 17 6 18 26% 71652 4273 29%
c - 37.58  0 25 42 11034  1 304736 21513 1.3 22 17 6 18 26% 71652 4273 29%
c - 38.67  0 25 43 11035  1 318537 22999 1.3 22 17 6 18 25% 71652 4273 29%
c 
c  seconds  reductions    conflicts         size   tier2       variables
c         MB      restarts       redundant     glue    trail        remaining
c          level        rate          size/glue  tier1   irredundant
c 
c u 38.72  0 25 43 11035  1 318537 22829 1.3 22 17 6 18 25% 71652 4273 29%
c v 38.74  0 25 43 11035  1 318537 22816 1.3 22 17 6 18 25% 71652 4273 29%
c w 38.75  0 25 43 11035  1 318537 22791 1.3 22 17 6 18 25% 71652 4273 29%
c W 39.59  0 26 43 11035  1 325066 27377 1.3 22 17 6 18 25% 71652 4273 29%
c - 40.41  0 26 44 11036  1 332647 22889 1.3 22 17 6 18 24% 71652 4273 29%
c p 40.43  0 26 44 11036  1 332647 22966 1.3 22 17 6 18 24% 71652 4273 29%
c - 42.03  0 25 45 11036  1 347067 22501 1.3 22 17 6 17 24% 71652 4273 29%
c p 42.04  0 25 45 11036  1 347067 23491 1.3 22 17 6 17 24% 71652 4273 29%
c u 42.11  0 25 45 11036  1 347067 23450 1.3 22 17 6 17 24% 71652 4273 29%
c v 42.13  0 25 45 11036  1 347067 23431 1.3 22 17 6 17 24% 71652 4273 29%
c w 42.15  0 25 45 11036  1 347067 23427 1.3 22 17 6 17 24% 71652 4273 29%
c ] 42.29  0 25 45 11036  1 348128 24165 1.3 22 17 6 17 24% 71652 4273 29%
c { 42.29  0 13 45 11036  2 348128 24165 1.6 13 9 4 8 30% 71652 4273 29%
c W 42.74  0 13 45 11208  2 351067 26121 1.6 13 9 4 8 30% 71652 4273 29%
c - 43.85  0 13 46 11817  2 361795 25951 1.6 13 9 4 8 29% 71652 4273 29%
c u 43.90  0 13 46 11817  2 361795 25923 1.6 13 9 4 8 29% 71652 4273 29%
c v 43.91  0 13 46 11817  2 361795 25908 1.6 13 9 4 8 29% 71652 4273 29%
c w 43.92  0 13 46 11817  2 361795 25906 1.6 13 9 4 8 29% 71652 4273 29%
c - 45.52  0 13 47 12566  2 376832 30671 1.5 13 9 4 8 28% 71652 4273 29%
c u 45.60  0 13 47 12566  2 376832 30636 1.5 13 9 4 8 28% 71652 4273 29%
c 
c  seconds  reductions    conflicts         size  tier2      variables
c         MB      restarts       redundant     glue  trail        remaining
c          level        rate          size/glue tier1  irredundant
c 
c v 45.63  0 13 47 12566  2 376832 30629 1.5 13 9 4 8 28% 71652 4273 29%
c w 45.64  0 13 47 12566  2 376832 30625 1.5 13 9 4 8 28% 71652 4273 29%
c # 45.87  0 13 47 12657  2 378069 31439 1.6 13 9 4 8 28% 71652 4273 29%
c s 48.19  0 13 47 13248  2 390896 36748 1.5 13 9 4 8 27% 71631 4273 29%
c s 48.79  0 13 47 13248  2 390896 36451 1.5 13 9 4 8 27% 71631 4273 29%
c ^ 48.79  0 13 47 13248  2 390896 36451 1.5 13 9 4 8 27% 71631 4273 29%
c - 48.98  0 13 48 13390  2 392178 30643 1.5 13 9 4 8 27% 71631 4273 29%
c p 49.00  0 13 48 13390  2 392178 31427 1.5 13 9 4 8 27% 71631 4273 29%
c u 49.20  0 13 48 13390  2 392178 31401 1.5 13 9 4 8 27% 71631 4273 29%
c v 49.22  0 13 48 13390  2 392178 31389 1.5 13 9 4 8 27% 71631 4273 29%
c w 49.23  0 13 48 13390  2 392178 31387 1.5 13 9 4 8 27% 71631 4273 29%
c B 50.62  0 13 48 14144  2 406070 40716 1.5 13 9 4 8 27% 71631 4273 29%
c - 50.81  0 13 49 14323  2 407834 34477 1.5 13 9 4 8 27% 71631 4273 29%
c p 50.82  0 13 49 14323  2 407834 34729 1.5 13 9 4 8 27% 71631 4273 29%
c u 50.85  0 13 49 14323  2 407834 34715 1.5 13 9 4 8 27% 71631 4273 29%
c v 50.86  0 13 49 14323  2 407834 34706 1.5 13 9 4 8 27% 71631 4273 29%
c w 50.87  0 13 49 14323  2 407834 34703 1.5 13 9 4 8 27% 71631 4273 29%
c - 53.45  0 13 50 15436  2 423799 35747 1.5 14 9 4 8 26% 71631 4273 29%
c u 53.52  0 13 50 15436  2 423799 35706 1.5 14 9 4 8 26% 71631 4273 29%
c v 53.54  0 13 50 15436  2 423799 35695 1.5 14 9 4 8 26% 71631 4273 29%
c 
c  seconds  reductions    conflicts         size  tier2      variables
c         MB      restarts       redundant     glue  trail        remaining
c          level        rate          size/glue tier1  irredundant
c 
c w 53.56  0 13 50 15436  2 423799 35693 1.5 14 9 4 8 26% 71631 4273 29%
c W 55.59  0 13 50 16074  2 435071 43182 1.6 14 9 4 8 26% 71631 4273 29%
c - 56.13  0 13 51 16246  2 440074 37148 1.5 14 9 4 8 26% 71631 4273 29%
c p 56.15  0 13 51 16246  2 440074 37793 1.5 14 9 4 8 26% 71631 4272 29%
c u 56.19  0 13 51 16246  2 440074 37766 1.5 14 9 4 8 26% 71631 4272 29%
c v 56.21  0 13 51 16246  2 440074 37754 1.5 14 9 4 8 26% 71631 4272 29%
c w 56.22  0 13 51 16246  2 440074 37743 1.5 14 9 4 8 26% 71631 4272 29%
c } 57.46  0 13 51 16871  2 451631 45073 1.5 14 9 4 8 25% 71631 4272 29%
c [ 57.46  0 25 51 16871  1 451631 45073 1.3 22 17 6 17 24% 71631 4272 29%
c - 58.38  0 25 52 16871  1 456658 37588 1.3 22 17 6 17 24% 71622 4272 29%
c p 58.40  0 25 52 16871  1 456658 37709 1.3 22 17 6 17 24% 71622 4272 29%
c u 58.46  0 25 52 16871  1 456658 37681 1.3 22 17 6 17 24% 71622 4272 29%
c v 58.48  0 25 52 16871  1 456658 37673 1.3 22 17 6 17 24% 71622 4272 29%
c w 58.49  0 25 52 16871  1 456658 37670 1.3 22 17 6 17 24% 71622 4272 29%
c I 59.57  0 25 52 16873  1 465072 43951 1.3 22 17 6 17 24% 71622 4272 29%
c s 61.25  0 25 52 16878  1 472242 45854 1.3 22 17 6 17 24% 71596 4272 29%
c e 61.32  0 25 52 16878  1 472242 24795 1.3 22 17 6 17 24% 78241 3151 21%
c s 61.66  0 25 52 16878  1 472242 24542 1.3 22 17 6 17 24% 77672 3151 21%
c e 61.67  0 25 52 16878  1 472242 24518 1.3 22 17 6 17 24% 78088 3099 21%
c - 61.85  0 25 53 16878  1 473552 17724 1.3 22 17 6 17 24% 78088 3099 21%
c 
c  seconds  reductions    conflicts         size   tier2       variables
c         MB      restarts       redundant     glue    trail        remaining
c          level        rate          size/glue  tier1   irredundant
c 
c p 61.86  0 25 53 16878  1 473552 18285 1.3 22 17 6 17 24% 78088 3098 21%
c u 61.91  0 25 53 16878  1 473552 18254 1.3 22 17 6 17 24% 78088 3098 21%
c v 61.93  0 25 53 16878  1 473552 18242 1.3 22 17 6 17 24% 78088 3098 21%
c w 61.93  0 25 53 16878  1 473552 18229 1.3 22 17 6 17 24% 78088 3098 21%
c - 63.12  0 26 54 16886  1 490757 18538 1.3 23 18 6 17 23% 78081 3098 21%
c p 63.13  0 26 54 16886  1 490757 18584 1.3 23 18 6 17 23% 78081 3098 21%
c B 63.44  0 26 54 16886  1 496077 22804 1.3 23 18 6 17 23% 78081 3098 21%
c - 64.61  0 26 55 16893  1 508271 19478 1.3 23 18 6 17 23% 78081 3098 21%
c u 64.67  0 26 55 16893  1 508271 19431 1.3 23 18 6 17 23% 78081 3098 21%
c v 64.70  0 26 55 16893  1 508271 19408 1.3 23 18 6 17 23% 78081 3098 21%
c w 64.71  0 26 55 16893  1 508271 19402 1.3 23 18 6 17 23% 78081 3098 21%
c - 66.48  0 27 56 16901  1 526095 21747 1.3 23 18 6 17 22% 78081 3098 21%
c p 66.49  0 27 56 16901  1 526095 22168 1.3 23 18 6 17 22% 78081 3098 21%
c u 66.53  0 27 56 16901  1 526095 22130 1.3 23 18 6 17 22% 78081 3098 21%
c v 66.54  0 27 56 16901  1 526095 22119 1.3 23 18 6 17 22% 78081 3098 21%
c w 66.55  0 27 56 16901  1 526095 22111 1.3 23 18 6 17 22% 78081 3098 21%
c W 67.12  0 27 56 16901  1 528078 23574 1.3 23 18 6 17 22% 78081 3098 21%
c - 68.61  0 26 57 16902  1 544230 22755 1.3 23 18 6 17 22% 78081 3098 21%
c p 68.62  0 26 57 16902  1 544230 23035 1.3 23 18 6 17 22% 78081 3098 21%
c u 68.64  0 26 57 16902  1 544230 23019 1.3 23 18 6 17 22% 78081 3098 21%
c 
c  seconds  reductions    conflicts         size   tier2       variables
c         MB      restarts       redundant     glue    trail        remaining
c          level        rate          size/glue  tier1   irredundant
c 
c v 68.65  0 26 57 16902  1 544230 23013 1.3 23 18 6 17 22% 78081 3098 21%
c w 68.65  0 26 57 16902  1 544230 23012 1.3 23 18 6 17 22% 78081 3098 21%
c O 69.84  0 26 57 16911  1 561083 34830 1.3 23 18 6 17 22% 78080 3098 21%
c - 70.03  0 26 58 16912  1 562676 23705 1.3 23 18 6 17 22% 78080 3098 21%
c u 70.25  0 26 58 16912  1 562676 23677 1.3 23 18 6 17 22% 78080 3098 21%
c v 70.27  0 26 58 16912  1 562676 23665 1.3 23 18 6 17 22% 78080 3098 21%
c w 70.28  0 26 58 16912  1 562676 23663 1.3 23 18 6 17 22% 78080 3098 21%
c s 71.87  0 26 58 16917  1 574659 30396 1.3 23 18 6 17 22% 77749 3098 21%
c e 71.89  0 26 58 16917  1 574659 30206 1.3 23 18 6 17 22% 77765 3096 21%
c s 72.24  0 26 58 16917  1 574659 29996 1.3 23 18 6 17 22% 77765 3096 21%
c ^ 72.24  0 26 58 16917  1 574659 29996 1.3 23 18 6 17 22% 77765 3096 21%
c ] 72.86  0 25 58 16917  1 579998 33161 1.3 23 17 6 17 22% 77765 3096 21%
c { 72.86  0 13 58 16917  2 579998 33161 1.5 14 9 4 8 38% 77765 3096 21%
c - 73.06  0 13 59 17006  2 581428 23952 1.5 14 9 4 8 38% 77765 3096 21%
c p 73.07  0 13 59 17006  2 581428 24399 1.5 14 9 4 8 38% 77765 3096 21%
c u 73.10  0 13 59 17006  2 581428 24323 1.5 14 9 4 8 38% 77765 3096 21%
c v 73.12  0 13 59 17006  2 581428 24308 1.5 14 9 4 8 38% 77765 3096 21%
c w 73.12  0 13 59 17006  2 581428 24306 1.5 14 9 4 8 38% 77765 3096 21%
c F 74.28  0 13 59 17852  2 595084 32454 1.5 14 9 3 7 36% 77765 3096 21%
c - 74.76  0 13 60 18165  2 600492 23806 1.5 14 9 3 7 35% 77765 3096 21%
c 
c  seconds  reductions    conflicts         size  tier2      variables
c         MB      restarts       redundant     glue  trail        remaining
c          level        rate          size/glue tier1  irredundant
c 
c u 74.80  0 13 60 18165  2 600492 23693 1.5 14 9 3 7 35% 77765 3096 21%
c v 74.81  0 13 60 18165  2 600492 23677 1.5 14 9 3 7 35% 77765 3096 21%
c w 74.82  0 13 60 18165  2 600492 23677 1.5 14 9 3 7 35% 77765 3096 21%
c - 76.88  0 13 61 19122  2 619867 26483 1.5 14 9 3 7 33% 77765 3096 21%
c p 76.89  0 13 61 19122  2 619867 26640 1.5 14 9 3 7 33% 77765 3096 21%
c u 76.93  0 13 61 19122  2 619867 26492 1.5 14 9 3 7 33% 77765 3096 21%
c v 76.95  0 13 61 19122  2 619867 26477 1.5 14 9 3 7 33% 77765 3096 21%
c w 76.96  0 13 61 19122  2 619867 26475 1.5 14 9 3 7 33% 77765 3096 21%
c B 78.10  0 13 61 19706  2 630086 32917 1.5 14 9 3 7 32% 77765 3096 21%
c - 79.25  0 13 62 20108  2 639554 28164 1.5 14 9 3 7 31% 77765 3096 21%
c p 79.26  0 13 62 20108  2 639554 28725 1.5 14 9 3 7 31% 77765 3096 21%
c u 79.30  0 13 62 20108  2 639554 28620 1.5 14 9 3 7 31% 77765 3096 21%
c v 79.32  0 13 62 20108  2 639554 28610 1.5 14 9 3 7 31% 77765 3096 21%
c w 79.34  0 13 62 20108  2 639554 28601 1.5 14 9 3 7 31% 77765 3096 21%
c - 81.16  0 13 63 21231  2 659548 29288 1.5 14 9 3 7 30% 77765 3096 21%
c u 81.21  0 13 63 21231  2 659548 29225 1.5 14 9 3 7 30% 77765 3096 21%
c v 81.23  0 13 63 21231  2 659548 29212 1.5 14 9 3 7 30% 77765 3096 21%
c w 81.24  0 13 63 21231  2 659548 29192 1.5 14 9 3 7 30% 77765 3096 21%
c W 82.48  0 13 63 21750  2 666089 33067 1.5 14 9 3 7 30% 77765 3096 21%
c - 84.02  0 13 64 22472  2 679852 29696 1.5 14 9 3 7 29% 77765 3096 21%
c 
c  seconds  reductions    conflicts         size  tier2      variables
c         MB      restarts       redundant     glue  trail        remaining
c          level        rate          size/glue tier1  irredundant
c 
c p 84.03  0 13 64 22472  2 679852 29841 1.5 14 9 3 7 29% 77765 3096 21%
c u 84.08  0 13 64 22472  2 679852 29827 1.5 14 9 3 7 29% 77765 3096 21%
c v 84.10  0 13 64 22472  2 679852 29815 1.5 14 9 3 7 29% 77765 3096 21%
c w 84.12  0 13 64 22472  2 679852 29804 1.5 14 9 3 7 29% 77765 3096 21%
c s 85.23  0 13 64 22886  2 686275 31533 1.5 14 9 3 7 29% 77725 3096 21%
c e 85.27  0 13 64 22886  2 686275 23209 1.5 14 9 3 7 29% 87129 2254 15%
c s 85.58  0 13 64 22886  2 686275 23023 1.5 14 9 3 7 29% 81879 2254 15%
c e 85.59  0 13 64 22886  2 686275 22988 1.5 14 9 3 7 29% 81997 2244 15%
c - 86.60  0 13 65 23702  2 700465 23213 1.5 14 9 3 7 29% 81997 2244 15%
c p 86.60  0 13 65 23702  2 700465 23238 1.5 14 9 3 7 29% 81997 2244 15%
c u 86.63  0 13 65 23702  2 700465 23223 1.5 14 9 3 7 29% 81997 2244 15%
c v 86.64  0 13 65 23702  2 700465 23212 1.5 14 9 3 7 29% 81997 2244 15%
c w 86.64  0 13 65 23702  2 700465 23210 1.5 14 9 3 7 29% 81997 2244 15%
c # 86.87  0 13 65 23853  2 703091 25011 1.5 14 9 3 7 29% 81996 2244 15%
c - 88.85  0 13 66 24863  2 721389 27556 1.5 14 9 3 7 29% 81996 2244 15%
c p 88.86  0 13 66 24863  2 721389 28009 1.5 14 9 3 7 29% 81996 2244 15%
c u 88.91  0 13 66 24863  2 721389 27988 1.5 14 9 3 7 29% 81996 2244 15%
c v 88.93  0 13 66 24863  2 721389 27980 1.5 14 9 3 7 29% 81996 2244 15%
c w 88.94  0 13 66 24863  2 721389 27978 1.5 14 9 3 7 29% 81996 2244 15%
c B 90.93  0 13 66 25954  1 741095 39928 1.5 14 9 3 7 28% 81996 2244 15%
c 
c  seconds  reductions    conflicts         size  tier2      variables
c         MB      restarts       redundant     glue  trail        remaining
c          level        rate          size/glue tier1  irredundant
c 
c - 91.12  0 13 67 26047  1 742625 28201 1.5 14 9 3 7 28% 81996 2244 15%
c u 91.17  0 13 67 26047  1 742625 28186 1.5 14 9 3 7 28% 81996 2244 15%
c v 91.18  0 13 67 26047  1 742625 28172 1.5 14 9 3 7 28% 81996 2244 15%
c w 91.19  0 13 67 26047  1 742625 28152 1.5 14 9 3 7 28% 81996 2244 15%
c } 91.39  0 13 67 26186  1 744996 29629 1.5 14 9 3 7 28% 81996 2244 15%
c [ 91.39  0 25 67 26186  1 744996 29629 1.3 23 17 6 17 31% 81996 2244 15%
c - 92.70  0 25 68 26198  1 764170 26067 1.3 22 17 6 17 30% 81996 2244 15%
c p 92.71  0 25 68 26198  1 764170 26207 1.3 22 17 6 17 30% 81996 2244 15%
c u 92.76  0 25 68 26198  1 764170 26182 1.3 22 17 6 17 30% 81996 2244 15%
c v 92.77  0 25 68 26198  1 764170 26175 1.3 22 17 6 17 30% 81996 2244 15%
c w 92.78  0 25 68 26198  1 764170 26164 1.3 22 17 6 17 30% 81996 2244 15%
c B 94.39  0 24 68 26202  1 780098 36537 1.3 22 17 6 17 29% 81996 2244 15%
c - 95.04  0 24 69 26202  1 786025 24068 1.3 22 17 6 17 29% 81996 2244 15%
c p 95.05  0 24 69 26202  1 786025 24172 1.3 22 17 6 17 29% 81996 2244 15%
c u 95.25  0 24 69 26202  1 786025 24140 1.3 22 17 6 17 29% 81996 2244 15%
c v 95.27  0 24 69 26202  1 786025 24128 1.3 22 17 6 17 29% 81996 2244 15%
c w 95.28  0 24 69 26202  1 786025 24120 1.3 22 17 6 17 29% 81996 2244 15%
c - 97.11  0 24 70 26203  1 808190 24552 1.3 21 17 6 17 28% 81996 2244 15%
c p 97.12  0 24 70 26203  1 808190 24898 1.3 21 17 6 17 28% 81996 2244 15%
c u 97.15  0 24 70 26203  1 808190 24872 1.3 21 17 6 17 28% 81996 2244 15%
c 
c  seconds  reductions    conflicts         size   tier2       variables
c         MB      restarts       redundant     glue    trail        remaining
c          level        rate          size/glue  tier1   irredundant
c 
c v 97.17  0 24 70 26203  1 808190 24848 1.3 21 17 6 17 28% 81996 2244 15%
c w 97.17  0 24 70 26203  1 808190 24787 1.3 21 17 6 17 28% 81996 2244 15%
c W 98.85  0 24 70 26203  1 820100 32974 1.3 22 17 6 17 28% 81996 2244 15%
c s 99.36  0 24 70 26203  1 821253 28450 1.3 22 17 6 17 28% 81778 2244 15%
c e 99.38  0 24 70 26203  1 821253 28242 1.3 22 17 6 17 28% 81848 2239 15%
c s 99.71  0 24 70 26203  1 821253 27697 1.3 22 17 6 17 28% 81817 2239 15%
c - 100.58  0 24 71 26204  1 830664 20088 1.3 22 17 6 17 28% 81817 2239 15%
c u 100.63  0 24 71 26204  1 830664 20055 1.3 22 17 6 17 28% 81817 2239 15%
c v 100.65  0 24 71 26204  1 830664 20046 1.3 22 17 6 17 28% 81817 2239 15%
c w 100.66  0 24 71 26204  1 830664 20044 1.3 22 17 6 17 28% 81817 2239 15%
c - 102.33  0 25 72 26204  1 853449 21319 1.3 22 17 6 17 27% 81817 2239 15%
c p 102.34  0 25 72 26204  1 853449 21571 1.3 22 17 6 17 27% 81817 2239 15%
c u 102.37  0 25 72 26204  1 853449 21553 1.3 22 17 6 17 27% 81817 2239 15%
c v 102.38  0 25 72 26204  1 853449 21544 1.3 22 17 6 17 27% 81817 2239 15%
c w 102.39  0 25 72 26204  1 853449 21538 1.3 22 17 6 17 27% 81817 2239 15%
c I 102.85  0 25 72 26204  1 861101 27163 1.3 22 17 6 17 27% 81817 2239 15%
c - 104.18  0 25 73 26204  1 876546 21130 1.3 23 18 6 17 27% 81817 2239 15%
c p 104.19  0 25 73 26204  1 876546 21365 1.3 23 18 6 17 27% 81817 2239 15%
c u 104.25  0 25 73 26204  1 876546 21316 1.3 23 18 6 17 27% 81817 2239 15%
c v 104.27  0 25 73 26204  1 876546 21298 1.3 23 18 6 17 27% 81817 2239 15%
c 
c  seconds   reductions    conflicts         size   tier2       variables
c          MB      restarts       redundant     glue    trail        remaining
c           level        rate          size/glue  tier1   irredundant
c 
c w 104.28  0 25 73 26204  1 876546 21291 1.3 23 18 6 17 27% 81817 2239 15%
c - 106.44  0 26 74 26208  1 899954 21178 1.3 23 18 6 17 26% 81817 2239 15%
c p 106.45  0 26 74 26208  1 899954 21279 1.3 23 18 6 17 26% 81817 2239 15%
c u 106.49  0 26 74 26208  1 899954 21242 1.3 23 18 6 17 26% 81817 2239 15%
c v 106.51  0 26 74 26208  1 899954 21237 1.3 23 18 6 17 26% 81817 2239 15%
c w 106.51  0 26 74 26208  1 899954 21235 1.3 23 18 6 17 26% 81817 2239 15%
c B 106.82  0 26 74 26210  1 903103 23476 1.3 23 18 6 17 26% 81817 2239 15%
c ] 108.36  0 25 74 26218  1 920563 34945 1.3 23 18 6 17 27% 81817 2239 15%
c { 108.36  0 13 74 26218  1 920563 34945 1.5 14 9 3 7 28% 81817 2239 15%
c - 108.65  0 13 75 26341  1 923672 21860 1.5 14 9 3 7 28% 81817 2239 15%
c p 108.66  0 13 75 26341  1 923672 22066 1.5 14 9 3 7 28% 81817 2239 15%
c u 108.70  0 13 75 26341  1 923672 22018 1.5 14 9 3 7 28% 81817 2239 15%
c v 108.71  0 13 75 26341  1 923672 22002 1.5 14 9 3 7 28% 81817 2239 15%
c w 108.72  0 13 75 26341  1 923672 22001 1.5 14 9 3 7 28% 81817 2239 15%
c W 111.47  0 12 75 27142  1 946105 35064 1.5 14 9 3 7 28% 81817 2239 15%
c - 111.69  0 12 76 27268  1 947699 27073 1.5 14 9 3 7 28% 81817 2239 15%
c p 111.70  0 12 76 27268  1 947699 27343 1.5 14 9 3 7 28% 81817 2239 15%
c u 111.76  0 12 76 27268  1 947699 27292 1.5 14 9 3 7 28% 81817 2239 15%
c v 111.78  0 12 76 27268  1 947699 27276 1.5 14 9 3 7 28% 81817 2239 15%
c w 111.79  0 12 76 27268  1 947699 27273 1.5 14 9 3 7 28% 81817 2239 15%
c 
c  seconds   reductions    conflicts         size  tier2      variables
c          MB      restarts       redundant     glue  trail        remaining
c           level        rate          size/glue tier1  irredundant
c 
c - 114.19  0 12 77 28638  1 972036 33183 1.5 14 9 3 7 28% 81817 2239 15%
c p 114.20  0 12 77 28638  1 972036 33438 1.5 14 9 3 7 28% 81817 2239 15%
c u 114.24  0 12 77 28638  1 972036 33402 1.5 14 9 3 7 28% 81817 2239 15%
c v 114.25  0 12 77 28638  1 972036 33387 1.5 14 9 3 7 28% 81817 2239 15%
c w 114.26  0 12 77 28638  1 972036 33358 1.5 14 9 3 7 28% 81817 2239 15%
c F 116.49  0 12 77 29702  1 990107 44480 1.5 14 9 3 7 28% 81817 2239 15%
c - 117.44  0 12 78 30026  1 996683 35051 1.5 14 9 3 7 28% 81817 2239 15%
c p 117.45  0 12 78 30026  1 996683 35097 1.5 14 9 3 7 28% 81817 2239 15%
c u 117.51  0 12 78 30026  1 996683 35062 1.5 14 9 3 7 28% 81817 2239 15%
c v 117.54  0 12 78 30026  1 996683 35049 1.5 14 9 3 7 28% 81817 2239 15%
c w 117.55  0 12 78 30026  1 996683 35047 1.5 14 9 3 7 28% 81817 2239 15%
c - 120.35  0 12 79 31483  1 1021644 35959 1.5 14 9 3 7 28% 81817 2239 15%
c p 120.36  0 12 79 31483  1 1021644 36474 1.5 14 9 3 7 28% 81817 2239 15%
c u 120.41  0 12 79 31483  1 1021644 36349 1.5 14 9 3 7 28% 81817 2239 15%
c v 120.44  0 12 79 31483  1 1021644 36334 1.5 14 9 3 7 28% 81817 2239 15%
c w 120.45  0 12 79 31483  1 1021644 36327 1.5 14 9 3 7 28% 81817 2239 15%
c B 122.21  0 12 79 32029  1 1035112 44875 1.5 14 9 3 7 28% 81817 2239 15%
c s 124.10  0 12 79 32518  1 1042623 46174 1.5 14 9 3 7 28% 81739 2239 15%
c e 124.11  0 12 79 32518  1 1042623 45798 1.5 14 9 3 7 28% 81795 2235 15%
c s 124.76  0 12 79 32518  1 1042623 45333 1.5 14 9 3 7 28% 81777 2235 15%
c 
c  seconds   reductions     conflicts         size  tier2      variables
c          MB      restarts        redundant     glue  trail        remaining
c           level        rate           size/glue tier1  irredundant
c 
c - 125.23  0 12 80 32678  1 1046913 35882 1.5 14 9 3 7 28% 81777 2235 15%
c u 125.30  0 12 80 32678  1 1046913 35722 1.5 14 9 3 7 28% 81777 2235 15%
c v 125.32  0 12 80 32678  1 1046913 35707 1.5 14 9 3 7 28% 81777 2235 15%
c w 125.34  0 12 80 32678  1 1046913 35681 1.5 14 9 3 7 28% 81777 2235 15%
c - 128.72  0 12 81 34125  1 1072494 39433 1.5 14 9 3 7 28% 81777 2235 15%
c p 128.74  0 12 81 34125  1 1072494 39979 1.5 14 9 3 7 28% 81777 2235 15%
c u 129.02  0 12 81 34125  1 1072494 39858 1.5 14 9 3 7 28% 81777 2235 15%
c v 129.06  0 12 81 34125  1 1072494 39849 1.5 14 9 3 7 28% 81777 2235 15%
c w 129.08  0 12 81 34125  1 1072494 39846 1.5 14 9 3 7 28% 81777 2235 15%
c W 130.41  0 12 81 34368  1 1081116 45300 1.5 14 9 3 7 28% 81777 2235 15%
c - 132.63  0 12 82 35145  1 1098384 39336 1.5 14 9 3 7 28% 81777 2235 15%
c u 132.71  0 12 82 35145  1 1098384 39320 1.5 14 9 3 7 28% 81777 2235 15%
c v 132.74  0 12 82 35145  1 1098384 39301 1.5 14 9 3 7 28% 81777 2235 15%
c w 132.76  0 12 82 35145  1 1098384 39297 1.5 14 9 3 7 28% 81777 2235 15%
c } 135.07  0 12 82 36048  1 1116210 50008 1.5 14 9 3 7 28% 81777 2235 15%
c [ 135.07  0 25 82 36048  1 1116210 50008 1.3 23 18 6 17 27% 81777 2235 15%
c - 135.87  0 25 83 36050  1 1124584 38940 1.3 23 18 6 17 27% 81777 2235 15%
c p 135.88  0 25 83 36050  1 1124584 39468 1.3 23 18 6 17 27% 81777 2235 15%
c u 135.94  0 25 83 36050  1 1124584 39447 1.3 23 18 6 17 27% 81777 2235 15%
c v 135.96  0 25 83 36050  1 1124584 39435 1.3 23 18 6 17 27% 81777 2235 15%
c 
c  seconds   reductions     conflicts         size   tier2       variables
c          MB      restarts        redundant     glue    trail        remaining
c           level        rate           size/glue  tier1   irredundant
c 
c w 135.98  0 25 83 36050  1 1124584 39403 1.3 23 18 6 17 27% 81777 2235 15%
c W 136.59  0 25 83 36052  1 1128118 42064 1.3 23 18 6 17 27% 81777 2235 15%
c - 139.54  0 25 84 36064  1 1151096 34682 1.3 23 18 6 17 26% 81777 2235 15%
c u 139.63  0 25 84 36064  1 1151096 34664 1.3 23 18 6 17 26% 81777 2235 15%
c v 139.65  0 25 84 36064  1 1151096 34651 1.3 23 18 6 17 26% 81777 2235 15%
c w 139.66  0 25 84 36064  1 1151096 34643 1.3 23 18 6 17 26% 81777 2235 15%
c x 139.70  0 25 84 36064  1 1151096 34642 1.3 23 18 6 17 26% 81776 2235 15%
c O 142.18  0 25 84 36067  1 1176120 52645 1.3 23 18 6 17 26% 81776 2235 15%
c - 142.50  0 25 85 36068  1 1177922 30037 1.3 23 18 6 17 26% 81776 2235 15%
c p 142.51  0 25 85 36068  1 1177922 30567 1.3 23 18 6 17 26% 81776 2235 15%
c u 142.57  0 25 85 36068  1 1177922 30542 1.3 23 18 6 17 26% 81776 2235 15%
c v 142.60  0 25 85 36068  1 1177922 30527 1.3 23 18 6 17 26% 81776 2235 15%
c w 142.61  0 25 85 36068  1 1177922 30520 1.3 23 18 6 17 26% 81776 2235 15%
c s 145.75  0 24 85 36079  1 1198426 42577 1.3 22 17 6 17 26% 81743 2235 15%
c s 146.18  0 24 85 36079  1 1198426 42021 1.3 22 17 6 17 26% 81743 2235 15%
c - 146.82  0 24 86 36080  1 1205055 29785 1.3 22 17 6 17 26% 81743 2235 15%
c u 146.90  0 24 86 36080  1 1205055 29738 1.3 22 17 6 17 26% 81743 2235 15%
c v 146.92  0 24 86 36080  1 1205055 29717 1.3 22 17 6 17 26% 81743 2235 15%
c w 146.93  0 24 86 36080  1 1205055 29711 1.3 22 17 6 17 26% 81743 2235 15%
c B 149.23  0 24 86 36091  1 1225121 43595 1.3 22 18 6 17 26% 81743 2235 15%
c 
c  seconds   reductions     conflicts         size   tier2       variables
c          MB      restarts        redundant     glue    trail        remaining
c           level        rate           size/glue  tier1   irredundant
c 
c - 150.31  0 24 87 36094  1 1232499 31443 1.3 22 17 6 17 26% 81743 2235 15%
c p 150.33  0 24 87 36094  1 1232499 31970 1.3 22 17 6 17 26% 81743 2235 15%
c u 150.40  0 24 87 36094  1 1232499 31942 1.3 22 17 6 17 26% 81743 2235 15%
c v 150.43  0 24 87 36094  1 1232499 31931 1.3 22 17 6 17 26% 81743 2235 15%
c w 150.45  0 24 87 36094  1 1232499 31931 1.3 22 17 6 17 26% 81743 2235 15%
c - 153.10  0 23 88 36097  1 1260253 30856 1.3 22 17 5 17 26% 81743 2235 15%
c u 153.19  0 23 88 36097  1 1260253 30825 1.3 22 17 5 17 26% 81743 2235 15%
c v 153.23  0 23 88 36097  1 1260253 30808 1.3 22 17 5 17 26% 81743 2235 15%
c w 153.25  0 23 88 36097  1 1260253 30801 1.3 22 17 5 17 26% 81743 2235 15%
c W 155.73  0 23 88 36097  1 1275124 40812 1.3 22 17 5 17 26% 81743 2235 15%
c - 157.04  0 23 89 36097  1 1288320 30716 1.3 22 17 5 17 26% 81743 2235 15%
c p 157.05  0 23 89 36097  1 1288320 31247 1.3 22 17 5 17 26% 81743 2235 15%
c u 157.10  0 23 89 36097  1 1288320 31215 1.3 22 17 5 17 26% 81743 2235 15%
c v 157.12  0 23 89 36097  1 1288320 31196 1.3 22 17 5 17 26% 81743 2235 15%
c w 157.14  0 23 89 36097  1 1288320 31189 1.3 22 17 5 17 26% 81743 2235 15%
c ] 159.96  0 22 89 36111  1 1314117 47751 1.3 21 17 5 17 26% 81743 2235 15%
c { 159.96  0 12 89 36111  1 1314117 47751 1.5 14 9 3 7 28% 81743 2235 15%
c - 160.38  0 12 90 36315  1 1316702 30740 1.5 14 9 3 7 28% 81743 2235 15%
c u 160.49  0 12 90 36315  1 1316702 30689 1.5 14 9 3 7 28% 81743 2235 15%
c v 160.51  0 12 90 36315  1 1316702 30669 1.5 14 9 3 7 28% 81743 2235 15%
c 
c  seconds   reductions     conflicts         size  tier2      variables
c          MB      restarts        redundant     glue  trail        remaining
c           level        rate           size/glue tier1  irredundant
c 
c w 160.53  0 12 90 36315  1 1316702 30664 1.5 14 9 3 7 28% 81743 2235 15%
c # 161.69  0 12 90 36699  1 1326126 36539 1.5 13 9 3 7 28% 81743 2235 15%
c - 163.64  0 12 91 37668  1 1345394 37296 1.5 14 9 3 7 28% 81743 2235 15%
c p 163.66  0 12 91 37668  1 1345394 37822 1.5 14 9 3 7 28% 81743 2235 15%
c u 163.76  0 12 91 37668  1 1345394 37770 1.5 14 9 3 7 28% 81743 2235 15%
c v 163.80  0 12 91 37668  1 1345394 37748 1.5 14 9 3 7 28% 81743 2235 15%
c w 163.82  0 12 91 37668  1 1345394 37741 1.5 14 9 3 7 28% 81743 2235 15%
c - 167.34  0 12 92 39312  1 1374393 43199 1.5 14 9 3 7 28% 81743 2235 15%
c u 167.41  0 12 92 39312  1 1374393 43164 1.5 14 9 3 7 28% 81743 2235 15%
c v 167.43  0 12 92 39312  1 1374393 43152 1.5 14 9 3 7 28% 81743 2235 15%
c w 167.44  0 12 92 39312  1 1374393 43146 1.5 14 9 3 7 28% 81743 2235 15%
c B 167.78  0 12 92 39483  1 1378127 45416 1.5 14 9 3 7 28% 81743 2235 15%
c - 170.91  0 12 93 40916  1 1403701 45263 1.5 14 9 3 7 28% 81743 2235 15%
c p 170.93  0 12 93 40916  1 1403701 45788 1.5 14 9 3 7 28% 81743 2235 15%
c u 171.00  0 12 93 40916  1 1403701 45741 1.5 14 9 3 7 28% 81743 2235 15%
c v 171.03  0 12 93 40916  1 1403701 45715 1.5 14 9 3 7 28% 81743 2235 15%
c w 171.05  0 12 93 40916  1 1403701 45705 1.5 14 9 3 7 28% 81743 2235 15%
c s 172.20  0 12 93 41301  1 1416962 48045 1.5 13 9 3 7 28% 81646 2235 15%
c e 172.21  0 12 93 41301  1 1416962 48024 1.5 13 9 3 7 28% 81687 2232 15%
c s 172.24  0 12 93 41301  1 1416962 48024 1.5 13 9 3 7 28% 81687 2232 15%
c 
c  seconds   reductions     conflicts         size  tier2      variables
c          MB      restarts        redundant     glue  trail        remaining
c           level        rate           size/glue tier1  irredundant
c 
c W 173.42  0 12 93 42281  1 1431128 56504 1.5 14 9 3 7 28% 81687 2232 15%
c - 173.58  0 12 94 42379  1 1433320 44834 1.5 14 9 3 7 28% 81687 2232 15%
c u 173.75  0 12 94 42379  1 1433320 44763 1.5 14 9 3 7 28% 81687 2232 15%
c v 173.77  0 12 94 42379  1 1433320 44729 1.5 14 9 3 7 28% 81687 2232 15%
c w 173.78  0 12 94 42379  1 1433320 44714 1.5 14 9 3 7 28% 81687 2232 15%
c - 175.96  0 12 95 43817  1 1463251 49192 1.5 13 9 3 7 28% 81687 2232 15%
c p 175.97  0 12 95 43817  1 1463251 49729 1.5 13 9 3 7 28% 81687 2232 15%
c u 176.00  0 12 95 43817  1 1463251 49691 1.5 13 9 3 7 28% 81687 2232 15%
c v 176.02  0 12 95 43817  1 1463251 49676 1.5 13 9 3 7 28% 81687 2232 15%
c w 176.03  0 12 95 43817  1 1463251 49669 1.5 13 9 3 7 28% 81687 2232 15%
c x 176.04  0 12 95 43817  1 1463251 49668 1.5 13 9 3 7 28% 81687 2232 15%
c F 177.54  0 12 95 44738  1 1485129 62614 1.5 13 9 3 7 27% 81687 2232 15%
c - 178.18  0 12 96 44943  1 1493495 49761 1.5 13 9 3 7 27% 81687 2232 15%
c p 178.19  0 12 96 44943  1 1493495 49810 1.5 13 9 3 7 27% 81687 2232 15%
c u 178.25  0 12 96 44943  1 1493495 49733 1.5 13 9 3 7 27% 81687 2232 15%
c v 178.27  0 12 96 44943  1 1493495 49721 1.5 13 9 3 7 27% 81687 2232 15%
c w 178.28  0 12 96 44943  1 1493495 49719 1.5 13 9 3 7 27% 81687 2232 15%
c - 180.78  0 12 97 46491  1 1524051 51121 1.5 13 9 3 7 27% 81687 2232 15%
c p 180.79  0 12 97 46491  1 1524051 51607 1.5 13 9 3 7 27% 81687 2232 15%
c u 180.85  0 12 97 46491  1 1524051 51533 1.5 13 9 3 7 27% 81687 2232 15%
c 
c  seconds   reductions     conflicts         size  tier2      variables
c          MB      restarts        redundant     glue  trail        remaining
c           level        rate           size/glue tier1  irredundant
c 
c v 180.88  0 12 97 46491  1 1524051 51513 1.5 13 9 3 7 27% 81687 2232 15%
c w 180.89  0 12 97 46491  1 1524051 51362 1.5 13 9 3 7 27% 81687 2232 15%
c } 181.76  0 12 97 47262  1 1535155 57984 1.5 13 9 3 7 27% 81687 2232 15%
c [ 181.76  0 22 97 47262  1 1535155 57984 1.3 21 17 5 17 26% 81687 2232 15%
c I 182.10  0 22 97 47263  1 1540130 61098 1.3 21 16 5 17 26% 81687 2232 15%
c - 183.20  0 23 98 47270  1 1554914 48600 1.3 21 17 5 17 25% 81687 2232 15%
c p 183.22  0 23 98 47270  1 1554914 48663 1.3 21 17 5 17 25% 81687 2232 15%
c u 183.26  0 23 98 47270  1 1554914 48506 1.3 21 17 5 17 25% 81687 2232 15%
c v 183.29  0 23 98 47270  1 1554914 48486 1.3 21 17 5 17 25% 81687 2232 15%
c w 183.30  0 23 98 47270  1 1554914 48456 1.3 21 17 5 17 25% 81687 2232 15%
c - 185.68  0 23 99 47279  1 1586088 42275 1.3 22 17 5 17 25% 81687 2232 15%
c p 185.70  0 23 99 47279  1 1586088 42739 1.3 22 17 5 17 25% 81687 2232 15%
c u 185.75  0 23 99 47279  1 1586088 42550 1.3 22 17 5 17 25% 81687 2232 15%
c v 185.78  0 23 99 47279  1 1586088 42523 1.3 22 17 5 17 25% 81687 2232 15%
c w 185.79  0 23 99 47279  1 1586088 42514 1.3 22 17 5 17 25% 81687 2232 15%
c s 186.73  0 23 99 47279  1 1593548 44553 1.3 22 17 5 17 25% 81604 2232 15%
c e 186.74  0 23 99 47279  1 1593548 44525 1.3 22 17 5 17 25% 81634 2230 15%
c s 187.13  0 23 99 47279  1 1593548 44210 1.3 22 17 5 17 25% 81626 2230 15%
c B 187.32  0 23 99 47280  1 1596131 45884 1.3 22 17 5 17 25% 81626 2230 15%
c - 188.92  0 23 100 47293  1 1617572 38320 1.3 22 17 5 17 25% 81626 2230 15%
c 
c  seconds    reductions     conflicts         size   tier2       variables
c          MB       restarts        redundant     glue    trail        remaining
c           level         rate           size/glue  tier1   irredundant
c 
c p 188.93  0 23 100 47293  1 1617572 38402 1.3 22 17 5 17 25% 81626 2230 15%
c u 188.99  0 23 100 47293  1 1617572 38285 1.3 22 17 5 17 25% 81626 2230 15%
c v 189.01  0 23 100 47293  1 1617572 38259 1.3 22 17 5 17 25% 81626 2230 15%
c w 189.02  0 23 100 47293  1 1617572 38244 1.3 22 17 5 17 25% 81626 2230 15%
c t 189.02  0 23 100 47293  1 1617572 38243 1.3 22 17 5 17 25% 81626 2230 15%
c - 191.44  0 23 101 47307  1 1649367 39272 1.3 22 17 5 17 25% 81626 2230 15%
c p 191.45  0 23 101 47307  1 1649367 39712 1.3 22 17 5 17 25% 81626 2230 15%
c u 191.51  0 23 101 47307  1 1649367 39702 1.3 22 17 5 17 25% 81626 2230 15%
c v 191.53  0 23 101 47307  1 1649367 39686 1.3 22 17 5 17 25% 81626 2230 15%
c w 191.55  0 23 101 47307  1 1649367 39674 1.3 22 17 5 17 25% 81626 2230 15%
c W 192.60  0 23 101 47308  1 1653138 42012 1.3 22 17 5 17 25% 81626 2230 15%
c - 194.83  0 22 102 47311  1 1681475 38658 1.3 22 17 5 17 26% 81626 2230 15%
c p 194.84  0 22 102 47311  1 1681475 38853 1.3 22 17 5 17 26% 81626 2230 15%
c u 194.90  0 22 102 47311  1 1681475 38837 1.3 22 17 5 17 26% 81626 2230 15%
c v 194.92  0 22 102 47311  1 1681475 38811 1.3 22 17 5 17 26% 81626 2230 15%
c w 194.94  0 22 102 47311  1 1681475 38801 1.3 22 17 5 17 26% 81626 2230 15%
c O 197.22  0 22 102 47311  1 1711140 59172 1.3 21 16 5 17 26% 81626 2230 15%
c - 197.50  0 22 103 47312  1 1713893 40219 1.3 21 16 5 17 26% 81626 2230 15%
c p 197.52  0 22 103 47312  1 1713893 40545 1.3 21 16 5 17 26% 81626 2230 15%
c u 197.56  0 22 103 47312  1 1713893 40533 1.3 21 16 5 17 26% 81626 2230 15%
c 
c  seconds    reductions     conflicts         size   tier2       variables
c          MB       restarts        redundant     glue    trail        remaining
c           level         rate           size/glue  tier1   irredundant
c 
c v 197.58  0 22 103 47312  1 1713893 40511 1.3 21 16 5 17 26% 81626 2230 15%
c w 197.59  0 22 103 47312  1 1713893 40505 1.3 21 16 5 17 26% 81626 2230 15%
c - 199.98  0 21 104 47312  1 1746622 41988 1.3 21 16 5 17 26% 81626 2230 15%
c p 199.99  0 21 104 47312  1 1746622 42181 1.3 21 16 5 17 26% 81626 2230 15%
c u 200.06  0 21 104 47312  1 1746622 42167 1.3 21 16 5 17 26% 81626 2230 15%
c v 200.08  0 21 104 47312  1 1746622 42141 1.3 21 16 5 17 26% 81626 2230 15%
c w 200.09  0 21 104 47312  1 1746622 42131 1.3 21 16 5 17 26% 81626 2230 15%
c t 200.10  0 21 104 47312  1 1746622 42130 1.3 21 16 5 17 26% 81626 2230 15%
c ] 200.85  0 22 104 47312  1 1757717 49547 1.3 21 16 5 17 26% 81626 2230 15%
c { 200.85  0 12 104 47312  1 1757717 49547 1.5 13 9 3 7 27% 81626 2230 15%
c B 201.79  0 12 104 47969  1 1770142 56642 1.5 13 9 3 7 27% 81626 2230 15%
c - 202.64  0 12 105 48474  1 1779662 44669 1.5 13 9 3 7 27% 81626 2230 15%
c p 202.65  0 12 105 48474  1 1779662 44996 1.5 13 9 3 7 27% 81626 2230 15%
c u 202.71  0 12 105 48474  1 1779662 44979 1.5 13 9 3 7 27% 81626 2230 15%
c v 202.74  0 12 105 48474  1 1779662 44927 1.5 13 9 3 7 27% 81626 2230 15%
c w 202.76  0 12 105 48474  1 1779662 44898 1.5 13 9 3 7 27% 81626 2230 15%
c s 203.35  0 12 105 48491  1 1780530 43644 1.5 13 9 3 7 27% 81591 2230 15%
c e 203.36  0 12 105 48491  1 1780530 43630 1.5 13 9 3 7 27% 81606 2229 15%
c s 203.88  0 12 105 48491  1 1780530 43402 1.5 13 9 3 7 27% 81593 2229 15%
c - 206.84  0 12 106 50418  1 1813013 49394 1.5 14 9 3 7 27% 81593 2229 15%
c 
c  seconds    reductions     conflicts         size  tier2      variables
c          MB       restarts        redundant     glue  trail        remaining
c           level         rate           size/glue tier1  irredundant
c 
c p 206.85  0 12 106 50418  1 1813013 49580 1.5 14 9 3 7 27% 81593 2229 15%
c u 206.92  0 12 106 50418  1 1813013 49561 1.5 14 9 3 7 27% 81593 2229 15%
c v 206.95  0 12 106 50418  1 1813013 49552 1.5 14 9 3 7 27% 81593 2229 15%
c w 206.97  0 12 106 50418  1 1813013 49550 1.5 14 9 3 7 27% 81593 2229 15%
c W 208.88  0 12 106 51229  1 1830144 59355 1.5 13 9 3 7 27% 81593 2229 15%
c - 210.66  0 12 107 52042  1 1846676 55871 1.5 13 9 3 7 27% 81593 2229 15%
c p 210.68  0 12 107 52042  1 1846676 56194 1.5 13 9 3 7 27% 81593 2229 15%
c u 210.74  0 12 107 52042  1 1846676 56178 1.5 13 9 3 7 27% 81593 2229 15%
c v 210.77  0 12 107 52042  1 1846676 56170 1.5 13 9 3 7 27% 81593 2229 15%
c w 210.78  0 12 107 52042  1 1846676 56166 1.5 13 9 3 7 27% 81593 2229 15%
c x 210.82  0 12 107 52042  1 1846676 56165 1.5 13 9 3 7 27% 81593 2229 15%
c - 214.13  0 12 108 53784  1 1880649 56338 1.5 13 9 3 7 27% 81593 2229 15%
c p 214.15  0 12 108 53784  1 1880649 56522 1.5 13 9 3 7 27% 81593 2229 15%
c u 214.41  0 12 108 53784  1 1880649 56488 1.5 13 9 3 7 27% 81593 2229 15%
c v 214.45  0 12 108 53784  1 1880649 56478 1.5 13 9 3 7 27% 81593 2229 15%
c w 214.46  0 12 108 53784  1 1880649 56473 1.5 13 9 3 7 27% 81593 2229 15%
c # 215.63  0 12 108 54027  1 1891146 61908 1.5 13 9 3 7 27% 81593 2229 15%
c - 218.57  0 12 109 55542  1 1914933 57400 1.5 13 9 3 7 27% 81593 2229 15%
c p 218.59  0 12 109 55542  1 1914933 57724 1.5 13 9 3 7 27% 81593 2229 15%
c u 218.67  0 12 109 55542  1 1914933 57688 1.5 13 9 3 7 27% 81593 2229 15%
c 
c  seconds    reductions     conflicts         size  tier2      variables
c          MB       restarts        redundant     glue  trail        remaining
c           level         rate           size/glue tier1  irredundant
c 
c v 218.71  0 12 109 55542  1 1914933 57675 1.5 13 9 3 7 27% 81593 2229 15%
c w 218.73  0 12 109 55542  1 1914933 57638 1.5 13 9 3 7 27% 81593 2229 15%
c - 223.63  0 11 110 57208  1 1949529 58863 1.5 13 9 3 7 27% 81593 2229 15%
c p 223.66  0 11 110 57208  1 1949529 59068 1.5 13 9 3 7 27% 81593 2229 15%
c u 223.76  0 11 110 57208  1 1949529 59034 1.5 13 9 3 7 27% 81593 2229 15%
c v 223.79  0 11 110 57208  1 1949529 59020 1.5 13 9 3 7 27% 81593 2229 15%
c w 223.81  0 11 110 57208  1 1949529 58993 1.5 13 9 3 7 27% 81593 2229 15%
c B 224.20  0 12 110 57514  1 1953147 61173 1.5 13 9 3 7 27% 81593 2229 15%
c s 228.29  0 12 110 58759  1 1977902 68480 1.5 13 9 3 7 27% 81321 2229 15%
c e 228.30  0 12 110 58759  1 1977902 68322 1.5 13 9 3 7 27% 81422 2222 15%
c s 228.56  0 12 110 58759  1 1977902 67938 1.5 13 9 3 7 27% 81422 2222 15%
c - 229.20  0 11 111 59006  1 1984437 56700 1.5 13 9 3 7 27% 81422 2222 15%
c p 229.22  0 11 111 59006  1 1984437 57004 1.5 13 9 3 7 27% 81422 2222 15%
c u 229.29  0 11 111 59006  1 1984437 56970 1.5 13 9 3 7 27% 81422 2222 15%
c v 229.33  0 11 111 59006  1 1984437 56955 1.5 13 9 3 7 27% 81422 2222 15%
c w 229.36  0 11 111 59006  1 1984437 56952 1.5 13 9 3 7 27% 81422 2222 15%
c } 232.00  0 11 111 60218  1 2006752 69806 1.5 13 9 3 7 27% 81422 2222 15%
c [ 232.00  0 22 111 60218  1 2006752 69806 1.3 21 16 5 17 26% 81422 2222 15%
c B 233.17  0 21 111 60218  1 2016148 76465 1.3 21 16 5 17 26% 81422 2222 15%
c - 233.60  0 22 112 60218  1 2019655 60757 1.3 21 16 5 17 26% 81422 2222 15%
c 
c  seconds    reductions     conflicts         size   tier2       variables
c          MB       restarts        redundant     glue    trail        remaining
c           level         rate           size/glue  tier1   irredundant
c 
c p 233.62  0 22 112 60218  1 2019655 60945 1.3 21 16 5 17 26% 81422 2222 15%
c u 233.72  0 22 112 60218  1 2019655 60901 1.3 21 16 5 17 26% 81422 2222 15%
c v 233.76  0 22 112 60218  1 2019655 60886 1.3 21 16 5 17 26% 81422 2222 15%
c w 233.79  0 22 112 60218  1 2019655 60881 1.3 21 16 5 17 26% 81422 2222 15%
c - 237.82  0 22 113 60219  1 2055186 53026 1.3 22 16 5 16 25% 81422 2222 15%
c p 237.84  0 22 113 60219  1 2055186 53350 1.3 22 16 5 16 25% 81422 2222 15%
c u 237.95  0 22 113 60219  1 2055186 53307 1.3 22 16 5 16 25% 81422 2222 15%
c v 238.01  0 22 113 60219  1 2055186 53285 1.3 22 16 5 16 25% 81422 2222 15%
c w 238.03  0 22 113 60219  1 2055186 53272 1.3 22 16 5 16 25% 81422 2222 15%
c W 241.72  0 22 113 60219  1 2080150 70147 1.3 22 17 5 16 25% 81422 2222 15%
c - 243.26  0 22 114 60219  1 2091026 46628 1.3 22 17 5 16 25% 81422 2222 15%
c p 243.29  0 22 114 60219  1 2091026 47082 1.3 22 17 5 16 25% 81422 2222 15%
c u 243.38  0 22 114 60219  1 2091026 47013 1.3 22 17 5 16 25% 81422 2222 15%
c v 243.42  0 22 114 60219  1 2091026 46990 1.3 22 17 5 16 25% 81422 2222 15%
c w 243.45  0 22 114 60219  1 2091026 46985 1.3 22 17 5 16 25% 81422 2222 15%
c - 247.24  0 21 115 60219  1 2127177 46130 1.3 21 16 4 16 25% 81422 2222 15%
c p 247.26  0 21 115 60219  1 2127177 46201 1.3 21 16 4 16 25% 81422 2222 15%
c u 247.36  0 21 115 60219  1 2127177 46135 1.3 21 16 4 16 25% 81422 2222 15%
c v 247.41  0 21 115 60219  1 2127177 46119 1.3 21 16 4 16 25% 81422 2222 15%
c w 247.43  0 21 115 60219  1 2127177 46113 1.3 21 16 4 16 25% 81422 2222 15%
c 
c  seconds    reductions     conflicts         size   tier2       variables
c          MB       restarts        redundant     glue    trail        remaining
c           level         rate           size/glue  tier1   irredundant
c 
c I 249.38  0 21 115 60219  1 2145153 57210 1.3 21 16 4 16 25% 81422 2222 15%
c - 251.21  0 21 116 60222  1 2163640 46652 1.3 21 16 4 16 25% 81422 2222 15%
c p 251.22  0 21 116 60222  1 2163640 47092 1.3 21 16 4 16 25% 81422 2222 15%
c u 251.30  0 21 116 60222  1 2163640 46955 1.3 21 16 4 16 25% 81422 2222 15%
c v 251.33  0 21 116 60222  1 2163640 46933 1.3 21 16 4 16 25% 81422 2222 15%
c w 251.35  0 21 116 60222  1 2163640 46921 1.3 21 16 4 16 25% 81422 2222 15%
c s 254.61  0 22 116 60233  1 2185724 60287 1.3 21 16 4 16 25% 81366 2222 15%
c s 255.25  0 22 116 60233  1 2185724 60079 1.3 21 16 4 16 25% 81366 2222 15%
c - 256.83  0 21 117 60239  1 2200414 46565 1.3 21 16 4 16 25% 81366 2222 15%
c p 256.85  0 21 117 60239  1 2200414 46707 1.3 21 16 4 16 25% 81366 2222 15%
c u 256.96  0 21 117 60239  1 2200414 46642 1.3 21 16 4 16 25% 81366 2222 15%
c v 257.01  0 21 117 60239  1 2200414 46620 1.3 21 16 4 16 25% 81366 2222 15%
c w 257.03  0 21 117 60239  1 2200414 46616 1.3 21 16 4 16 25% 81366 2222 15%
c B 258.17  0 21 117 60245  1 2211155 53447 1.3 21 16 4 16 24% 81366 2222 15%
c - 261.18  0 21 118 60250  1 2237498 48559 1.3 21 16 4 15 25% 81366 2222 15%
c p 261.20  0 21 118 60250  1 2237498 48945 1.3 21 16 4 15 25% 81366 2222 15%
c u 261.29  0 21 118 60250  1 2237498 48939 1.3 21 16 4 15 25% 81366 2222 15%
c v 261.33  0 21 118 60250  1 2237498 48919 1.3 21 16 4 15 25% 81366 2222 15%
c w 261.36  0 21 118 60250  1 2237498 48917 1.3 21 16 4 15 25% 81366 2222 15%
c ] 262.99  0 20 118 60256  1 2251849 58023 1.3 20 16 4 15 25% 81366 2222 15%
c 
c  seconds    reductions     conflicts         size  tier2      variables
c          MB       restarts        redundant     glue  trail        remaining
c           level         rate           size/glue tier1  irredundant
c 
c { 262.99  0 11 118 60256  1 2251849 58023 1.5 13 9 3 7 27% 81366 2222 15%
c - 265.53  0 11 119 61225  1 2274894 52249 1.5 13 9 3 7 27% 81366 2222 15%
c p 265.55  0 11 119 61225  1 2274894 52376 1.5 13 9 3 7 27% 81366 2222 15%
c u 265.67  0 11 119 61225  1 2274894 52370 1.5 13 9 3 7 27% 81366 2222 15%
c v 265.72  0 11 119 61225  1 2274894 52355 1.5 13 9 3 7 27% 81366 2222 15%
c w 265.74  0 11 119 61225  1 2274894 52349 1.5 13 9 3 7 27% 81366 2222 15%
c W 267.20  0 11 119 61431  1 2278158 54276 1.5 13 9 3 7 27% 81366 2222 15%
c - 271.18  0 11 120 63140  1 2312604 59518 1.5 13 9 3 7 27% 81366 2222 15%
c p 271.21  0 11 120 63140  1 2312604 59898 1.5 13 9 3 7 27% 81366 2222 15%
c u 271.28  0 11 120 63140  1 2312604 59877 1.5 13 9 3 7 27% 81366 2222 15%
c v 271.32  0 11 120 63140  1 2312604 59866 1.5 13 9 3 7 27% 81366 2222 15%
c w 271.34  0 11 120 63140  1 2312604 59861 1.5 13 9 3 7 27% 81366 2222 15%
c F 275.25  0 11 120 64628  1 2346159 78603 1.5 13 9 3 7 27% 81366 2222 15%
c - 275.87  0 11 121 64853  1 2350622 64196 1.5 13 9 3 7 27% 81366 2222 15%
c p 275.90  0 11 121 64853  1 2350622 64341 1.5 13 9 3 7 27% 81366 2222 15%
c u 276.01  0 11 121 64853  1 2350622 64318 1.5 13 9 3 7 27% 81366 2222 15%
c v 276.06  0 11 121 64853  1 2350622 64297 1.5 13 9 3 7 27% 81366 2222 15%
c w 276.08  0 11 121 64853  1 2350622 63068 1.5 13 9 3 7 27% 81366 2222 15%
c - 280.25  0 11 122 66376  1 2388954 66320 1.5 13 9 3 7 27% 81366 2222 15%
c p 280.27  0 11 122 66376  1 2388954 66688 1.5 13 9 3 7 27% 81366 2222 15%
c 
c  seconds    reductions     conflicts         size  tier2      variables
c          MB       restarts        redundant     glue  trail        remaining
c           level         rate           size/glue tier1  irredundant
c 
c u 280.38  0 11 122 66376  1 2388954 66658 1.5 13 9 3 7 27% 81366 2222 15%
c v 280.43  0 11 122 66376  1 2388954 66630 1.5 13 9 3 7 27% 81366 2222 15%
c w 280.45  0 11 122 66376  1 2388954 66577 1.5 13 9 3 7 27% 81366 2222 15%
c s 282.34  0 11 122 67143  1 2403894 75140 1.5 13 9 3 7 27% 81366 2222 15%
c s 282.90  0 11 122 67143  1 2403894 61724 1.5 13 9 3 7 27% 80695 2222 15%
c e 282.91  0 11 122 67143  1 2403894 61378 1.5 13 9 3 7 27% 80873 2208 15%
c B 284.03  0 11 122 67615  1 2415166 67727 1.5 13 9 3 7 27% 80873 2208 15%
c - 285.64  0 11 123 68228  1 2427594 60057 1.5 13 9 3 7 27% 80873 2208 15%
c p 285.67  0 11 123 68228  1 2427594 60281 1.5 13 9 3 7 27% 80873 2208 15%
c u 286.06  0 11 123 68228  1 2427594 60222 1.5 13 9 3 7 27% 80873 2208 15%
c v 286.11  0 11 123 68228  1 2427594 60198 1.5 13 9 3 7 27% 80873 2208 15%
c w 286.14  0 11 123 68228  1 2427594 60190 1.5 13 9 3 7 27% 80873 2208 15%
c t 286.15  0 11 123 68228  1 2427594 60189 1.5 13 9 3 7 27% 80873 2208 15%
c - 290.34  0 11 124 70264  1 2466546 67425 1.5 13 9 3 7 27% 80873 2208 15%
c p 290.36  0 11 124 70264  1 2466546 67815 1.5 13 9 3 7 27% 80873 2208 15%
c u 290.47  0 11 124 70264  1 2466546 67756 1.5 13 9 3 7 27% 80873 2208 15%
c v 290.53  0 11 124 70264  1 2466546 67732 1.5 13 9 3 7 27% 80873 2208 15%
c w 290.55  0 11 124 70264  1 2466546 67718 1.5 13 9 3 7 27% 80873 2208 15%
c W 293.57  0 11 124 71355  1 2485169 77560 1.5 13 9 3 7 26% 80873 2208 15%
c - 296.07  0 11 125 72154  1 2505809 68414 1.5 13 8 3 7 26% 80873 2208 15%
c 
c  seconds    reductions     conflicts         size  tier2      variables
c          MB       restarts        redundant     glue  trail        remaining
c           level         rate           size/glue tier1  irredundant
c 
c p 296.10  0 11 125 72154  1 2505809 68649 1.5 13 8 3 7 26% 80873 2208 15%
c u 296.17  0 11 125 72154  1 2505809 68611 1.5 13 8 3 7 26% 80873 2208 15%
c v 296.20  0 11 125 72154  1 2505809 68580 1.5 13 8 3 7 26% 80873 2208 15%
c w 296.22  0 11 125 72154  1 2505809 68389 1.5 13 8 3 7 26% 80873 2208 15%
c } 299.71  0 11 125 73827  1 2536238 85461 1.5 13 8 3 7 26% 80873 2208 15%
c [ 299.71  0 20 125 73827  1 2536238 85461 1.3 20 16 4 15 25% 80873 2208 15%
c - 300.75  0 20 126 73832  1 2545383 68944 1.3 20 15 4 15 25% 80873 2208 15%
c p 300.77  0 20 126 73832  1 2545383 69334 1.3 20 15 4 15 25% 80873 2208 15%
c u 300.85  0 20 126 73832  1 2545383 69300 1.3 20 15 4 15 25% 80873 2208 15%
c v 300.89  0 20 126 73832  1 2545383 69274 1.3 20 15 4 15 25% 80873 2208 15%
c w 300.91  0 20 126 73832  1 2545383 69193 1.3 20 15 4 15 25% 80873 2208 15%
c t 300.91  0 20 126 73832  1 2545383 69192 1.3 20 15 4 15 25% 80873 2208 15%
c W 302.23  0 20 126 73836  1 2556170 76886 1.3 21 16 4 15 25% 80873 2208 15%
c - 305.70  0 21 127 73850  1 2585268 63144 1.3 21 16 4 15 25% 80873 2208 15%
c p 305.72  0 21 127 73850  1 2585268 63527 1.3 21 16 4 15 25% 80873 2208 15%
c u 305.81  0 21 127 73850  1 2585268 63491 1.3 21 16 4 15 25% 80873 2208 15%
c v 305.85  0 21 127 73850  1 2585268 63464 1.3 21 16 4 15 25% 80873 2208 15%
c w 305.88  0 21 127 73850  1 2585268 63455 1.3 21 16 4 15 25% 80873 2208 15%
c t 305.88  0 21 127 73850  1 2585268 63454 1.3 21 16 4 15 25% 80873 2208 15%
c - 310.38  0 20 128 73853  1 2625467 56116 1.3 20 15 4 15 25% 80873 2208 15%
c 
c  seconds    reductions     conflicts         size   tier2       variables
c          MB       restarts        redundant     glue    trail        remaining
c           level         rate           size/glue  tier1   irredundant
c 
c p 310.40  0 20 128 73853  1 2625467 56645 1.3 20 15 4 15 25% 80873 2208 15%
c u 310.47  0 20 128 73853  1 2625467 56581 1.3 20 15 4 15 25% 80873 2208 15%
c v 310.51  0 20 128 73853  1 2625467 56561 1.3 20 15 4 15 25% 80873 2208 15%
c w 310.53  0 20 128 73853  1 2625467 56557 1.3 20 15 4 15 25% 80873 2208 15%
c t 310.53  0 20 128 73853  1 2625467 56556 1.3 20 15 4 15 25% 80873 2208 15%
c O 310.76  0 20 128 73853  1 2628172 58367 1.3 20 15 4 15 25% 80873 2208 15%
c s 311.24  0 20 128 73853  1 2632469 60895 1.3 20 15 4 15 25% 80863 2208 15%
c e 311.25  0 20 128 73853  1 2632469 59964 1.3 20 15 4 15 25% 80894 2206 15%
c s 311.78  0 20 128 73853  1 2632469 55264 1.3 20 15 4 15 25% 79488 2206 15%
c e 311.79  0 20 128 73853  1 2632469 54851 1.3 20 15 4 15 25% 79984 2166 15%
c - 315.70  0 19 129 73867  1 2665975 52417 1.3 20 15 4 15 25% 79984 2166 15%
c 2 315.70  0 19 129 73867  1 2665975 52416 1.3 20 15 4 15 25% 79984 2166 15%
c p 315.72  0 19 129 73867  1 2665975 52882 1.3 20 15 4 15 25% 79984 2166 15%
c u 315.80  0 19 129 73867  1 2665975 52816 1.3 20 15 4 15 25% 79984 2166 15%
c v 315.84  0 19 129 73867  1 2665975 52798 1.3 20 15 4 15 25% 79984 2166 15%
c w 315.86  0 19 129 73867  1 2665975 52797 1.3 20 15 4 15 25% 79984 2166 15%
c B 319.81  0 19 129 73882  1 2701177 75985 1.3 20 15 4 15 25% 79984 2166 15%
c - 320.32  0 19 130 73883  1 2706794 54190 1.3 20 15 4 15 25% 79984 2166 15%
c p 320.35  0 19 130 73883  1 2706794 54722 1.3 20 15 4 15 25% 79984 2165 14%
c u 320.43  0 19 130 73883  1 2706794 54592 1.3 20 15 4 15 25% 79984 2165 14%
c 
c  seconds    reductions     conflicts         size   tier2       variables
c          MB       restarts        redundant     glue    trail        remaining
c           level         rate           size/glue  tier1   irredundant
c 
c v 320.47  0 19 130 73883  1 2706794 54570 1.3 20 15 4 15 25% 79984 2165 14%
c w 320.49  0 19 130 73883  1 2706794 54569 1.3 20 15 4 15 25% 79984 2165 14%
c - 324.87  0 19 131 73897  1 2747925 53945 1.3 20 15 4 15 25% 79978 2165 14%
c p 324.89  0 19 131 73897  1 2747925 54438 1.3 20 15 4 15 25% 79978 2165 14%
c u 324.97  0 19 131 73897  1 2747925 54421 1.3 20 15 4 15 25% 79978 2165 14%
c v 325.02  0 19 131 73897  1 2747925 54403 1.3 20 15 4 15 25% 79978 2165 14%
c w 325.04  0 19 131 73897  1 2747925 54395 1.3 20 15 4 15 25% 79978 2165 14%
c W 328.54  0 19 131 73908  1 2775180 73720 1.3 20 15 4 15 25% 79978 2165 14%
c - 329.91  0 20 132 73914  1 2789367 53412 1.3 20 15 4 15 25% 79978 2165 14%
c p 329.93  0 20 132 73914  1 2789367 53893 1.3 20 15 4 15 25% 79978 2165 14%
c u 330.05  0 20 132 73914  1 2789367 53878 1.3 20 15 4 15 25% 79978 2165 14%
c v 330.12  0 20 132 73914  1 2789367 53863 1.3 20 15 4 15 25% 79978 2165 14%
c w 330.15  0 20 132 73914  1 2789367 53852 1.3 20 15 4 15 25% 79978 2165 14%
c ] 332.65  0 20 132 73916  1 2812274 69451 1.3 20 15 4 15 25% 79978 2165 14%
c { 332.65  0 11 132 73916  1 2812274 69451 1.5 13 8 3 7 26% 79978 2165 14%
c - 334.77  0 11 133 74716  1 2831120 56161 1.5 13 8 3 7 26% 79978 2165 14%
c p 334.79  0 11 133 74716  1 2831120 56632 1.5 13 8 3 7 26% 79978 2165 14%
c u 334.88  0 11 133 74716  1 2831120 56608 1.5 13 8 3 7 26% 79978 2165 14%
c v 334.92  0 11 133 74716  1 2831120 56595 1.5 13 8 3 7 26% 79978 2165 14%
c w 334.95  0 11 133 74716  1 2831120 56580 1.5 13 8 3 7 26% 79978 2165 14%
c 
c  seconds    reductions     conflicts         size  tier2      variables
c          MB       restarts        redundant     glue  trail        remaining
c           level         rate           size/glue tier1  irredundant
c 
c # 337.17  0 11 133 75687  1 2850182 66661 1.5 13 8 3 7 26% 79978 2165 14%
c s 339.71  0 10 133 76795  1 2871973 77924 1.5 13 8 3 7 26% 79973 2165 14%
c s 340.24  0 10 133 76795  1 2871973 69958 1.5 13 8 3 7 26% 79036 2165 14%
c e 340.25  0 10 133 76795  1 2871973 69692 1.5 13 8 3 7 26% 79121 2158 14%
c - 340.43  0 10 134 76916  1 2873185 56777 1.5 13 8 3 7 26% 79121 2158 14%
c p 340.46  0 10 134 76916  1 2873185 57155 1.5 13 8 3 7 26% 79121 2158 14%
c u 340.52  0 10 134 76916  1 2873185 57148 1.5 13 8 3 7 26% 79121 2158 14%
c v 340.55  0 10 134 76916  1 2873185 57123 1.5 13 8 3 7 26% 79121 2158 14%
c w 340.57  0 10 134 76916  1 2873185 57119 1.5 13 8 3 7 26% 79121 2158 14%
c - 345.47  0 11 135 79567  1 2915562 61242 1.5 13 8 3 6 26% 79121 2158 14%
c p 345.49  0 11 135 79567  1 2915562 61639 1.5 13 8 3 6 26% 79121 2158 14%
c u 345.58  0 11 135 79567  1 2915562 61620 1.5 13 8 3 6 26% 79121 2158 14%
c v 345.62  0 11 135 79567  1 2915562 61594 1.5 13 8 3 6 26% 79121 2158 14%
c w 345.62  0 11 135 79567  1 2915562 61594 1.5 13 8 3 6 26% 79121 2158 14%
c B 346.91  0 11 135 80266  1 2926187 67563 1.5 13 8 3 6 26% 79121 2158 14%
c - 350.62  0 11 136 81903  1 2958251 63736 1.5 13 8 3 6 26% 79121 2158 14%
c p 350.65  0 11 136 81903  1 2958251 63974 1.5 13 8 3 6 26% 79121 2158 14%
c u 350.74  0 11 136 81903  1 2958251 63948 1.5 13 8 3 6 26% 79121 2158 14%
c v 350.79  0 11 136 81903  1 2958251 63932 1.5 13 8 3 6 26% 79121 2158 14%
c w 350.79  0 11 136 81903  1 2958251 63932 1.5 13 8 3 6 26% 79121 2158 14%
c 
c  seconds    reductions     conflicts         size  tier2      variables
c          MB       restarts        redundant     glue  trail        remaining
c           level         rate           size/glue tier1  irredundant
c 
c - 355.92  0 11 137 84181  1 3001249 66012 1.5 13 8 3 6 25% 79121 2158 14%
c p 355.94  0 11 137 84181  1 3001249 66430 1.5 13 8 3 6 25% 79121 2158 14%
c u 356.07  0 11 137 84181  1 3001249 66401 1.5 13 8 3 6 25% 79121 2158 14%
c v 356.13  0 11 137 84181  1 3001249 66383 1.5 13 8 3 6 25% 79121 2158 14%
c w 356.13  0 11 137 84181  1 3001249 66383 1.5 13 8 3 6 25% 79121 2158 14%
c W 357.57  0 11 137 84287  1 3003189 67469 1.5 13 8 3 6 25% 79121 2158 14%
c - 362.54  0 10 138 86206  1 3044559 68354 1.5 12 8 3 6 25% 79121 2158 14%
c p 362.56  0 10 138 86206  1 3044559 68784 1.5 12 8 3 6 25% 79121 2158 14%
c u 362.66  0 10 138 86206  1 3044559 68761 1.5 12 8 3 6 25% 79121 2158 14%
c v 362.71  0 10 138 86206  1 3044559 68728 1.5 12 8 3 6 25% 79121 2158 14%
c t 362.71  0 10 138 86206  1 3044559 68727 1.5 12 8 3 6 25% 79121 2158 14%
c F 366.96  0 10 138 88121  1 3081190 88184 1.5 12 8 3 6 25% 79121 2158 14%
c - 367.74  0 10 139 88710  1 3088180 70361 1.5 13 8 3 6 25% 79121 2158 14%
c p 367.77  0 10 139 88710  1 3088180 70800 1.5 13 8 3 6 25% 79121 2158 14%
c u 368.17  0 10 139 88710  1 3088180 70780 1.5 13 8 3 6 25% 79121 2158 14%
c v 368.21  0 10 139 88710  1 3088180 70750 1.5 13 8 3 6 25% 79121 2158 14%
c s 372.44  0 10 139 90618  1 3121398 88270 1.5 12 8 3 6 25% 79121 2158 14%
c s 372.98  0 10 139 90618  1 3121398 77225 1.5 12 8 3 6 25% 77776 2158 14%
c e 372.99  0 10 139 90618  1 3121398 76874 1.5 12 8 3 6 25% 77974 2143 14%
c - 374.27  0 10 140 91152  1 3132114 65149 1.5 12 8 3 6 25% 77974 2143 14%
c 
c  seconds    reductions     conflicts         size  tier2      variables
c          MB       restarts        redundant     glue  trail        remaining
c           level         rate           size/glue tier1  irredundant
c 
c 2 374.27  0 10 140 91152  1 3132114 65148 1.5 12 8 3 6 25% 77974 2143 14%
c p 374.31  0 10 140 91152  1 3132114 65575 1.5 12 8 3 6 25% 77974 2143 14%
c u 374.44  0 10 140 91152  1 3132114 65522 1.5 12 8 3 6 25% 77974 2143 14%
c v 374.51  0 10 140 91152  1 3132114 65489 1.5 12 8 3 6 25% 77974 2143 14%
c w 374.51  0 10 140 91152  1 3132114 65489 1.5 12 8 3 6 25% 77974 2143 14%
c t 374.51  0 10 140 91152  1 3132114 65488 1.5 12 8 3 6 25% 77974 2143 14%
c } 374.79  0 10 140 91425  1 3134213 66698 1.5 12 8 3 6 25% 77974 2143 14%
c [ 374.79  0 20 140 91425  1 3134213 66698 1.3 20 15 4 15 25% 77974 2143 14%
c I 377.87  0 19 140 91425  1 3160193 81750 1.3 20 15 3 13 25% 77974 2143 14%
c - 380.19  0 19 141 91426  1 3176358 65641 1.3 20 15 3 13 24% 77974 2143 14%
c p 380.22  0 19 141 91426  1 3176358 66082 1.3 20 15 3 13 24% 77974 2143 14%
c u 380.35  0 19 141 91426  1 3176358 65974 1.3 20 15 3 13 24% 77974 2143 14%
c v 380.42  0 19 141 91426  1 3176358 65945 1.3 20 15 3 13 24% 77974 2143 14%
c w 380.43  0 19 141 91426  1 3176358 65945 1.3 20 15 3 13 24% 77974 2143 14%
c - 385.70  0 19 142 91426  1 3220913 60347 1.3 20 15 3 12 24% 77974 2143 14%
c p 385.73  0 19 142 91426  1 3220913 60784 1.3 20 15 3 12 24% 77974 2143 14%
c u 385.87  0 19 142 91426  1 3220913 60693 1.3 20 15 3 12 24% 77974 2143 14%
c v 385.93  0 19 142 91426  1 3220913 60653 1.3 20 15 3 12 24% 77974 2143 14%
c w 385.93  0 19 142 91426  1 3220913 60653 1.3 20 15 3 12 24% 77974 2143 14%
c B 388.16  0 19 142 91432  1 3240196 73168 1.3 20 15 3 12 24% 77974 2143 14%
c 
c  seconds    reductions     conflicts         size   tier2       variables
c          MB       restarts        redundant     glue    trail        remaining
c           level         rate           size/glue  tier1   irredundant
c 
c - 391.35  0 19 143 91441  1 3265780 58787 1.3 20 15 3 12 24% 77974 2143 14%
c p 391.38  0 19 143 91441  1 3265780 59222 1.3 20 15 3 12 24% 77974 2143 14%
c u 391.52  0 19 143 91441  1 3265780 59203 1.3 20 15 3 12 24% 77974 2143 14%
c v 391.58  0 19 143 91441  1 3265780 59180 1.3 20 15 3 12 24% 77974 2143 14%
c w 391.58  0 19 143 91441  1 3265780 59180 1.3 20 15 3 12 24% 77974 2143 14%
c i 396.81  0 18 143 91457  1 3308254 84467 1.3 19 14 3 12 24% 77974 2142 14%
c - 397.14  0 18 144 91457  1 3310958 51443 1.3 19 14 3 12 24% 73203 2142 14%
c 2 397.14  0 18 144 91457  1 3310958 51441 1.3 19 14 3 12 24% 73203 2142 14%
c p 397.17  0 18 144 91457  1 3310958 51984 1.3 19 14 3 12 24% 73203 2141 14%
c u 397.26  0 18 144 91457  1 3310958 51962 1.3 19 14 3 12 24% 73203 2141 14%
c v 397.31  0 18 144 91457  1 3310958 51926 1.3 19 14 3 12 24% 73203 2141 14%
c w 397.31  0 18 144 91457  1 3310958 51926 1.3 19 14 3 12 24% 73203 2141 14%
c W 400.14  0 18 144 91462  1 3321197 58884 1.3 19 14 3 12 24% 73196 2141 14%
c - 403.90  0 18 145 91478  1 3356448 55451 1.3 19 14 3 12 24% 73196 2141 14%
c p 403.92  0 18 145 91478  1 3356448 55910 1.3 19 14 3 12 24% 73196 2141 14%
c u 404.04  0 18 145 91478  1 3356448 55874 1.3 19 14 3 12 24% 73196 2141 14%
c v 404.09  0 18 145 91478  1 3356448 55845 1.3 19 14 3 12 24% 73196 2141 14%
c w 404.13  0 18 145 91478  1 3356448 55844 1.3 19 14 3 12 24% 73196 2141 14%
c s 406.91  0 18 145 91487  1 3380664 71329 1.4 19 14 3 12 24% 73196 2141 14%
c e 406.93  0 18 145 91487  1 3380664 70399 1.4 19 14 3 12 24% 74290 2039 14%
c 
c  seconds    reductions     conflicts         size   tier2       variables
c          MB       restarts        redundant     glue    trail        remaining
c           level         rate           size/glue  tier1   irredundant
c 
c s 407.45  0 18 145 91487  1 3380664 67844 1.4 19 14 3 12 24% 73245 2039 14%
c e 407.46  0 18 145 91487  1 3380664 67668 1.4 19 14 3 12 24% 73269 2037 14%
c - 410.12  0 17 146 91489  1 3402250 55708 1.4 19 14 3 12 24% 73269 2037 14%
c p 410.15  0 17 146 91489  1 3402250 56122 1.4 19 14 3 12 24% 73269 2037 14%
c u 410.28  0 17 146 91489  1 3402250 56106 1.4 19 14 3 12 24% 73269 2037 14%
c v 410.35  0 17 146 91489  1 3402250 56091 1.4 19 14 3 12 24% 73269 2037 14%
c w 410.39  0 17 146 91489  1 3402250 56089 1.4 19 14 3 12 24% 73269 2037 14%
c O 410.51  0 17 146 91489  1 3403198 56776 1.4 19 14 3 12 24% 73269 2037 14%
c i 412.24  0 17 146 91489  1 3420201 66936 1.4 18 13 3 12 24% 73269 2036 14%
c ] 414.52  0 16 146 91494  1 3437286 77576 1.4 18 13 3 12 24% 73269 2036 14%
c { 414.52  0 10 146 91494  1 3437286 77576 1.5 12 8 3 6 25% 73269 2036 14%
c i 415.24  0 10 146 91658  1 3442755 80303 1.5 12 8 3 6 25% 73269 2035 14%
c - 415.88  0 10 147 91837  1 3448363 51150 1.5 12 8 3 6 25% 64284 2035 14%
c p 415.91  0 10 147 91837  1 3448363 51662 1.5 12 8 3 6 25% 64284 2032 14%
c u 416.00  0 10 147 91837  1 3448363 51602 1.5 12 8 3 6 25% 64284 2032 14%
c v 416.05  0 10 147 91837  1 3448363 51578 1.5 12 8 3 6 25% 64284 2032 14%
c t 416.05  0 10 147 91837  1 3448363 51577 1.5 12 8 3 6 25% 64284 2032 14%
c i 416.29  0 10 147 91858  1 3451000 52824 1.5 12 8 3 6 25% 64284 2031 14%
c i 417.06  0 10 147 92098  1 3458868 56695 1.5 12 8 3 6 25% 64284 2030 14%
c i 417.61  0 10 147 92177  1 3463642 58970 1.5 12 8 3 6 25% 64284 2026 14%
c 
c  seconds    reductions     conflicts         size  tier2      variables
c          MB       restarts        redundant     glue  trail        remaining
c           level         rate           size/glue tier1  irredundant
c 
c i 418.09  0 10 147 92284  1 3467681 61188 1.5 12 8 3 6 25% 64284 2023 14%
c i 418.66  0 10 147 92371  1 3472420 63251 1.5 12 8 3 6 25% 64284 1972 13%
c i 418.93  0 10 147 92376  1 3474936 33738 1.5 12 8 3 6 23% 43676 1971 13%
c i 419.13  0 10 147 92387  1 3477210 34830 1.5 12 8 3 6 22% 43676 1970 13%
c i 419.29  0 10 147 92391  1 3479054 35913 1.5 12 8 3 6 23% 43676 1967 13%
c i 419.40  0 10 147 92391  1 3480153 36466 1.5 12 8 3 6 23% 43676 1965 13%
c i 419.56  0 10 147 92445  1 3482132 37648 1.5 12 8 3 6 23% 43676 1964 13%
c i 419.76  0 10 147 92461  1 3484510 38962 1.5 12 8 3 6 23% 43676 1917 13%
c i 419.77  0 10 147 92461  1 3484627 39012 1.5 12 8 3 6 23% 43676 1857 12%
c i 419.78  0 10 147 92461  1 3484668 39029 1.5 12 8 3 6 23% 43676 1782 12%
c i 419.78  0 10 147 92461  1 3484675 39031 1.5 12 8 3 6 23% 43676 1781 12%
c i 419.78  0 10 147 92461  1 3484697 39047 1.5 12 8 3 6 23% 43676 1777 12%
c i 419.78  0 10 147 92461  1 3484712 39057 1.5 12 8 3 6 23% 43676 1712 11%
c i 419.80  0 10 147 92461  1 3484713 8337 1.5 12 8 3 6 14% 14515 1711 11%
c } 419.80  0 10 147 92461  1 3484717 8338 1.5 12 8 3 6  9% 14515 1475 10%
c 0 419.80  0 10 147 92461  1 3484717 8338 1.5 12 8 3 6  9% 14515 1475 10%
c 
c --- [ closing proof ] ------------------------------------------------------
c 
c LRAT proof file 'runs/n4_k12_nosym.lrat' closed
c LRAT 3736241 added clauses 48.69%
c LRAT 3937108 deleted clauses 51.31%
c LRAT 1101580156 bytes (1050.55 MB)
c 
c --- [ result ] -------------------------------------------------------------
c 
s UNSATISFIABLE
c 
c --- [ run-time profiling ] -------------------------------------------------
c 
c process time taken by individual solving procedures
c (percentage relative to process time for solving)
c 
c       384.13   91.53% search
c       192.98   45.98% unstable
c       176.72   42.11% stable
c        35.55    8.47% simplify
c        17.21    4.10% subsume
c        14.38    3.43% walk
c        13.00    3.10% vivify
c         1.71    0.41% sweep
c         1.36    0.32% probe
c         0.52    0.12% elim
c         0.33    0.08% ternary
c         0.30    0.07% congruence
c         0.12    0.03% parse
c         0.09    0.02% backbone
c         0.04    0.01% lucky
c   =================================
c       419.68   99.97% solve
c 
c last line shows process time for solving
c (percentage relative to total process time)
c 
c --- [ statistics ] ---------------------------------------------------------
c 
c chronological:            552469        15.85 %  of conflicts
c conflicts:               3484717      8303.21    per second
c backbone:                1730417     11588.65 %  of vars
c decisions:               4340822     10343.10    per second
c eliminated:                12813        85.81 %  of all variables
c fixed:                       644         4.31 %  of all variables
c learned:                 3415984        98.03 %  per conflict
c learned_lits:           93101963       100.00 %  learned literals
c minimized:                     0         0.00 %  learned literals
c shrunken:               28851154        30.99 %  learned literals
c minishrunken:            6153586         6.61 %  learned literals
c otfs:                      12668         0.36 %  of conflict
c propagations:          480321913         1.14 M  per second
c reduced:                 1934522        55.51 %  per conflict
c rephased:                     82     42496.55    interval
c restarts:                  92461        37.69    interval
c stabilizing:                  12        49.73 %  of conflicts
c subsumed:                1488025        39.57 %  of all clauses
c strengthened:             150391         4.00 %  of all clauses
c ticks:               12613427813        27.52    propagation
c vivified:                   9707         0.26 %  of all clauses
c walked:                       26    134027.58    interval
c weakened:                  63285         2.88    average size
c 
c seconds are measured in process time for solving
c 
c --- [ glue usage ] ---------------------------------------------------------
c 
c focused glue 3 used 861651 clauses 12.66% accumulated 61.10% tier1
c focused glue 4 used 433491 clauses 6.371% accumulated 67.47%
c focused glue 5 used 381668 clauses 5.609% accumulated 73.08%
c focused glue 6 used 410309 clauses 6.030% accumulated 79.11% tier2
c 
c stable glue 3 used 863329 clauses 10.38% accumulated 52.98% tier1
c stable glue 4 used 392121 clauses 4.717% accumulated 57.70%
c stable glue 5-10 used 1547237 clauses 18.61% accumulated 76.31%
c stable glue 11 used 211114 clauses 2.539% accumulated 78.85%
c stable glue 12 used 201447 clauses 2.423% accumulated 81.28% tier2
c 
c 
c --- [ resources ] ----------------------------------------------------------
c 
c total process time since initialization:       419.81    seconds
c total real time since initialization:         1894.02    seconds
c maximum resident set size of process:          109.77    MB
c 
c --- [ shutting down ] ------------------------------------------------------
c 
c exit 20
