c --- [ banner ] -------------------------------------------------------------
c 
c CaDiCaL SAT Solver
c Copyright (c) 2016-2026
c A. Biere, M. Fleury, N. Froleyks, K. Fazekas, F. Pollitt, T. Faller
c JKU Linz, University of Freiburg, TU Wien
c 
c Version 3.0.1
c Apple clang version 21.0.0 (clang-2100.0.123.102) -Wall -Wextra -O3 -DNDEBUG -DNCLOSEFROM
c Sun Jul 19 15:40:55 UTC 2026 Darwin Tahoe-arm64.local 25.4.0 arm64
c 
c --- [ limit ] --------------------------------------------------------------
c 
c setting time limit to 7200 seconds real time (due to '-t 7200')
c 
c --- [ proof tracing ] ------------------------------------------------------
c 
c opening file to write 'runs/n5_k15_sym.lrat'
c writing non-binary proof trace to 'runs/n5_k15_sym.lrat'
c 
c --- [ parsing input ] ------------------------------------------------------
c 
c reading DIMACS file from 'runs/n5_k15_sym.cnf'
c opening file to read 'runs/n5_k15_sym.cnf'
c found 'p cnf 235822 2811771' header
c parsed 2811771 clauses in 1.00 seconds process time
c 
c --- [ options ] ------------------------------------------------------------
c 
c   --binary=false                 (different from default 'true')
c   --lrat=true                    (different from default 'false')
c 
c --- [ solving ] ------------------------------------------------------------
c 
c time measured in process time since initialization
c 
c  seconds  reduction conflicts       size tier2         variables
c         MB    restarts   redundant    glue  trail            remaining
c          level     rate       size/glu tier1   irredundant
c 
c *  1.00  0  0 0   0  0    0    0 0.0 0 0 2 6  0% 2811770 235821 100%
c )  1.27  0  0 0   0  0    0    0 0.0 1 0 2 6  1% 2811770 235813 100%
c {  1.44  0  0 0   0  0    0    0 0.0 1 0 2 6  1% 2811770 235813 100%
c i  1.44  0  0 0   0  0    0    0 0.0 1 0 2 6  1% 2811770 235813 100%
c -  1.98  0 519 1  13 21  300  150 1.7 13 8 2 6 11% 2724570 235813 100%
c }  3.29  0 156 1  78  9 1001  763 1.6 14 9 2 6 13% 2724570 235813 100%
c [  3.29  0  0 1  78  0 1001  763 0.0 0 0 2 6  0% 2724570 235813 100%
c O  3.30  0  1 1  78  2 1002  764 2.0 2 1 2 6  7% 2724570 235813 100%
c i  3.30  0  1 1  78  1 1006  766 2.0 2 1 2 6  8% 2724570 235805 100%
c i  3.39  0  5 1  78  1 1079  811 1.5 5 3 2 6  9% 2724570 235797 100%
c -  4.22  0 22 2  78  2 1361  586 1.9 17 9 2 6 15% 2553705 235797 100%
c ]  5.33  0 28 2  79  2 2150 1287 1.7 18 10 2 6 16% 2553705 235797 100%
c {  5.33  0 156 2  79  9 2150 1287 1.6 14 9 2 6 13% 2553705 235797 100%
c O  6.72  0 95 2 143  6 3003 2029 1.6 15 9 2 6 14% 2553705 235797 100%
c -  8.12  0 77 3 171  5 3583 1331 1.6 15 9 2 6 14% 2553705 235797 100%
c d  9.24  0 65 3 218  5 4158 1765 1.6 15 9 2 6 14% 2553697 235791 100%
c # 13.07  0 47 3 260  4 6004 3150 1.7 14 8 6 9 14% 2553827 235791 100%
c } 13.47  0 46 3 282  4 6279 3399 1.7 14 8 5 9 14% 2553827 235791 100%
c [ 13.47  0 28 3 282  2 6279 3399 1.7 18 10 2 6 16% 2553827 235791 100%
c s 15.02  0 27 3 282  2 7153 4087 1.7 19 11 8 14 15% 2481847 235791 100%
c 
c  seconds  reduction conflicts       size   tier2          variables
c         MB    restarts   redundant     glue    trail            remaining
c          level     rate       size/glue  tier1    irredundant
c 
c t 15.23  0 27 3 282  2 7153 4087 1.7 19 11 8 14 15% 2481843 235791 100%
c e 16.45  0 27 3 282  2 7153  812 1.7 19 11 8 14 15% 2387090 80465 34%
c s 16.77  0 27 3 282  2 7153  812 1.7 19 11 8 14 15% 2305000 80465 34%
c - 17.63  0 28 4 282  2 7184  724 1.7 19 11 8 14 18% 2305000 80465 34%
c I 19.89  0 26 4 284  2 10006 2869 1.6 23 14 10 18 20% 2305000 80465 34%
c - 21.65  0 30 5 286  2 12191 2412 1.5 25 16 10 18 18% 2305000 80465 34%
c ] 23.52  0 28 5 287  2 14415 3928 1.5 24 16 9 20 17% 2305049 80465 34%
c { 23.52  0 46 5 287  4 14415 3928 1.7 14 8 5 9 41% 2305049 80465 34%
c B 24.12  0 43 5 381  4 15009 4378 1.7 14 9 5 9 38% 2305049 80465 34%
c - 27.83  0 33 6 884  4 18716 4883 1.7 16 9 5 9 30% 2305049 80465 34%
c W 31.41  0 30 6 1082  3 21010 6691 1.8 17 9 5 9 28% 2305049 80465 34%
c s 36.49  0 27 6 1548  3 26515 10859 1.8 17 10 6 10 24% 2133678 80465 34%
c s 37.32  0 27 6 1548  3 26515 10859 1.8 17 10 6 10 24% 2021760 80465 34%
c - 37.99  0 26 7 1577  3 26799 9038 1.8 18 10 6 10 24% 2021760 80465 34%
c k 38.07  0 26 7 1577  3 26799 9038 1.8 18 10 6 10 24% 2021760 80464 34%
c F 39.23  0 26 7 1612  3 28013 9944 1.8 17 10 6 10 24% 2021760 80464 34%
c } 40.22  0 25 7 1674  3 29605 11168 1.8 17 10 6 10 23% 2021760 80464 34%
c [ 40.22  0 28 7 1674  2 29605 11168 1.5 24 16 9 20 17% 2021760 80464 34%
c B 43.81  0 35 7 1677  1 36014 15950 1.5 26 18 9 20 17% 2021760 80464 34%
c - 44.31  0 35 8 1677  1 36234 11376 1.5 26 18 9 20 17% 2021758 80464 34%
c 
c  seconds  reductions  conflicts        size   tier2          variables
c         MB    restarts      redundant     glue    trail           remaining
c          level      rate         size/glue  tier1    irredundant
c 
c k 44.69  0 35 8 1677  1 36234 11376 1.5 26 18 9 20 17% 2021758 80463 34%
c u 45.04  0 35 8 1677  1 36234 11289 1.5 26 18 9 20 17% 2021758 80463 34%
c v 45.21  0 35 8 1677  1 36234 11276 1.5 26 18 9 20 17% 2021758 80463 34%
c w 45.28  0 35 8 1677  1 36234 11270 1.5 26 18 9 20 17% 2021758 80463 34%
c x 45.54  0 35 8 1677  1 36234 11270 1.5 26 18 9 20 17% 2021740 80463 34%
c W 52.05  0 35 8 1681  1 45018 17585 1.5 29 20 9 22 18% 2021738 80463 34%
c - 53.65  0 35 9 1682  1 47207 11783 1.5 29 20 9 22 18% 2021738 80463 34%
c ] 57.31  0 35 9 1682  1 51864 14763 1.4 30 20 9 22 18% 2021738 80463 34%
c { 57.31  0 25 9 1682  3 51864 14763 1.8 17 10 6 10 23% 2021738 80463 34%
c s 59.65  0 24 9 1918  3 54422 16608 1.8 18 10 6 10 23% 2005382 80463 34%
c s 60.44  0 24 9 1918  3 54422 16608 1.8 18 10 6 10 23% 1988752 80463 34%
c B 61.15  0 24 9 1967  3 55019 17077 1.8 18 10 6 10 22% 1988752 80463 34%
c - 64.79  0 23 10 2354  3 59729 14384 1.8 18 10 6 10 22% 1988752 80463 34%
c W 70.23  0 22 10 2758  3 66026 18776 1.8 18 10 6 10 21% 1988752 80463 34%
c - 76.10  0 21 11 3101  2 73773 20147 1.8 18 10 6 11 20% 1988752 80463 34%
c p 76.23  0 21 11 3101  2 73773 20149 1.8 18 10 6 11 20% 1988752 80463 34%
c # 79.22  0 21 11 3364  2 78029 23369 1.8 18 10 6 11 20% 1988752 80463 34%
c } 83.97  0 20 11 3660  2 84609 28448 1.8 18 10 6 11 20% 1988752 80463 34%
c [ 83.97  0 35 11 3660  1 84609 28448 1.4 30 20 9 22 18% 1988752 80463 34%
c - 87.61  0 32 12 3663  1 89381 26503 1.5 28 19 9 22 18% 1988752 80463 34%
c 
c  seconds  reductions   conflicts        size   tier2          variables
c         MB     restarts      redundant     glue    trail           remaining
c          level       rate         size/glue  tier1    irredundant
c 
c p 87.69  0 32 12 3663  1 89381 28133 1.5 28 19 9 22 18% 1988752 80460 34%
c k 88.09  0 32 12 3663  1 89381 28133 1.5 28 19 9 22 18% 1988787 80458 34%
c u 88.82  0 32 12 3663  1 89381 27853 1.5 28 19 9 22 18% 1988787 80458 34%
c v 89.17  0 32 12 3663  1 89381 27824 1.5 28 19 9 22 18% 1988787 80458 34%
c w 89.34  0 32 12 3663  1 89381 27815 1.5 28 19 9 22 18% 1988787 80458 34%
c O 90.81  0 31 12 3664  1 91032 29024 1.5 28 19 9 22 18% 1988787 80458 34%
c s 91.52  0 31 12 3664  1 91443 29252 1.5 27 18 9 22 18% 1968546 80458 34%
c e 91.74  0 31 12 3664  1 91443 29135 1.5 27 18 9 22 18% 1968528 80457 34%
c s 92.16  0 31 12 3664  1 91443 29134 1.5 27 18 9 22 18% 1939742 80457 34%
c B 101.58  0 31 12 3672  1 105036 39871 1.5 27 18 9 22 18% 1939742 80457 34%
c - 102.90  0 31 13 3673  1 106562 29532 1.5 27 18 9 22 18% 1939742 80457 34%
c p 102.99  0 31 13 3673  1 106562 36656 1.5 27 18 9 22 18% 1939742 80455 34%
c k 103.05  0 31 13 3673  1 106562 36656 1.5 27 18 9 22 18% 1939742 80453 34%
c W 114.45  0 29 13 3676  1 120037 46605 1.6 27 17 9 22 19% 1939726 80453 34%
c ] 114.82  0 29 13 3676  1 120436 46939 1.6 27 17 9 22 19% 1939726 80453 34%
c { 114.82  0 20 13 3676  2 120436 46939 1.8 18 10 6 11 20% 1939726 80453 34%
c - 118.73  0 20 14 4060  2 125230 32922 1.8 18 10 6 11 20% 1939726 80453 34%
c p 118.81  0 20 14 4060  2 125230 43441 1.8 18 10 6 11 20% 1939726 80453 34%
c B 127.08  0 19 14 4398  2 136040 51351 1.8 18 10 6 11 19% 1939726 80453 34%
c s 128.81  0 19 14 4460  2 137363 52271 1.8 18 10 6 10 19% 1916244 80453 34%
c 
c  seconds   reductions   conflicts         size   tier2          variables
c          MB     restarts       redundant     glue    trail           remaining
c           level       rate          size/glue  tier1    irredundant
c 
c s 129.58  0 19 14 4460  2 137363 52271 1.8 18 10 6 10 19% 1897087 80453 34%
c - 135.97  0 19 15 5031  2 145469 38681 1.8 18 10 6 10 19% 1897087 80453 34%
c p 136.11  0 19 15 5031  2 145469 52818 1.8 18 10 6 10 19% 1897087 80453 34%
c u 136.66  0 19 15 5031  2 145469 52721 1.8 18 10 6 10 19% 1897087 80453 34%
c v 136.91  0 19 15 5031  2 145469 52702 1.8 18 10 6 10 19% 1897087 80453 34%
c w 137.04  0 19 15 5031  2 145469 52700 1.8 18 10 6 10 19% 1897087 80453 34%
c x 137.43  0 19 15 5031  2 145469 52700 1.8 18 10 6 10 19% 1897020 80453 34%
c W 143.68  0 19 15 5453  2 153043 58007 1.8 18 10 6 10 19% 1897020 80453 34%
c - 154.42  0 19 16 6327  2 167194 45027 1.8 19 10 6 10 19% 1897020 80453 34%
c p 154.59  0 19 16 6327  2 167194 49513 1.8 19 10 6 10 19% 1897020 80438 34%
c i 155.10  0 19 16 6349  2 167520 49755 1.8 19 10 6 10 19% 1897020 80437 34%
c F 157.65  0 19 16 6619  2 171044 52130 1.8 19 10 6 10 19% 1897020 80437 34%
c } 158.32  0 19 16 6650  2 172033 52867 1.8 19 10 6 10 19% 1897020 80437 34%
c [ 158.32  0 29 16 6650  1 172033 52867 1.6 27 17 9 22 19% 1897020 80437 34%
c I 168.63  0 32 16 6652  1 190045 65719 1.5 29 19 9 22 19% 1897020 80437 34%
c - 169.17  0 32 17 6653  1 190482 46178 1.5 29 19 9 22 19% 1896979 80437 34%
c p 169.26  0 32 17 6653  1 190482 46295 1.5 29 19 9 22 19% 1896979 80433 34%
c u 170.10  0 32 17 6653  1 190482 46153 1.5 29 19 9 22 19% 1896978 80433 34%
c v 170.38  0 32 17 6653  1 190482 46133 1.5 29 19 9 22 19% 1896978 80433 34%
c w 170.51  0 32 17 6653  1 190482 46130 1.5 29 19 9 22 19% 1896978 80433 34%
c 
c  seconds   reductions   conflicts         size   tier2          variables
c          MB     restarts       redundant     glue    trail           remaining
c           level       rate          size/glue  tier1    irredundant
c 
c s 171.81  0 33 17 6653  1 192077 47308 1.5 29 20 9 22 19% 1892650 80433 34%
c e 172.08  0 33 17 6653  1 192077 46668 1.5 29 20 9 22 19% 1892642 80428 34%
c s 172.54  0 33 17 6653  1 192077 46637 1.5 29 20 9 22 19% 1888739 80428 34%
c e 172.70  0 33 17 6653  1 192077 46337 1.5 29 20 9 22 19% 1888711 80421 34%
c B 182.80  0 37 17 6664  1 210049 59192 1.4 32 23 7 20 18% 1888711 80421 34%
c - 186.54  0 38 18 6665  1 215337 43433 1.4 32 23 7 20 18% 1888711 80421 34%
c 2 186.55  0 38 18 6665  1 215337 43433 1.4 32 23 7 20 18% 1888646 80421 34%
c p 186.63  0 38 18 6665  1 215337 44897 1.4 32 23 7 20 18% 1888646 80419 34%
c W 198.61  0 41 18 6672  1 231051 55867 1.4 34 25 7 20 18% 1888635 80419 34%
c ] 202.86  0 40 18 6676  1 237891 60548 1.3 34 25 7 20 19% 1888635 80419 34%
c { 202.86  0 19 18 6676  2 237891 60548 1.8 19 10 6 10 19% 1888635 80419 34%
c - 206.34  0 19 19 6851  2 241742 44231 1.8 19 10 6 10 19% 1888635 80419 34%
c p 206.44  0 19 19 6851  2 241742 53468 1.8 19 10 6 10 19% 1888635 80419 34%
c u 207.08  0 19 19 6851  2 241742 53301 1.8 19 10 6 10 19% 1888635 80419 34%
c v 207.37  0 19 19 6851  2 241742 53266 1.8 19 10 6 10 19% 1888635 80419 34%
c w 207.51  0 19 19 6851  2 241742 53253 1.8 19 10 6 10 19% 1888635 80419 34%
c B 215.61  0 19 19 7373  2 253052 61228 1.8 19 10 6 10 19% 1888635 80419 34%
c s 218.53  0 19 19 7589  2 255832 63135 1.8 19 10 6 10 19% 1886621 80419 34%
c s 219.23  0 19 19 7589  2 255832 63135 1.8 19 10 6 10 19% 1885995 80419 34%
c - 230.81  0 18 20 8303  2 269718 46144 1.8 19 10 5 10 19% 1885995 80419 34%
c 
c  seconds   reductions   conflicts         size   tier2          variables
c          MB     restarts       redundant     glue    trail           remaining
c           level       rate          size/glue  tier1    irredundant
c 
c p 231.00  0 18 20 8303  2 269718 65307 1.8 19 10 5 10 19% 1885995 80419 34%
c W 237.19  0 18 20 8732  2 276054 69737 1.8 19 10 5 10 19% 1885995 80419 34%
c - 254.22  0 18 21 10133  2 299265 55271 1.8 19 10 5 10 18% 1885995 80419 34%
c p 254.37  0 18 21 10133  2 299265 59931 1.8 19 10 5 10 18% 1885995 80407 34%
c u 255.02  0 18 21 10133  2 299265 59661 1.8 19 10 5 10 18% 1885995 80407 34%
c v 255.27  0 18 21 10133  2 299265 59633 1.8 19 10 5 10 18% 1885995 80407 34%
c w 255.38  0 18 21 10133  2 299265 59623 1.8 19 10 5 10 18% 1885995 80407 34%
c x 255.73  0 18 21 10133  2 299265 59623 1.8 19 10 5 10 18% 1885934 80407 34%
c # 256.47  0 18 21 10176  2 300057 60201 1.8 19 10 5 10 18% 1885934 80407 34%
c } 266.29  0 18 21 10876  2 313498 69916 1.8 19 10 5 10 18% 1885934 80407 34%
c [ 266.29  0 40 21 10876  1 313498 69916 1.3 34 25 7 20 19% 1885934 80407 34%
c O 273.50  0 40 21 10880  1 325065 78481 1.4 34 25 7 20 19% 1885934 80407 34%
c s 276.23  0 39 21 10880  1 328664 80736 1.4 33 25 7 20 19% 1885236 80407 34%
c e 276.70  0 39 21 10880  1 328664 79488 1.4 33 25 7 20 19% 1885203 80400 34%
c s 277.24  0 39 21 10880  1 328664 79488 1.4 33 25 7 20 19% 1884339 80400 34%
c - 279.19  0 39 22 10881  1 330385 56776 1.4 33 24 7 20 19% 1884339 80400 34%
c p 279.26  0 39 22 10881  1 330385 56983 1.4 33 24 7 20 19% 1884339 80399 34%
c B 291.90  0 38 22 10882  1 351069 71984 1.4 33 24 7 22 19% 1884339 80399 34%
c - 299.75  0 41 23 10882  1 363076 53701 1.4 35 26 7 22 19% 1884337 80399 34%
c p 299.98  0 41 23 10882  1 363076 54288 1.4 35 26 7 22 19% 1884337 80399 34%
c 
c  seconds   reductions    conflicts         size   tier2          variables
c          MB      restarts       redundant     glue    trail           remaining
c           level        rate          size/glue  tier1    irredundant
c 
c u 301.20  0 41 23 10882  1 363076 53838 1.4 35 26 7 22 19% 1884337 80399 34%
c v 301.65  0 41 23 10882  1 363076 53791 1.4 35 26 7 22 19% 1884337 80399 34%
c w 301.85  0 41 23 10882  1 363076 53770 1.4 35 26 7 22 19% 1884337 80399 34%
c W 313.60  0 42 23 10882  1 378070 65753 1.3 36 27 7 22 19% 1884337 80399 34%
c - 326.34  0 42 24 10893  1 397346 50411 1.3 35 26 7 22 19% 1884337 80399 34%
c p 326.46  0 42 24 10893  1 397346 52618 1.3 35 26 7 22 19% 1884337 80398 34%
c I 333.63  0 41 24 10897  1 406072 58899 1.3 35 26 7 23 19% 1884331 80398 34%
c ] 334.10  0 41 24 10897  1 406728 59504 1.3 35 26 7 23 19% 1884331 80398 34%
c { 334.10  0 18 24 10897  2 406728 59504 1.8 19 10 5 10 18% 1884331 80398 34%
c i 335.24  0 18 24 11004  2 408306 60640 1.8 19 10 5 10 18% 1884331 80397 34%
c s 337.67  0 18 24 11168  2 410579 62293 1.8 19 10 5 10 18% 1883231 80397 34%
c t 337.88  0 18 24 11168  2 410579 62293 1.8 19 10 5 10 18% 1883195 80397 34%
c e 338.05  0 18 24 11168  2 410579 61969 1.8 19 10 5 10 18% 1883190 80396 34%
c s 338.55  0 18 24 11168  2 410579 61969 1.8 19 10 5 10 18% 1882136 80396 34%
c - 356.01  0 18 25 12132  2 433199 57435 1.8 19 10 5 10 18% 1882136 80396 34%
c p 356.17  0 18 25 12132  2 433199 75058 1.8 19 10 5 10 18% 1882136 80391 34%
c u 356.86  0 18 25 12132  2 433199 74940 1.8 19 10 5 10 18% 1882136 80391 34%
c v 357.16  0 18 25 12132  2 433199 74897 1.8 19 10 5 10 18% 1882136 80391 34%
c w 357.30  0 18 25 12132  2 433199 74893 1.8 19 10 5 10 18% 1882136 80391 34%
c x 357.73  0 18 25 12132  2 433199 74893 1.8 19 10 5 10 18% 1882081 80391 34%
c 
c  seconds   reductions    conflicts         size   tier2          variables
c          MB      restarts       redundant     glue    trail           remaining
c           level        rate          size/glue  tier1    irredundant
c 
c t 357.90  0 18 25 12132  2 433199 74893 1.8 19 10 5 10 18% 1882036 80391 34%
c B 359.21  0 18 25 12165  2 435073 76255 1.8 19 10 5 10 18% 1882036 80391 34%
c W 384.89  0 18 25 13691  2 465074 97517 1.8 19 10 5 10 18% 1882011 80391 34%
c - 389.28  0 18 26 14050  2 470627 71578 1.8 19 11 5 10 18% 1882011 80391 34%
c p 389.51  0 18 26 14050  2 470627 80002 1.8 19 11 5 10 18% 1882011 80390 34%
c F 409.42  0 18 26 15165  2 496075 98776 1.8 19 10 5 10 18% 1882011 80390 34%
c s 414.07  0 18 26 15492  2 501564 101938 1.8 19 11 5 10 18% 1867909 80390 34%
c e 414.63  0 18 26 15492  2 501564 101204 1.8 19 11 5 10 18% 1867167 79641 34%
c s 415.08  0 18 26 15492  2 501564 100724 1.8 19 11 5 10 18% 1867158 79641 34%
c e 415.32  0 18 26 15492  2 501564 99935 1.8 19 11 5 10 18% 1867157 79640 34%
c - 422.12  0 18 27 15928  2 509637 79823 1.8 19 11 5 10 18% 1867157 79640 34%
c p 422.29  0 18 27 15928  2 509637 81563 1.8 19 11 5 10 18% 1867157 79640 34%
c u 422.94  0 18 27 15928  2 509637 81363 1.8 19 11 5 10 18% 1867157 79640 34%
c v 423.26  0 18 27 15928  2 509637 81320 1.8 19 11 5 10 18% 1867157 79640 34%
c w 423.41  0 18 27 15928  2 509637 81308 1.8 19 11 5 10 18% 1867157 79640 34%
c x 423.94  0 18 27 15928  2 509637 81308 1.8 19 11 5 10 18% 1867118 79640 34%
c } 424.54  0 18 27 15931  2 510286 81782 1.8 19 11 5 10 18% 1867118 79640 34%
c [ 424.54  0 41 27 15931  1 510286 81782 1.3 35 26 7 23 19% 1867118 79640 34%
c B 435.42  0 40 27 15938  1 528076 94417 1.3 34 25 7 23 19% 1867118 79640 34%
c - 451.88  0 40 28 15946  1 550173 77345 1.4 34 25 7 23 19% 1867118 79640 34%
c 
c  seconds   reductions    conflicts         size   tier2          variables
c          MB      restarts       redundant     glue    trail           remaining
c           level        rate          size/glue  tier1    irredundant
c 
c p 452.16  0 40 28 15946  1 550173 85733 1.4 34 25 7 23 19% 1867118 79633 34%
c ] 453.75  0 40 28 15947  1 551731 86936 1.4 34 25 7 23 19% 1867118 79633 34%
c ? 453.75  0 40 28 15947  1 551731 86936 1.4 34 25 7 23 19% 1867118 79633 34%
c 
c --- [ closing proof ] ------------------------------------------------------
c 
c LRAT proof file 'runs/n5_k15_sym.lrat' closed
c LRAT 1169906 added clauses 36.59%
c LRAT 2027537 deleted clauses 63.41%
c LRAT 531126480 bytes (506.52 MB)
c 
c --- [ result ] -------------------------------------------------------------
c 
c UNKNOWN
c 
c --- [ run-time profiling ] -------------------------------------------------
c 
c process time taken by individual solving procedures
c (percentage relative to process time for solving)
c 
c       413.58   91.35% search
c       223.24   49.31% unstable
c       176.09   38.89% stable
c        39.17    8.65% simplify
c        13.81    3.05% walk
c        11.15    2.46% vivify
c         9.30    2.05% subsume
c         4.34    0.96% elim
c         3.81    0.84% sweep
c         2.18    0.48% congruence
c         1.35    0.30% probe
c         1.00    0.22% parse
c         0.48    0.11% ternary
c         0.47    0.10% backbone
c         0.44    0.10% lucky
c   =================================
c       452.75   99.78% solve
c 
c last line shows process time for solving
c (percentage relative to total process time)
c 
c --- [ statistics ] ---------------------------------------------------------
c 
c chronological:            131261        23.79 %  of conflicts
c conflicts:                551731      1218.62    per second
c backbone:                6786897      2877.97 %  of vars
c decisions:                942464      2081.63    per second
c eliminated:               156097        66.19 %  of all variables
c fixed:                        86         0.04 %  of all variables
c learned:                  539291        97.75 %  per conflict
c learned_lits:           26193424       100.00 %  learned literals
c minimized:                     0         0.00 %  learned literals
c shrunken:                8546328        32.63 %  learned literals
c minishrunken:            3613782        13.80 %  learned literals
c otfs:                        712         0.13 %  of conflict
c propagations:         1429788591         3.16 M  per second
c reduced:                  317291        57.51 %  per conflict
c rephased:                     32     17241.59    interval
c restarts:                  15947        34.60    interval
c stabilizing:                   7        48.52 %  of conflicts
c substituted:                   6         0.00 %  of all variables
c subsumed:                 728244        18.37 %  of all clauses
c strengthened:              17558         0.44 %  of all clauses
c ticks:               11567598167         9.02    propagation
c vivified:                   1353         0.03 %  of all clauses
c walked:                        9     61303.44    interval
c weakened:                 595025         2.74    average size
c 
c seconds are measured in process time for solving
c 
c --- [ glue usage ] ---------------------------------------------------------
c 
c focused glue 5 used 41615 clauses 6.089% accumulated 56.77% tier1
c focused glue 6 used 41046 clauses 6.006% accumulated 62.77%
c focused glue 7-8 used 82688 clauses 12.09% accumulated 74.87%
c focused glue 9 used 36722 clauses 5.373% accumulated 80.25%
c focused glue 10 used 29655 clauses 4.339% accumulated 84.59% tier2
c 
c stable glue 7 used 50091 clauses 5.250% accumulated 51.93% tier1
c stable glue 8 used 44437 clauses 4.658% accumulated 56.58%
c stable glue 9-21 used 252091 clauses 26.42% accumulated 83.01%
c stable glue 22 used 9442 clauses 0.989% accumulated 84.00%
c stable glue 23 used 9286 clauses 0.973% accumulated 84.97% tier2
c 
c 
c --- [ resources ] ----------------------------------------------------------
c 
c total process time since initialization:       453.76    seconds
c total real time since initialization:         2203.22    seconds
c maximum resident set size of process:          734.61    MB
c 
c --- [ shutting down ] ------------------------------------------------------
c 
c exit 0
c raising signal 15 (SIGTERM)
